Archive member included to satisfy reference by file (symbol)

c:/siliconlabs/simplicitystudio/v5/developer/toolchains/gnu_arm/12.2.rel1_2023.7/bin/../lib/gcc/arm-none-eabi/12.2.1/thumb/v7e-m+fp/softfp\libgcc.a(_arm_addsubdf3.o)
                              ./wiseconnect3_sdk_3.3.1/components/device/silabs/si91x/mcu/drivers/peripheral_drivers/src/clock_update.o (__aeabi_dadd)
c:/siliconlabs/simplicitystudio/v5/developer/toolchains/gnu_arm/12.2.rel1_2023.7/bin/../lib/gcc/arm-none-eabi/12.2.1/thumb/v7e-m+fp/softfp\libgcc.a(_arm_muldivdf3.o)
                              ./wiseconnect3_sdk_3.3.1/components/device/silabs/si91x/mcu/drivers/peripheral_drivers/src/clock_update.o (__aeabi_ddiv)
c:/siliconlabs/simplicitystudio/v5/developer/toolchains/gnu_arm/12.2.rel1_2023.7/bin/../lib/gcc/arm-none-eabi/12.2.1/thumb/v7e-m+fp/softfp\libgcc.a(_arm_fixunsdfsi.o)
                              ./wiseconnect3_sdk_3.3.1/components/device/silabs/si91x/mcu/drivers/peripheral_drivers/src/clock_update.o (__aeabi_d2uiz)
c:/siliconlabs/simplicitystudio/v5/developer/toolchains/gnu_arm/12.2.rel1_2023.7/bin/../lib/gcc/arm-none-eabi/12.2.1/thumb/v7e-m+fp/softfp\libc_nano.a(libc_a-assert.o)
                              ./wiseconnect3_sdk_3.3.1/components/device/silabs/si91x/wireless/src/sl_si91x_driver.o (__assert_func)
c:/siliconlabs/simplicitystudio/v5/developer/toolchains/gnu_arm/12.2.rel1_2023.7/bin/../lib/gcc/arm-none-eabi/12.2.1/thumb/v7e-m+fp/softfp\libc_nano.a(libc_a-exit.o)
                              c:/siliconlabs/simplicitystudio/v5/developer/toolchains/gnu_arm/12.2.rel1_2023.7/bin/../lib/gcc/arm-none-eabi/12.2.1/thumb/v7e-m+fp/softfp/crt0.o (exit)
c:/siliconlabs/simplicitystudio/v5/developer/toolchains/gnu_arm/12.2.rel1_2023.7/bin/../lib/gcc/arm-none-eabi/12.2.1/thumb/v7e-m+fp/softfp\libc_nano.a(libc_a-malloc.o)
                              ./demo.o (malloc)
c:/siliconlabs/simplicitystudio/v5/developer/toolchains/gnu_arm/12.2.rel1_2023.7/bin/../lib/gcc/arm-none-eabi/12.2.1/thumb/v7e-m+fp/softfp\libc_nano.a(libc_a-mallocr.o)
                              c:/siliconlabs/simplicitystudio/v5/developer/toolchains/gnu_arm/12.2.rel1_2023.7/bin/../lib/gcc/arm-none-eabi/12.2.1/thumb/v7e-m+fp/softfp\libc_nano.a(libc_a-malloc.o) (_malloc_r)
c:/siliconlabs/simplicitystudio/v5/developer/toolchains/gnu_arm/12.2.rel1_2023.7/bin/../lib/gcc/arm-none-eabi/12.2.1/thumb/v7e-m+fp/softfp\libc_nano.a(libc_a-mlock.o)
                              c:/siliconlabs/simplicitystudio/v5/developer/toolchains/gnu_arm/12.2.rel1_2023.7/bin/../lib/gcc/arm-none-eabi/12.2.1/thumb/v7e-m+fp/softfp\libc_nano.a(libc_a-mallocr.o) (__malloc_lock)
c:/siliconlabs/simplicitystudio/v5/developer/toolchains/gnu_arm/12.2.rel1_2023.7/bin/../lib/gcc/arm-none-eabi/12.2.1/thumb/v7e-m+fp/softfp\libc_nano.a(libc_a-strtoul.o)
                              ./wiseconnect3_sdk_3.3.1/components/common/src/sl_utility.o (strtoul)
c:/siliconlabs/simplicitystudio/v5/developer/toolchains/gnu_arm/12.2.rel1_2023.7/bin/../lib/gcc/arm-none-eabi/12.2.1/thumb/v7e-m+fp/softfp\libc_nano.a(libc_a-ctype_.o)
                              ./simplicity_sdk_2024.6.1/platform/common/src/sl_string.o (_ctype_)
c:/siliconlabs/simplicitystudio/v5/developer/toolchains/gnu_arm/12.2.rel1_2023.7/bin/../lib/gcc/arm-none-eabi/12.2.1/thumb/v7e-m+fp/softfp\libc_nano.a(libc_a-nano-vfprintf_float.o)
                              (_printf_float)
c:/siliconlabs/simplicitystudio/v5/developer/toolchains/gnu_arm/12.2.rel1_2023.7/bin/../lib/gcc/arm-none-eabi/12.2.1/thumb/v7e-m+fp/softfp\libc_nano.a(libc_a-nano-vfprintf_i.o)
                              c:/siliconlabs/simplicitystudio/v5/developer/toolchains/gnu_arm/12.2.rel1_2023.7/bin/../lib/gcc/arm-none-eabi/12.2.1/thumb/v7e-m+fp/softfp\libc_nano.a(libc_a-nano-vfprintf_float.o) (_printf_common)
c:/siliconlabs/simplicitystudio/v5/developer/toolchains/gnu_arm/12.2.rel1_2023.7/bin/../lib/gcc/arm-none-eabi/12.2.1/thumb/v7e-m+fp/softfp\libc_nano.a(libc_a-findfp.o)
                              c:/siliconlabs/simplicitystudio/v5/developer/toolchains/gnu_arm/12.2.rel1_2023.7/bin/../lib/gcc/arm-none-eabi/12.2.1/thumb/v7e-m+fp/softfp\libc_nano.a(libc_a-exit.o) (__stdio_exit_handler)
c:/siliconlabs/simplicitystudio/v5/developer/toolchains/gnu_arm/12.2.rel1_2023.7/bin/../lib/gcc/arm-none-eabi/12.2.1/thumb/v7e-m+fp/softfp\libc_nano.a(libc_a-fprintf.o)
                              c:/siliconlabs/simplicitystudio/v5/developer/toolchains/gnu_arm/12.2.rel1_2023.7/bin/../lib/gcc/arm-none-eabi/12.2.1/thumb/v7e-m+fp/softfp\libc_nano.a(libc_a-assert.o) (fiprintf)
c:/siliconlabs/simplicitystudio/v5/developer/toolchains/gnu_arm/12.2.rel1_2023.7/bin/../lib/gcc/arm-none-eabi/12.2.1/thumb/v7e-m+fp/softfp\libc_nano.a(libc_a-fwalk.o)
                              c:/siliconlabs/simplicitystudio/v5/developer/toolchains/gnu_arm/12.2.rel1_2023.7/bin/../lib/gcc/arm-none-eabi/12.2.1/thumb/v7e-m+fp/softfp\libc_nano.a(libc_a-findfp.o) (_fwalk_sglue)
[...]
Memory Configuration

Name             Origin             Length             Attributes
rom              0x08202000         0x001fe000         xr
ram              0x00000400         0x0002f800         xrw
udma0            0x0002fc00         0x00000400         xrw
udma1            0x24061c00         0x00000400         xrw
*default*        0x00000000         0xffffffff

Linker script and memory map

LOAD c:/siliconlabs/simplicitystudio/v5/developer/toolchains/gnu_arm/12.2.rel1_2023.7/bin/../lib/gcc/arm-none-eabi/12.2.1/thumb/v7e-m+fp/softfp/crti.o
LOAD c:/siliconlabs/simplicitystudio/v5/developer/toolchains/gnu_arm/12.2.rel1_2023.7/bin/../lib/gcc/arm-none-eabi/12.2.1/thumb/v7e-m+fp/softfp/crtbegin.o
LOAD c:/siliconlabs/simplicitystudio/v5/developer/toolchains/gnu_arm/12.2.rel1_2023.7/bin/../lib/gcc/arm-none-eabi/12.2.1/thumb/v7e-m+fp/softfp/crt0.o
START GROUP
LOAD ./autogen/sl_event_handler.o
LOAD ./bsd_socket_commands.o
LOAD ./demo.o
LOAD ./iot_socket_commands.o
LOAD ./main.o
LOAD ./network_commands.o
LOAD ./wifi_commands.o
LOAD ./console_commands/src/console_argument_types.o
LOAD ./console_commands/src/console_command_database.o
LOAD ./console_commands/src/console_variable_database.o
LOAD ./simplicity_sdk_2024.6.1/platform/CMSIS/RTOS2/Source/os_systick.o
LOAD ./simplicity_sdk_2024.6.1/platform/common/src/sl_assert.o
LOAD ./simplicity_sdk_2024.6.1/platform/common/src/sl_core_cortexm.o
LOAD ./simplicity_sdk_2024.6.1/platform/common/src/sl_slist.o
LOAD ./simplicity_sdk_2024.6.1/platform/common/src/sl_string.o
LOAD ./simplicity_sdk_2024.6.1/platform/common/src/sli_cmsis_os2_ext_task_register.o
LOAD ./simplicity_sdk_2024.6.1/platform/emlib/src/em_core.o
LOAD ./simplicity_sdk_2024.6.1/platform/service/system/src/sl_system_init.o
LOAD ./simplicity_sdk_2024.6.1/platform/service/system/src/sl_system_kernel.o
LOAD ./simplicity_sdk_2024.6.1/util/third_party/freertos/cmsis/Source/cmsis_os2.o
LOAD ./simplicity_sdk_2024.6.1/util/third_party/freertos/kernel/croutine.o
LOAD ./simplicity_sdk_2024.6.1/util/third_party/freertos/kernel/event_groups.o
LOAD ./simplicity_sdk_2024.6.1/util/third_party/freertos/kernel/list.o
LOAD ./simplicity_sdk_2024.6.1/util/third_party/freertos/kernel/queue.o
LOAD ./simplicity_sdk_2024.6.1/util/third_party/freertos/kernel/stream_buffer.o
LOAD ./simplicity_sdk_2024.6.1/util/third_party/freertos/kernel/tasks.o
LOAD ./simplicity_sdk_2024.6.1/util/third_party/freertos/kernel/timers.o
LOAD ./simplicity_sdk_2024.6.1/util/third_party/freertos/kernel/portable/GCC/ARM_CM4F/port.o
LOAD ./simplicity_sdk_2024.6.1/util/third_party/freertos/kernel/portable/MemMang/heap_4.o
LOAD ./wiseconnect3_sdk_3.3.1/components/board/silabs/src/rsi_board.o
LOAD ./wiseconnect3_sdk_3.3.1/components/common/src/sl_utility.o
LOAD ./wiseconnect3_sdk_3.3.1/components/console/console.o
LOAD ./wiseconnect3_sdk_3.3.1/components/console/console_minimal_uart_plugin.o
LOAD ./wiseconnect3_sdk_3.3.1/components/console/variables/console_variables.o
LOAD ./wiseconnect3_sdk_3.3.1/components/device/silabs/si91x/mcu/core/chip/src/iPMU_prog/iPMU_dotc/ipmu_apis.o
LOAD ./wiseconnect3_sdk_3.3.1/components/device/silabs/si91x/mcu/core/chip/src/iPMU_prog/iPMU_dotc/rsi_system_config_917.o
LOAD ./wiseconnect3_sdk_3.3.1/components/device/silabs/si91x/mcu/core/chip/src/rsi_deepsleep_soc.o
LOAD ./wiseconnect3_sdk_3.3.1/components/device/silabs/si91x/mcu/core/chip/src/rsi_ps_ram_func.o
LOAD ./wiseconnect3_sdk_3.3.1/components/device/silabs/si91x/mcu/core/chip/src/startup_si91x.o
LOAD ./wiseconnect3_sdk_3.3.1/components/device/silabs/si91x/mcu/core/chip/src/system_si91x.o
LOAD ./wiseconnect3_sdk_3.3.1/components/device/silabs/si91x/mcu/core/common/src/rsi_debug.o
LOAD ./wiseconnect3_sdk_3.3.1/components/device/silabs/si91x/mcu/core/common/src/sl_si91x_stack_object_declare.o
LOAD ./wiseconnect3_sdk_3.3.1/components/device/silabs/si91x/mcu/core/common/src/syscalls.o
LOAD ./wiseconnect3_sdk_3.3.1/components/device/silabs/si91x/mcu/core/config/src/rsi_nvic_priorities_config.o
LOAD ./wiseconnect3_sdk_3.3.1/components/device/silabs/si91x/mcu/drivers/cmsis_driver/UDMA.o
LOAD ./wiseconnect3_sdk_3.3.1/components/device/silabs/si91x/mcu/drivers/cmsis_driver/USART.o
LOAD ./wiseconnect3_sdk_3.3.1/components/device/silabs/si91x/mcu/drivers/peripheral_drivers/src/clock_update.o
LOAD ./wiseconnect3_sdk_3.3.1/components/device/silabs/si91x/mcu/drivers/peripheral_drivers/src/rsi_crc.o
LOAD ./wiseconnect3_sdk_3.3.1/components/device/silabs/si91x/mcu/drivers/peripheral_drivers/src/rsi_egpio.o
LOAD ./wiseconnect3_sdk_3.3.1/components/device/silabs/si91x/mcu/drivers/peripheral_drivers/src/rsi_udma.o
LOAD ./wiseconnect3_sdk_3.3.1/components/device/silabs/si91x/mcu/drivers/peripheral_drivers/src/rsi_udma_wrapper.o
LOAD ./wiseconnect3_sdk_3.3.1/components/device/silabs/si91x/mcu/drivers/peripheral_drivers/src/rsi_usart.o
LOAD ./wiseconnect3_sdk_3.3.1/components/device/silabs/si91x/mcu/drivers/systemlevel/src/rsi_ipmu.o
LOAD ./wiseconnect3_sdk_3.3.1/components/device/silabs/si91x/mcu/drivers/systemlevel/src/rsi_pll.o
LOAD ./wiseconnect3_sdk_3.3.1/components/device/silabs/si91x/mcu/drivers/systemlevel/src/rsi_temp_sensor.o
LOAD ./wiseconnect3_sdk_3.3.1/components/device/silabs/si91x/mcu/drivers/systemlevel/src/rsi_ulpss_clk.o
LOAD ./wiseconnect3_sdk_3.3.1/components/device/silabs/si91x/wireless/ahb_interface/src/rsi_hal_mcu_m4_ram.o
LOAD ./wiseconnect3_sdk_3.3.1/components/device/silabs/si91x/wireless/ahb_interface/src/rsi_hal_mcu_m4_rom.o
LOAD ./wiseconnect3_sdk_3.3.1/components/device/silabs/si91x/wireless/ahb_interface/src/sl_platform.o
LOAD ./wiseconnect3_sdk_3.3.1/components/device/silabs/si91x/wireless/ahb_interface/src/sl_platform_wireless.o
LOAD ./wiseconnect3_sdk_3.3.1/components/device/silabs/si91x/wireless/ahb_interface/src/sl_si91x_bus.o
LOAD ./wiseconnect3_sdk_3.3.1/components/device/silabs/si91x/wireless/ahb_interface/src/sl_si91x_timer.o
LOAD ./wiseconnect3_sdk_3.3.1/components/device/silabs/si91x/wireless/ahb_interface/src/sli_siwx917_soc.o
LOAD ./wiseconnect3_sdk_3.3.1/components/device/silabs/si91x/wireless/errno/src/sl_si91x_errno.o
LOAD ./wiseconnect3_sdk_3.3.1/components/device/silabs/si91x/wireless/firmware_upgrade/firmware_upgradation.o
LOAD ./wiseconnect3_sdk_3.3.1/components/device/silabs/si91x/wireless/host_mcu/si91x/siwx917_soc_ncp_host.o
LOAD ./wiseconnect3_sdk_3.3.1/components/device/silabs/si91x/wireless/icmp/sl_net_ping.o
LOAD ./wiseconnect3_sdk_3.3.1/components/device/silabs/si91x/wireless/memory/malloc_buffers.o
LOAD ./wiseconnect3_sdk_3.3.1/components/device/silabs/si91x/wireless/sl_net/src/sl_net_rsi_utility.o
LOAD ./wiseconnect3_sdk_3.3.1/components/device/silabs/si91x/wireless/sl_net/src/sl_net_si91x_integration_handler.o
LOAD ./wiseconnect3_sdk_3.3.1/components/device/silabs/si91x/wireless/sl_net/src/sl_si91x_net_credentials.o
LOAD ./wiseconnect3_sdk_3.3.1/components/device/silabs/si91x/wireless/sl_net/src/sl_si91x_net_internal_stack.o
LOAD ./wiseconnect3_sdk_3.3.1/components/device/silabs/si91x/wireless/socket/src/sl_si91x_socket_utility.o
LOAD ./wiseconnect3_sdk_3.3.1/components/device/silabs/si91x/wireless/src/sl_rsi_utility.o
LOAD ./wiseconnect3_sdk_3.3.1/components/device/silabs/si91x/wireless/src/sl_si91x_callback_framework.o
LOAD ./wiseconnect3_sdk_3.3.1/components/device/silabs/si91x/wireless/src/sl_si91x_driver.o
LOAD ./wiseconnect3_sdk_3.3.1/components/device/silabs/si91x/wireless/threading/sli_si91x_multithreaded.o
LOAD ./wiseconnect3_sdk_3.3.1/components/protocol/wifi/si91x/sl_wifi.o
LOAD ./wiseconnect3_sdk_3.3.1/components/protocol/wifi/src/sl_wifi_callback_framework.o
LOAD ./wiseconnect3_sdk_3.3.1/components/service/bsd_socket/si91x_socket/sl_si91x_bsd_socket.o
LOAD ./wiseconnect3_sdk_3.3.1/components/service/network_manager/si91x/sl_net_si91x.o
LOAD ./wiseconnect3_sdk_3.3.1/components/service/network_manager/src/sl_net.o
LOAD ./wiseconnect3_sdk_3.3.1/components/service/network_manager/src/sl_net_basic_certificate_store.o
LOAD ./wiseconnect3_sdk_3.3.1/components/service/network_manager/src/sl_net_basic_credentials.o
LOAD ./wiseconnect3_sdk_3.3.1/components/service/network_manager/src/sl_net_basic_profiles.o
LOAD ./wiseconnect3_sdk_3.3.1/third_party/iot_socket/source/bsd_socket/iot_socket.o
LOAD c:/siliconlabs/simplicitystudio/v5/developer/toolchains/gnu_arm/12.2.rel1_2023.7/bin/../lib/gcc/arm-none-eabi/12.2.1/thumb/v7e-m+fp/softfp\libgcc.a
LOAD c:/siliconlabs/simplicitystudio/v5/developer/toolchains/gnu_arm/12.2.rel1_2023.7/bin/../lib/gcc/arm-none-eabi/12.2.1/thumb/v7e-m+fp/softfp\libnosys.a
LOAD c:/siliconlabs/simplicitystudio/v5/developer/toolchains/gnu_arm/12.2.rel1_2023.7/bin/../lib/gcc/arm-none-eabi/12.2.1/thumb/v7e-m+fp/softfp\libc_nano.a
LOAD c:/siliconlabs/simplicitystudio/v5/developer/toolchains/gnu_arm/12.2.rel1_2023.7/bin/../lib/gcc/arm-none-eabi/12.2.1/thumb/v7e-m+fp/softfp\libm.a
END GROUP
START GROUP
LOAD c:/siliconlabs/simplicitystudio/v5/developer/toolchains/gnu_arm/12.2.rel1_2023.7/bin/../lib/gcc/arm-none-eabi/12.2.1/thumb/v7e-m+fp/softfp\libgcc.a
LOAD c:/siliconlabs/simplicitystudio/v5/developer/toolchains/gnu_arm/12.2.rel1_2023.7/bin/../lib/gcc/arm-none-eabi/12.2.1/thumb/v7e-m+fp/softfp\libc_nano.a
LOAD c:/siliconlabs/simplicitystudio/v5/developer/toolchains/gnu_arm/12.2.rel1_2023.7/bin/../lib/gcc/arm-none-eabi/12.2.1/thumb/v7e-m+fp/softfp\libnosys.a
END GROUP
START GROUP
LOAD c:/siliconlabs/simplicitystudio/v5/developer/toolchains/gnu_arm/12.2.rel1_2023.7/bin/../lib/gcc/arm-none-eabi/12.2.1/thumb/v7e-m+fp/softfp\libgcc.a
LOAD c:/siliconlabs/simplicitystudio/v5/developer/toolchains/gnu_arm/12.2.rel1_2023.7/bin/../lib/gcc/arm-none-eabi/12.2.1/thumb/v7e-m+fp/softfp\libg_nano.a
LOAD c:/siliconlabs/simplicitystudio/v5/developer/toolchains/gnu_arm/12.2.rel1_2023.7/bin/../lib/gcc/arm-none-eabi/12.2.1/thumb/v7e-m+fp/softfp\libc_nano.a
END GROUP
START GROUP
LOAD c:/siliconlabs/simplicitystudio/v5/developer/toolchains/gnu_arm/12.2.rel1_2023.7/bin/../lib/gcc/arm-none-eabi/12.2.1/thumb/v7e-m+fp/softfp\libgcc.a
LOAD c:/siliconlabs/simplicitystudio/v5/developer/toolchains/gnu_arm/12.2.rel1_2023.7/bin/../lib/gcc/arm-none-eabi/12.2.1/thumb/v7e-m+fp/softfp\libc_nano.a
END GROUP
LOAD c:/siliconlabs/simplicitystudio/v5/developer/toolchains/gnu_arm/12.2.rel1_2023.7/bin/../lib/gcc/arm-none-eabi/12.2.1/thumb/v7e-m+fp/softfp/crtend.o
LOAD c:/siliconlabs/simplicitystudio/v5/developer/toolchains/gnu_arm/12.2.rel1_2023.7/bin/../lib/gcc/arm-none-eabi/12.2.1/thumb/v7e-m+fp/softfp/crtn.o

.text           0x08202000    0x16031
 *(.isr_vector)
 .isr_vector    0x08202000      0x16c ./wiseconnect3_sdk_3.3.1/components/device/silabs/si91x/mcu/core/chip/src/startup_si91x.o
                0x08202000                __Vectors
 *(.reset_handler)
 .reset_handler
                0x0820216c       0x30 ./wiseconnect3_sdk_3.3.1/components/device/silabs/si91x/mcu/core/chip/src/startup_si91x.o
                0x0820216c                RSI_Default_Reset_Handler
 *(EXCLUDE_FILE(*heap_*.o *port.o *sl_rsi_utility.o *malloc_buffers.o *freertos_umm_malloc_host.o *cmsis_os2.o *timers.o *tasks.o *stream_buffer.o *queue.o *list.o *event_groups.o *croutine.o *sl_si91x_low_power_tickless_mode.o *rsi_sysrtc.o *sl_sleeptimer_hal_si91x_sysrtc.o *sl_sleeptimer.o *UDMA.o *rsi_hal_mcu_m4_rom.o *rsi_hal_mcu_m4_ram.o *rsi_deepsleep_soc.o *sli_si91x_multithreaded.o *sl_si91x_driver.o *sl_si91x_bus.o) .text*)
 .text.deregister_tm_clones
                0x0820219c       0x1c c:/siliconlabs/simplicitystudio/v5/developer/toolchains/gnu_arm/12.2.rel1_2023.7/bin/../lib/gcc/arm-none-eabi/12.2.1/thumb/v7e-m+fp/softfp/crtbegin.o
 .text.register_tm_clones
                0x082021b8       0x24 c:/siliconlabs/simplicitystudio/v5/developer/toolchains/gnu_arm/12.2.rel1_2023.7/bin/../lib/gcc/arm-none-eabi/12.2.1/thumb/v7e-m+fp/softfp/crtbegin.o
 .text.__do_global_dtors_aux
                0x082021dc       0x28 c:/siliconlabs/simplicitystudio/v5/developer/toolchains/gnu_arm/12.2.rel1_2023.7/bin/../lib/gcc/arm-none-eabi/12.2.1/thumb/v7e-m+fp/softfp/crtbegin.o
 .text.frame_dummy
                0x08202204       0x24 c:/siliconlabs/simplicitystudio/v5/developer/toolchains/gnu_arm/12.2.rel1_2023.7/bin/../lib/gcc/arm-none-eabi/12.2.1/thumb/v7e-m+fp/softfp/crtbegin.o
 .text.sl_platform_init
                0x08202228       0x1e ./autogen/sl_event_handler.o
                0x08202228                sl_platform_init
 .text.sl_kernel_start
                0x08202246        0x4 ./autogen/sl_event_handler.o
                0x08202246                sl_kernel_start
 .text.sl_driver_init
                0x0820224a        0x2 ./autogen/sl_event_handler.o
                0x0820224a                sl_driver_init
 .text.sl_service_init
                0x0820224c        0x2 ./autogen/sl_event_handler.o
                0x0820224c                sl_service_init
 .text.sl_stack_init
                0x0820224e        0x2 ./autogen/sl_event_handler.o
                0x0820224e                sl_stack_init
 .text.sl_internal_app_init
                0x08202250        0x2 ./autogen/sl_event_handler.o
                0x08202250                sl_internal_app_init
 *fill*         0x08202252        0x2 
 .text.print_errno
                0x08202254       0x18 ./bsd_socket_commands.o
 .text.wifi_bsd_socket_create_handler
                0x0820226c       0x28 ./bsd_socket_commands.o
                0x0820226c                wifi_bsd_socket_create_handler
 .text.wifi_bsd_socket_bind_handler
                0x08202294       0x4a ./bsd_socket_commands.o
                0x08202294                wifi_bsd_socket_bind_handler
 .text.wifi_bsd_socket_listen_handler
                0x082022de       0x1a ./bsd_socket_commands.o
                0x082022de                wifi_bsd_socket_listen_handler
 .text.wifi_bsd_socket_accept_handler
                0x082022f8       0x68 ./bsd_socket_commands.o
                0x082022f8                wifi_bsd_socket_accept_handler
 .text.wifi_bsd_socket_receive_from_handler
                0x08202360       0x6c ./bsd_socket_commands.o
                0x08202360                wifi_bsd_socket_receive_from_handler
 .text.wifi_bsd_socket_receive_handler
                0x082023cc       0x30 ./bsd_socket_commands.o
                0x082023cc                wifi_bsd_socket_receive_handler
 .text.wifi_bsd_socket_send_handler
                0x082023fc       0x40 ./bsd_socket_commands.o
                0x082023fc                wifi_bsd_socket_send_handler
 .text.wifi_bsd_socket_send_to_handler
                0x0820243c       0x78 ./bsd_socket_commands.o
                0x0820243c                wifi_bsd_socket_send_to_handler
 .text.wifi_bsd_socket_connect_handler
                0x082024b4       0x50 ./bsd_socket_commands.o
                0x082024b4                wifi_bsd_socket_connect_handler
 .text.wifi_bsd_socket_close_handler
                0x08202504       0x18 ./bsd_socket_commands.o
                0x08202504                wifi_bsd_socket_close_handler
 .text.wifi_bsd_get_host_by_name_handler
                0x0820251c       0x38 ./bsd_socket_commands.o
                0x0820251c                wifi_bsd_get_host_by_name_handler
 .text.wifi_bsd_get_sock_name
                0x08202554       0x68 ./bsd_socket_commands.o
                0x08202554                wifi_bsd_get_sock_name
 .text.wifi_bsd_select_handler
                0x082025bc       0xc8 ./bsd_socket_commands.o
                0x082025bc                wifi_bsd_select_handler
 .text.wifi_bsd_socket_get_opt_handler
                0x08202684       0x3c ./bsd_socket_commands.o
                0x08202684                wifi_bsd_socket_get_opt_handler
 .text.wifi_bsd_get_peer_name
                0x082026c0       0x68 ./bsd_socket_commands.o
                0x082026c0                wifi_bsd_get_peer_name
 .text.wifi_bsd_socket_set_opt_handler
                0x08202728       0x2c ./bsd_socket_commands.o
                0x08202728                wifi_bsd_socket_set_opt_handler
 .text.print_command_args
                0x08202754       0xe8 ./demo.o
 .text.app_init
                0x0820283c       0x14 ./demo.o
                0x0820283c                app_init
 .text.print_status
                0x08202850       0x20 ./demo.o
                0x08202850                print_status
 .text.application_start
                0x08202870       0xd0 ./demo.o
                0x08202870                application_start
 .text.help_command_handler
                0x08202940       0x60 ./demo.o
                0x08202940                help_command_handler
 .text.thread_command_handler
                0x082029a0       0x6c ./demo.o
                0x082029a0                thread_command_handler
 .text.rtt_command_handler
                0x08202a0c        0x4 ./demo.o
                0x08202a0c                rtt_command_handler
 .text.print_iot_status
                0x08202a10        0xc ./iot_socket_commands.o
 .text.wifi_iot_socket_create_handler
                0x08202a1c       0x30 ./iot_socket_commands.o
                0x08202a1c                wifi_iot_socket_create_handler
 .text.wifi_iot_socket_close_handler
                0x08202a4c       0x18 ./iot_socket_commands.o
                0x08202a4c                wifi_iot_socket_close_handler
 .text.wifi_iot_socket_bind_handler
                0x08202a64       0x28 ./iot_socket_commands.o
                0x08202a64                wifi_iot_socket_bind_handler
 .text.wifi_iot_socket_listen_handler
                0x08202a8c       0x1a ./iot_socket_commands.o
                0x08202a8c                wifi_iot_socket_listen_handler
 *fill*         0x08202aa6        0x2 
 .text.wifi_iot_socket_accept_handler
                0x08202aa8       0x38 ./iot_socket_commands.o
                0x08202aa8                wifi_iot_socket_accept_handler
 .text.wifi_iot_socket_connect_handler
                0x08202ae0       0x28 ./iot_socket_commands.o
                0x08202ae0                wifi_iot_socket_connect_handler
 .text.wifi_iot_socket_send_handler
                0x08202b08       0x30 ./iot_socket_commands.o
                0x08202b08                wifi_iot_socket_send_handler
 .text.wifi_iot_socket_get_socket_name_handler
                0x08202b38       0x54 ./iot_socket_commands.o
                0x08202b38                wifi_iot_socket_get_socket_name_handler
 .text.wifi_iot_socket_get_peer_name_handler
                0x08202b8c       0x54 ./iot_socket_commands.o
                0x08202b8c                wifi_iot_socket_get_peer_name_handler
 .text.wifi_iot_socket_set_opt_handler
                0x08202be0       0x28 ./iot_socket_commands.o
                0x08202be0                wifi_iot_socket_set_opt_handler
 .text.wifi_iot_socket_get_opt_handler
                0x08202c08       0x34 ./iot_socket_commands.o
                0x08202c08                wifi_iot_socket_get_opt_handler
 .text.wifi_iot_socket_receive_handler
                0x08202c3c       0x3c ./iot_socket_commands.o
                0x08202c3c                wifi_iot_socket_receive_handler
 .text.wifi_iot_socket_receive_from_handler
                0x08202c78       0x80 ./iot_socket_commands.o
                0x08202c78                wifi_iot_socket_receive_from_handler
 .text.wifi_iot_get_host_by_name_handler
                0x08202cf8       0x40 ./iot_socket_commands.o
                0x08202cf8                wifi_iot_get_host_by_name_handler
 .text.wifi_iot_socket_send_to_handler
                0x08202d38       0x50 ./iot_socket_commands.o
                0x08202d38                wifi_iot_socket_send_to_handler
 .text.startup.main
                0x08202d88       0x12 ./main.o
                0x08202d88                main
 *fill*         0x08202d9a        0x2 
 .text.ping_response_callback_handler
                0x08202d9c       0x30 ./network_commands.o
                0x08202d9c                ping_response_callback_handler
 .text.net_init_command_handler
                0x08202dcc       0x44 ./network_commands.o
                0x08202dcc                net_init_command_handler
 .text.net_deinit_command_handler
                0x08202e10       0x30 ./network_commands.o
                0x08202e10                net_deinit_command_handler
 .text.net_up_command_handler
                0x08202e40       0x8c ./network_commands.o
                0x08202e40                net_up_command_handler
 .text.net_down_command_handler
                0x08202ecc       0x30 ./network_commands.o
                0x08202ecc                net_down_command_handler
 .text.set_nvm_profile_command_handler
                0x08202efc      0x118 ./network_commands.o
                0x08202efc                set_nvm_profile_command_handler
 .text.sl_dns_hostgetbyname_command_handler
                0x08203014       0x42 ./network_commands.o
                0x08203014                sl_dns_hostgetbyname_command_handler
 .text.sl_net_ping_command_handler
                0x08203056       0x40 ./network_commands.o
                0x08203056                sl_net_ping_command_handler
 *fill*         0x08203096        0x2 
 .text.start_dhcp_command_handler
                0x08203098       0xdc ./network_commands.o
                0x08203098                start_dhcp_command_handler
 .text.net_join_multicast_address_command_handler
                0x08203174       0x32 ./network_commands.o
                0x08203174                net_join_multicast_address_command_handler
 .text.net_leave_multicast_address_command_handler
                0x082031a6       0x32 ./network_commands.o
                0x082031a6                net_leave_multicast_address_command_handler
 .text.show_scan_results
                0x082031d8       0xcc ./wifi_commands.o
 .text.scan_callback_handler
                0x082032a4       0x34 ./wifi_commands.o
                0x082032a4                scan_callback_handler
 .text.wifi_stats_receive_handler
                0x082032d8       0xd0 ./wifi_commands.o
                0x082032d8                wifi_stats_receive_handler
 .text.join_callback_handler
                0x082033a8       0x3c ./wifi_commands.o
                0x082033a8                join_callback_handler
 .text.twt_callback_handler
                0x082033e4      0x210 ./wifi_commands.o
 .text.wifi_statistic_thread
                0x082035f4      0x124 ./wifi_commands.o
                0x082035f4                wifi_statistic_thread
 .text.wifi_init_command_handler
                0x08203718      0x1c4 ./wifi_commands.o
                0x08203718                wifi_init_command_handler
 .text.wifi_set_antenna_command_handler
                0x082038dc       0x18 ./wifi_commands.o
                0x082038dc                wifi_set_antenna_command_handler
 .text.wifi_get_signal_strength_command_handler
                0x082038f4       0x2c ./wifi_commands.o
                0x082038f4                wifi_get_signal_strength_command_handler
 .text.wifi_scan_command_handler
                0x08203920      0x158 ./wifi_commands.o
                0x08203920                wifi_scan_command_handler
 .text.wifi_set_tx_power_command_handler
                0x08203a78       0x28 ./wifi_commands.o
                0x08203a78                wifi_set_tx_power_command_handler
 .text.wifi_get_tx_power_command_handler
                0x08203aa0       0x38 ./wifi_commands.o
                0x08203aa0                wifi_get_tx_power_command_handler
 .text.wifi_connect_command_handler
                0x08203ad8      0x218 ./wifi_commands.o
                0x08203ad8                wifi_connect_command_handler
 .text.wifi_disconnect_command_handler
                0x08203cf0        0xe ./wifi_commands.o
                0x08203cf0                wifi_disconnect_command_handler
 .text.wifi_get_firmware_version_command_handler
                0x08203cfe       0x22 ./wifi_commands.o
                0x08203cfe                wifi_get_firmware_version_command_handler
 .text.wifi_get_statistics_command_handler
                0x08203d20       0x74 ./wifi_commands.o
                0x08203d20                wifi_get_statistics_command_handler
 .text.wifi_start_statistic_report_command_handler
                0x08203d94       0x28 ./wifi_commands.o
                0x08203d94                wifi_start_statistic_report_command_handler
 .text.wifi_stop_statistic_report_command_handler
                0x08203dbc       0xd0 ./wifi_commands.o
                0x08203dbc                wifi_stop_statistic_report_command_handler
 .text.wifi_get_mac_address_command_handler
                0x08203e8c       0x58 ./wifi_commands.o
                0x08203e8c                wifi_get_mac_address_command_handler
 .text.wifi_set_channel_command_handler
                0x08203ee4       0x2c ./wifi_commands.o
                0x08203ee4                wifi_set_channel_command_handler
 .text.wifi_get_channel_command_handler
                0x08203f10       0x48 ./wifi_commands.o
                0x08203f10                wifi_get_channel_command_handler
 .text.wifi_disconnect_ap_client_command_handler
                0x08203f58       0x12 ./wifi_commands.o
                0x08203f58                wifi_disconnect_ap_client_command_handler
 *fill*         0x08203f6a        0x2 
 .text.wifi_get_ap_client_info_command_handler
                0x08203f6c       0x84 ./wifi_commands.o
                0x08203f6c                wifi_get_ap_client_info_command_handler
 .text.wifi_set_performance_profile_command_handler
                0x08203ff0       0x1e ./wifi_commands.o
                0x08203ff0                wifi_set_performance_profile_command_handler
 *fill*         0x0820400e        0x2 
 .text.wifi_get_performance_profile_command_handler
                0x08204010       0x38 ./wifi_commands.o
                0x08204010                wifi_get_performance_profile_command_handler
 .text.wifi_deinit_command_handler
                0x08204048        0x4 ./wifi_commands.o
                0x08204048                wifi_deinit_command_handler
 .text.wifi_start_ap_command_handler
                0x0820404c      0x114 ./wifi_commands.o
                0x0820404c                wifi_start_ap_command_handler
 .text.wifi_load_certificate_handler
                0x08204160       0xbc ./wifi_commands.o
                0x08204160                wifi_load_certificate_handler
 .text.wifi_is_interface_up_command_handler
                0x0820421c       0x28 ./wifi_commands.o
                0x0820421c                wifi_is_interface_up_command_handler
 .text.wifi_get_default_interface_command_handler
                0x08204244       0x34 ./wifi_commands.o
                0x08204244                wifi_get_default_interface_command_handler
 .text.wifi_set_default_interface_command_handler
                0x08204278        0xc ./wifi_commands.o
                0x08204278                wifi_set_default_interface_command_handler
 .text.wifi_set_transmit_rate_command_handler
                0x08204284       0x30 ./wifi_commands.o
                0x08204284                wifi_set_transmit_rate_command_handler
 .text.wifi_set_roam_configuration_command_handler
                0x082042b4       0x24 ./wifi_commands.o
                0x082042b4                wifi_set_roam_configuration_command_handler
 .text.wifi_get_transmit_rate_command_handler
                0x082042d8       0x74 ./wifi_commands.o
                0x082042d8                wifi_get_transmit_rate_command_handler
 .text.wifi_get_ap_client_list_command_handler
                0x0820434c       0x74 ./wifi_commands.o
                0x0820434c                wifi_get_ap_client_list_command_handler
 .text.wifi_get_ap_client_count_command_handler
                0x082043c0       0x28 ./wifi_commands.o
                0x082043c0                wifi_get_ap_client_count_command_handler
 .text.wifi_generate_wps_pin_command_handler
                0x082043e8       0x20 ./wifi_commands.o
                0x082043e8                wifi_generate_wps_pin_command_handler
 .text.wifi_start_wps
                0x08204408       0x3c ./wifi_commands.o
                0x08204408                wifi_start_wps
 .text.sl_wifi_set_advanced_scan_configuration_command_handler
                0x08204444       0x4e ./wifi_commands.o
                0x08204444                sl_wifi_set_advanced_scan_configuration_command_handler
 *fill*         0x08204492        0x2 
 .text.sl_wifi_get_advanced_scan_configuration_command_handler
                0x08204494       0x3c ./wifi_commands.o
                0x08204494                sl_wifi_get_advanced_scan_configuration_command_handler
 .text.wifi_stop_scan_command_handler
                0x082044d0        0xe ./wifi_commands.o
                0x082044d0                wifi_stop_scan_command_handler
 *fill*         0x082044de        0x2 
 .text.wifi_get_ap_configuration_command_handler
                0x082044e0       0x58 ./wifi_commands.o
                0x082044e0                wifi_get_ap_configuration_command_handler
 .text.wifi_set_ap_configuration_command_handler
                0x08204538       0xb4 ./wifi_commands.o
                0x08204538                wifi_set_ap_configuration_command_handler
 .text.wifi_test_client_configuration_command_handler
                0x082045ec      0x104 ./wifi_commands.o
                0x082045ec                wifi_test_client_configuration_command_handler
 .text.sl_wifi_send_raw_data_command_handler
                0x082046f0       0xb4 ./wifi_commands.o
                0x082046f0                sl_wifi_send_raw_data_command_handler
 .text.sl_wifi_enable_twt
                0x082047a4       0x58 ./wifi_commands.o
                0x082047a4                sl_wifi_enable_twt
 .text.sl_wifi_disable_twt
                0x082047fc       0x58 ./wifi_commands.o
                0x082047fc                sl_wifi_disable_twt
 .text.sl_wifi_filter_broadcast_command_handler
                0x08204854        0xc ./wifi_commands.o
                0x08204854                sl_wifi_filter_broadcast_command_handler
 .text.sl_wifi_assert_command_handler
                0x08204860        0x4 ./wifi_commands.o
                0x08204860                sl_wifi_assert_command_handler
 .text.sl_wifi_update_gain_table_command_handler
                0x08204864       0x28 ./wifi_commands.o
                0x08204864                sl_wifi_update_gain_table_command_handler
 .text.sl_wifi_set_11ax_config_command_handler
                0x0820488c        0x6 ./wifi_commands.o
                0x0820488c                sl_wifi_set_11ax_config_command_handler
 .text.sl_si91x_get_ram_log_command_handler
                0x08204892        0xe ./wifi_commands.o
                0x08204892                sl_si91x_get_ram_log_command_handler
 .text.sl_wifi_transmit_test_start_command_handler
                0x082048a0       0x20 ./wifi_commands.o
                0x082048a0                sl_wifi_transmit_test_start_command_handler
 .text.sl_wifi_ax_transmit_test_start_command_handler
                0x082048c0       0x98 ./wifi_commands.o
                0x082048c0                sl_wifi_ax_transmit_test_start_command_handler
 .text.sl_wifi_transmit_test_stop_command_handler
                0x08204958        0x4 ./wifi_commands.o
                0x08204958                sl_wifi_transmit_test_stop_command_handler
 .text.wifi_set_advanced_client_config_command_handler
                0x0820495c       0x3a ./wifi_commands.o
                0x0820495c                wifi_set_advanced_client_config_command_handler
 .text.wifi_get_pairwise_master_key_command_handler
                0x08204996       0x4e ./wifi_commands.o
                0x08204996                wifi_get_pairwise_master_key_command_handler
 .text.sl_strnlen
                0x082049e4       0x16 ./simplicity_sdk_2024.6.1/platform/common/src/sl_string.o
                0x082049e4                sl_strnlen
 .text.sli_osTaskRegisterSetValue
                0x082049fa        0xa ./simplicity_sdk_2024.6.1/platform/common/src/sli_cmsis_os2_ext_task_register.o
                0x082049fa                sli_osTaskRegisterSetValue
 .text.sl_system_init
                0x08204a04       0x1a ./simplicity_sdk_2024.6.1/platform/service/system/src/sl_system_init.o
                0x08204a04                sl_system_init
 .text.sl_system_kernel_start
                0x08204a1e        0x4 ./simplicity_sdk_2024.6.1/platform/service/system/src/sl_system_kernel.o
                0x08204a1e                sl_system_kernel_start
 *fill*         0x08204a22        0x2 
 .text.RSI_Board_Init
                0x08204a24       0x5c ./wiseconnect3_sdk_3.3.1/components/board/silabs/src/rsi_board.o
                0x08204a24                RSI_Board_Init
 .text.convert_string_to_sl_ipv4_address
                0x08204a80       0x48 ./wiseconnect3_sdk_3.3.1/components/common/src/sl_utility.o
                0x08204a80                convert_string_to_sl_ipv4_address
 .text.print_sl_ipv4_address
                0x08204ac8       0x1c ./wiseconnect3_sdk_3.3.1/components/common/src/sl_utility.o
                0x08204ac8                print_sl_ipv4_address
 .text.little_to_big_endian
                0x08204ae4       0x2e ./wiseconnect3_sdk_3.3.1/components/common/src/sl_utility.o
                0x08204ae4                little_to_big_endian
 *fill*         0x08204b12        0x2 
 .text.sl_inet_ntop6
                0x08204b14      0x144 ./wiseconnect3_sdk_3.3.1/components/common/src/sl_utility.o
                0x08204b14                sl_inet_ntop6
 .text.print_sl_ipv6_address
                0x08204c58       0x2c ./wiseconnect3_sdk_3.3.1/components/common/src/sl_utility.o
                0x08204c58                print_sl_ipv6_address
 .text.print_sl_ip_address
                0x08204c84       0x16 ./wiseconnect3_sdk_3.3.1/components/common/src/sl_utility.o
                0x08204c84                print_sl_ip_address
 .text.convert_string_to_mac_address
                0x08204c9a       0x8e ./wiseconnect3_sdk_3.3.1/components/common/src/sl_utility.o
                0x08204c9a                convert_string_to_mac_address
 .text.print_firmware_version
                0x08204d28       0x2c ./wiseconnect3_sdk_3.3.1/components/common/src/sl_utility.o
                0x08204d28                print_firmware_version
 .text.sl_redirect_log
                0x08204d54        0x6 ./wiseconnect3_sdk_3.3.1/components/common/src/sl_utility.o
                0x08204d54                sl_redirect_log
 .text.escape   0x08204d5a       0x20 ./wiseconnect3_sdk_3.3.1/components/console/console.o
 *fill*         0x08204d7a        0x2 
 .text.console_parse_arg
                0x08204d7c       0xac ./wiseconnect3_sdk_3.3.1/components/console/console.o
                0x08204d7c                console_parse_arg
 .text.console_tokenize
                0x08204e28       0xce ./wiseconnect3_sdk_3.3.1/components/console/console.o
                0x08204e28                console_tokenize
 .text.console_find_command
                0x08204ef6       0xb8 ./wiseconnect3_sdk_3.3.1/components/console/console.o
                0x08204ef6                console_find_command
 .text.console_parse_command
                0x08204fae      0x14a ./wiseconnect3_sdk_3.3.1/components/console/console.o
                0x08204fae                console_parse_command
 .text.console_process_buffer
                0x082050f8       0x2c ./wiseconnect3_sdk_3.3.1/components/console/console_minimal_uart_plugin.o
                0x082050f8                console_process_buffer
 .text.cache_uart_rx_data
                0x08205124       0x18 ./wiseconnect3_sdk_3.3.1/components/console/console_minimal_uart_plugin.o
                0x08205124                cache_uart_rx_data
 .text.console_process_uart_data
                0x0820513c      0x13c ./wiseconnect3_sdk_3.3.1/components/console/console_minimal_uart_plugin.o
                0x0820513c                console_process_uart_data
 .text.find_variable_node
                0x08205278       0x8c ./wiseconnect3_sdk_3.3.1/components/console/variables/console_variables.o
 .text.print_variable.isra.0
                0x08205304       0xac ./wiseconnect3_sdk_3.3.1/components/console/variables/console_variables.o
 .text.find_structure_entry
                0x082053b0       0x28 ./wiseconnect3_sdk_3.3.1/components/console/variables/console_variables.o
                0x082053b0                find_structure_entry
 .text.console_variable_get
                0x082053d8       0x46 ./wiseconnect3_sdk_3.3.1/components/console/variables/console_variables.o
                0x082053d8                console_variable_get
 .text.console_variable_set
                0x0820541e       0x7c ./wiseconnect3_sdk_3.3.1/components/console/variables/console_variables.o
                0x0820541e                console_variable_set
 *fill*         0x0820549a        0x2 
 .text.console_variable_list
                0x0820549c      0x138 ./wiseconnect3_sdk_3.3.1/components/console/variables/console_variables.o
                0x0820549c                console_variable_list
 .text.init_ipmu_calib_data
                0x082055d4       0x54 ./wiseconnect3_sdk_3.3.1/components/device/silabs/si91x/mcu/core/chip/src/iPMU_prog/iPMU_dotc/ipmu_apis.o
                0x082055d4                init_ipmu_calib_data
 .text.program_ipmu_data
                0x08205628       0x54 ./wiseconnect3_sdk_3.3.1/components/device/silabs/si91x/mcu/core/chip/src/iPMU_prog/iPMU_dotc/ipmu_apis.o
                0x08205628                program_ipmu_data
 .text.ipmu_init_mcu
                0x0820567c       0x94 ./wiseconnect3_sdk_3.3.1/components/device/silabs/si91x/mcu/core/chip/src/iPMU_prog/iPMU_dotc/ipmu_apis.o
                0x0820567c                ipmu_init_mcu
 .text.ipmu_init
                0x08205710       0xa8 ./wiseconnect3_sdk_3.3.1/components/device/silabs/si91x/mcu/core/chip/src/iPMU_prog/iPMU_dotc/ipmu_apis.o
                0x08205710                ipmu_init
 .text.configure_ipmu_mode
                0x082057b8       0x38 ./wiseconnect3_sdk_3.3.1/components/device/silabs/si91x/mcu/core/chip/src/iPMU_prog/iPMU_dotc/ipmu_apis.o
                0x082057b8                configure_ipmu_mode
 .text.Default_Handler
                0x082057f0        0x2 ./wiseconnect3_sdk_3.3.1/components/device/silabs/si91x/mcu/core/chip/src/startup_si91x.o
                0x082057f0                DebugMon_Handler
                0x082057f0                IRQ031_Handler
                0x082057f0                HardFault_Handler
                0x082057f0                IRQ058_Handler
                0x082057f0                IRQ095_Handler
                0x082057f0                IRQ065_Handler
                0x082057f0                IRQ019_Handler
                0x082057f0                IRQ056_Handler
                0x082057f0                IRQ093_Handler
                0x082057f0                NMI_Handler
                0x082057f0                IRQ011_Handler
                0x082057f0                IRQ014_Handler
                0x082057f0                IRQ051_Handler
                0x082057f0                IRQ027_Handler
                0x082057f0                IRQ062_Handler
                0x082057f0                IRQ097_Handler
                0x082057f0                IRQ088_Handler
                0x082057f0                IRQ034_Handler
                0x082057f0                IRQ071_Handler
                0x082057f0                IRQ067_Handler
                0x082057f0                IRQ070_Handler
                0x082057f0                IRQ077_Handler
                0x082057f0                IRQ028_Handler
                0x082057f0                IRQ063_Handler
                0x082057f0                IRQ076_Handler
                0x082057f0                UsageFault_Handler
                0x082057f0                IRQ023_Handler
                0x082057f0                IRQ009_Handler
                0x082057f0                IRQ048_Handler
                0x082057f0                IRQ083_Handler
                0x082057f0                IRQ089_Handler
                0x082057f0                HIF1_IRQHandler
                0x082057f0                IRQ037_Handler
                0x082057f0                IRQ072_Handler
                0x082057f0                IRQ021_Handler
                0x082057f0                IRQ008_Handler
                0x082057f0                IRQ047_Handler
                0x082057f0                IRQ082_Handler
                0x082057f0                IRQ022_Handler
                0x082057f0                IRQ007_Handler
                0x082057f0                IRQ046_Handler
                0x082057f0                IRQ081_Handler
                0x082057f0                IRQ004_Handler
                0x082057f0                IRQ043_Handler
                0x082057f0                IRQ002_Handler
                0x082057f0                IRQ041_Handler
                0x082057f0                IRQ098_Handler
                0x082057f0                IRQ000_Handler
                0x082057f0                IRQ005_Handler
                0x082057f0                IRQ044_Handler
                0x082057f0                IRQ049_Handler
                0x082057f0                IRQ084_Handler
                0x082057f0                IRQ006_Handler
                0x082057f0                IRQ045_Handler
                0x082057f0                IRQ080_Handler
                0x082057f0                IRQ015_Handler
                0x082057f0                IRQ052_Handler
                0x082057f0                MemManage_Handler
                0x082057f0                HIF2_IRQHandler
                0x082057f0                IRQ001_Handler
                0x082057f0                IRQ040_Handler
                0x082057f0                IRQ068_Handler
                0x082057f0                IRQ059_Handler
                0x082057f0                IRQ096_Handler
                0x082057f0                IRQ003_Handler
                0x082057f0                IRQ042_Handler
                0x082057f0                IRQ024_Handler
                0x082057f0                IRQ016_Handler
                0x082057f0                IRQ053_Handler
                0x082057f0                IRQ090_Handler
                0x082057f0                IRQ078_Handler
                0x082057f0                IRQ032_Handler
                0x082057f0                IRQ020_Handler
                0x082057f0                IRQ073_Handler
                0x082057f0                IRQ018_Handler
                0x082057f0                IRQ055_Handler
                0x082057f0                IRQ092_Handler
                0x082057f0                IRQ087_Handler
                0x082057f0                IRQ026_Handler
                0x082057f0                IRQ061_Handler
                0x082057f0                IRQ025_Handler
                0x082057f0                IRQ060_Handler
                0x082057f0                IRQ085_Handler
                0x082057f0                IRQ013_Handler
                0x082057f0                IRQ050_Handler
                0x082057f0                IRQ030_Handler
                0x082057f0                IRQ029_Handler
                0x082057f0                IRQ064_Handler
                0x082057f0                IRQ066_Handler
                0x082057f0                IRQ017_Handler
                0x082057f0                IRQ054_Handler
                0x082057f0                IRQ091_Handler
                0x082057f0                BusFault_Handler
                0x082057f0                IRQ069_Handler
                0x082057f0                IRQ075_Handler
                0x082057f0                IRQ086_Handler
                0x082057f0                IRQ057_Handler
                0x082057f0                IRQ094_Handler
                0x082057f0                IRQ079_Handler
 .text.Default_Reset_Handler
                0x082057f2        0x2 ./wiseconnect3_sdk_3.3.1/components/device/silabs/si91x/mcu/core/chip/src/startup_si91x.o
                0x082057f2                Default_Reset_Handler
                0x082057f2                Reset_Handler
 .text.Copy_Table
                0x082057f4       0x24 ./wiseconnect3_sdk_3.3.1/components/device/silabs/si91x/mcu/core/chip/src/startup_si91x.o
                0x082057f4                Copy_Table
 .text.Zero_Table
                0x08205818       0x24 ./wiseconnect3_sdk_3.3.1/components/device/silabs/si91x/mcu/core/chip/src/startup_si91x.o
                0x08205818                Zero_Table
 .text.SystemCoreClockUpdate
                0x0820583c      0x128 ./wiseconnect3_sdk_3.3.1/components/device/silabs/si91x/mcu/core/chip/src/system_si91x.o
                0x0820583c                SystemCoreClockUpdate
 .text.fpuInit  0x08205964       0x44 ./wiseconnect3_sdk_3.3.1/components/device/silabs/si91x/mcu/core/chip/src/system_si91x.o
                0x08205964                fpuInit
 .text.SystemInit
                0x082059a8       0xe4 ./wiseconnect3_sdk_3.3.1/components/device/silabs/si91x/mcu/core/chip/src/system_si91x.o
                0x082059a8                SystemInit
 .text.ARM_UART_SignalEvent
                0x08205a8c       0x40 ./wiseconnect3_sdk_3.3.1/components/device/silabs/si91x/mcu/core/common/src/rsi_debug.o
                0x08205a8c                ARM_UART_SignalEvent
 .text.Board_Debug_Init
                0x08205acc       0x58 ./wiseconnect3_sdk_3.3.1/components/device/silabs/si91x/mcu/core/common/src/rsi_debug.o
                0x08205acc                Board_Debug_Init
 .text.Board_UARTGetChar
                0x08205b24       0x30 ./wiseconnect3_sdk_3.3.1/components/device/silabs/si91x/mcu/core/common/src/rsi_debug.o
                0x08205b24                Board_UARTGetChar
 .text.Board_UARTPutChar
                0x08205b54       0x30 ./wiseconnect3_sdk_3.3.1/components/device/silabs/si91x/mcu/core/common/src/rsi_debug.o
                0x08205b54                Board_UARTPutChar
 .text.read_exclude_space
                0x08205b84       0x20 ./wiseconnect3_sdk_3.3.1/components/device/silabs/si91x/mcu/core/common/src/syscalls.o
 .text._getpid  0x08205ba4        0x4 ./wiseconnect3_sdk_3.3.1/components/device/silabs/si91x/mcu/core/common/src/syscalls.o
                0x08205ba4                _getpid
 .text._kill    0x08205ba8       0x10 ./wiseconnect3_sdk_3.3.1/components/device/silabs/si91x/mcu/core/common/src/syscalls.o
                0x08205ba8                _kill
 .text._exit    0x08205bb8        0xc ./wiseconnect3_sdk_3.3.1/components/device/silabs/si91x/mcu/core/common/src/syscalls.o
                0x08205bb8                _exit
 .text._write   0x08205bc4       0x44 ./wiseconnect3_sdk_3.3.1/components/device/silabs/si91x/mcu/core/common/src/syscalls.o
                0x08205bc4                _write
 .text._close   0x08205c08        0x6 ./wiseconnect3_sdk_3.3.1/components/device/silabs/si91x/mcu/core/common/src/syscalls.o
                0x08205c08                _close
 .text._fstat   0x08205c0e        0xa ./wiseconnect3_sdk_3.3.1/components/device/silabs/si91x/mcu/core/common/src/syscalls.o
                0x08205c0e                _fstat
 .text._isatty  0x08205c18        0x4 ./wiseconnect3_sdk_3.3.1/components/device/silabs/si91x/mcu/core/common/src/syscalls.o
                0x08205c18                _isatty
 .text._lseek   0x08205c1c        0x4 ./wiseconnect3_sdk_3.3.1/components/device/silabs/si91x/mcu/core/common/src/syscalls.o
                0x08205c1c                _lseek
 .text._read    0x08205c20      0x30c ./wiseconnect3_sdk_3.3.1/components/device/silabs/si91x/mcu/core/common/src/syscalls.o
                0x08205c20                _read
 .text.sl_si91x_device_init_nvic
                0x08205f2c       0x18 ./wiseconnect3_sdk_3.3.1/components/device/silabs/si91x/mcu/core/config/src/rsi_nvic_priorities_config.o
                0x08205f2c                sl_si91x_device_init_nvic
 .text.ARM_USARTx_GetVersion
                0x08205f44       0x20 ./wiseconnect3_sdk_3.3.1/components/device/silabs/si91x/mcu/drivers/cmsis_driver/USART.o
                0x08205f44                ARM_USARTx_GetVersion
 .text.ARM_ULP_UART_GetCapabilities
                0x08205f64        0xc ./wiseconnect3_sdk_3.3.1/components/device/silabs/si91x/mcu/drivers/cmsis_driver/USART.o
 .text.ARM_ULP_UART_GetModemStatus
                0x08205f70        0xc ./wiseconnect3_sdk_3.3.1/components/device/silabs/si91x/mcu/drivers/cmsis_driver/USART.o
 .text.ARM_ULP_UART_SetModemControl
                0x08205f7c        0xc ./wiseconnect3_sdk_3.3.1/components/device/silabs/si91x/mcu/drivers/cmsis_driver/USART.o
 .text.ARM_ULP_UART_GetStatus
                0x08205f88        0xc ./wiseconnect3_sdk_3.3.1/components/device/silabs/si91x/mcu/drivers/cmsis_driver/USART.o
 .text.ARM_ULP_UART_Control
                0x08205f94       0x34 ./wiseconnect3_sdk_3.3.1/components/device/silabs/si91x/mcu/drivers/cmsis_driver/USART.o
 .text.ARM_ULP_UART_GetRxCount
                0x08205fc8        0xc ./wiseconnect3_sdk_3.3.1/components/device/silabs/si91x/mcu/drivers/cmsis_driver/USART.o
 .text.ARM_ULP_UART_GetTxCount
                0x08205fd4        0xc ./wiseconnect3_sdk_3.3.1/components/device/silabs/si91x/mcu/drivers/cmsis_driver/USART.o
 .text.ARM_ULP_UART_Transfer
                0x08205fe0       0x54 ./wiseconnect3_sdk_3.3.1/components/device/silabs/si91x/mcu/drivers/cmsis_driver/USART.o
 .text.ARM_ULP_UART_Receive
                0x08206034       0x48 ./wiseconnect3_sdk_3.3.1/components/device/silabs/si91x/mcu/drivers/cmsis_driver/USART.o
 .text.ARM_ULP_UART_Send
                0x0820607c       0x48 ./wiseconnect3_sdk_3.3.1/components/device/silabs/si91x/mcu/drivers/cmsis_driver/USART.o
 .text.ARM_ULP_UART_PowerControl
                0x082060c4       0x18 ./wiseconnect3_sdk_3.3.1/components/device/silabs/si91x/mcu/drivers/cmsis_driver/USART.o
 .text.ARM_ULP_UART_Uninitialize
                0x082060dc       0x1c ./wiseconnect3_sdk_3.3.1/components/device/silabs/si91x/mcu/drivers/cmsis_driver/USART.o
 .text.ARM_ULP_UART_Initialize
                0x082060f8       0x30 ./wiseconnect3_sdk_3.3.1/components/device/silabs/si91x/mcu/drivers/cmsis_driver/USART.o
 .text.IRQ038_Handler
                0x08206128        0xc ./wiseconnect3_sdk_3.3.1/components/device/silabs/si91x/mcu/drivers/cmsis_driver/USART.o
                0x08206128                IRQ038_Handler
 .text.IRQ039_Handler
                0x08206134        0xc ./wiseconnect3_sdk_3.3.1/components/device/silabs/si91x/mcu/drivers/cmsis_driver/USART.o
                0x08206134                IRQ039_Handler
 .text.IRQ012_Handler
                0x08206140        0xc ./wiseconnect3_sdk_3.3.1/components/device/silabs/si91x/mcu/drivers/cmsis_driver/USART.o
                0x08206140                IRQ012_Handler
 .text.RSI_ULPUartHandler
                0x0820614c        0x4 ./wiseconnect3_sdk_3.3.1/components/device/silabs/si91x/mcu/drivers/cmsis_driver/USART.o
                0x0820614c                RSI_ULPUartHandler
 .text.RSI_CLK_GetBaseClock
                0x08206150      0x50c ./wiseconnect3_sdk_3.3.1/components/device/silabs/si91x/mcu/drivers/peripheral_drivers/src/clock_update.o
                0x08206150                RSI_CLK_GetBaseClock
 .text.udma_init
                0x0820665c       0x34 ./wiseconnect3_sdk_3.3.1/components/device/silabs/si91x/mcu/drivers/peripheral_drivers/src/rsi_udma.o
                0x0820665c                udma_init
 .text.udma_setup_channel_transfer
                0x08206690      0x168 ./wiseconnect3_sdk_3.3.1/components/device/silabs/si91x/mcu/drivers/peripheral_drivers/src/rsi_udma.o
                0x08206690                udma_setup_channel_transfer
 .text.udma_interrupt_enable
                0x082067f8       0x48 ./wiseconnect3_sdk_3.3.1/components/device/silabs/si91x/mcu/drivers/peripheral_drivers/src/rsi_udma.o
                0x082067f8                udma_interrupt_enable
 .text.RSI_UDMA_AckEnable
                0x08206840       0x60 ./wiseconnect3_sdk_3.3.1/components/device/silabs/si91x/mcu/drivers/peripheral_drivers/src/rsi_udma.o
                0x08206840                RSI_UDMA_AckEnable
 .text.udma_setup_channel
                0x082068a0       0x74 ./wiseconnect3_sdk_3.3.1/components/device/silabs/si91x/mcu/drivers/peripheral_drivers/src/rsi_udma.o
                0x082068a0                udma_setup_channel
 .text.uDMAx_Initialize
                0x08206914       0xf0 ./wiseconnect3_sdk_3.3.1/components/device/silabs/si91x/mcu/drivers/peripheral_drivers/src/rsi_udma_wrapper.o
                0x08206914                uDMAx_Initialize
 .text.uDMAx_Uninitialize
                0x08206a04       0x94 ./wiseconnect3_sdk_3.3.1/components/device/silabs/si91x/mcu/drivers/peripheral_drivers/src/rsi_udma_wrapper.o
                0x08206a04                uDMAx_Uninitialize
 .text.uDMAx_ChannelConfigure
                0x08206a98       0xd4 ./wiseconnect3_sdk_3.3.1/components/device/silabs/si91x/mcu/drivers/peripheral_drivers/src/rsi_udma_wrapper.o
                0x08206a98                uDMAx_ChannelConfigure
 .text.uDMAx_ChannelEnable
                0x08206b6c       0x10 ./wiseconnect3_sdk_3.3.1/components/device/silabs/si91x/mcu/drivers/peripheral_drivers/src/rsi_udma_wrapper.o
                0x08206b6c                uDMAx_ChannelEnable
 .text.uDMAx_DMAEnable
                0x08206b7c        0xe ./wiseconnect3_sdk_3.3.1/components/device/silabs/si91x/mcu/drivers/peripheral_drivers/src/rsi_udma_wrapper.o
                0x08206b7c                uDMAx_DMAEnable
 .text.uDMAx_ChannelDisable
                0x08206b8a       0x10 ./wiseconnect3_sdk_3.3.1/components/device/silabs/si91x/mcu/drivers/peripheral_drivers/src/rsi_udma_wrapper.o
                0x08206b8a                uDMAx_ChannelDisable
 *fill*         0x08206b9a        0x2 
 .text.RSI_EGPIO_SetPinMux
                0x08206b9c       0x14 ./wiseconnect3_sdk_3.3.1/components/device/silabs/si91x/mcu/drivers/peripheral_drivers/src/rsi_usart.o
 .text.RSI_EGPIO_HostPadsGpioModeEnable
                0x08206bb0       0x10 ./wiseconnect3_sdk_3.3.1/components/device/silabs/si91x/mcu/drivers/peripheral_drivers/src/rsi_usart.o
 .text.RSI_EGPIO_PadSelectionEnable
                0x08206bc0       0x10 ./wiseconnect3_sdk_3.3.1/components/device/silabs/si91x/mcu/drivers/peripheral_drivers/src/rsi_usart.o
 .text.RSI_EGPIO_PadReceiverEnable
                0x08206bd0       0x10 ./wiseconnect3_sdk_3.3.1/components/device/silabs/si91x/mcu/drivers/peripheral_drivers/src/rsi_usart.o
 .text.RSI_EGPIO_UlpPadReceiverEnable
                0x08206be0       0x10 ./wiseconnect3_sdk_3.3.1/components/device/silabs/si91x/mcu/drivers/peripheral_drivers/src/rsi_usart.o
 .text.UartIrqHandler
                0x08206bf0      0x1f0 ./wiseconnect3_sdk_3.3.1/components/device/silabs/si91x/mcu/drivers/peripheral_drivers/src/rsi_usart.o
                0x08206bf0                UartIrqHandler
 .text.USART_SetBaudrate
                0x08206de0       0x50 ./wiseconnect3_sdk_3.3.1/components/device/silabs/si91x/mcu/drivers/peripheral_drivers/src/rsi_usart.o
                0x08206de0                USART_SetBaudrate
 .text.USART_Initialize
                0x08206e30      0x11c ./wiseconnect3_sdk_3.3.1/components/device/silabs/si91x/mcu/drivers/peripheral_drivers/src/rsi_usart.o
                0x08206e30                USART_Initialize
 .text.USART_Uninitialize
                0x08206f4c       0x9c ./wiseconnect3_sdk_3.3.1/components/device/silabs/si91x/mcu/drivers/peripheral_drivers/src/rsi_usart.o
                0x08206f4c                USART_Uninitialize
 .text.USART_PowerControl
                0x08206fe8      0x150 ./wiseconnect3_sdk_3.3.1/components/device/silabs/si91x/mcu/drivers/peripheral_drivers/src/rsi_usart.o
                0x08206fe8                USART_PowerControl
 .text.USART_Send_Data
                0x08207138      0x148 ./wiseconnect3_sdk_3.3.1/components/device/silabs/si91x/mcu/drivers/peripheral_drivers/src/rsi_usart.o
                0x08207138                USART_Send_Data
 .text.USART_Receive_Data
                0x08207280      0x12c ./wiseconnect3_sdk_3.3.1/components/device/silabs/si91x/mcu/drivers/peripheral_drivers/src/rsi_usart.o
                0x08207280                USART_Receive_Data
 .text.USART_Transfer
                0x082073ac       0x72 ./wiseconnect3_sdk_3.3.1/components/device/silabs/si91x/mcu/drivers/peripheral_drivers/src/rsi_usart.o
                0x082073ac                USART_Transfer
 .text.USART_GetTxCount
                0x0820741e        0x6 ./wiseconnect3_sdk_3.3.1/components/device/silabs/si91x/mcu/drivers/peripheral_drivers/src/rsi_usart.o
                0x0820741e                USART_GetTxCount
 .text.USART_GetRxCount
                0x08207424        0x6 ./wiseconnect3_sdk_3.3.1/components/device/silabs/si91x/mcu/drivers/peripheral_drivers/src/rsi_usart.o
                0x08207424                USART_GetRxCount
 *fill*         0x0820742a        0x2 
 .text.USART_Control
                0x0820742c      0x8e8 ./wiseconnect3_sdk_3.3.1/components/device/silabs/si91x/mcu/drivers/peripheral_drivers/src/rsi_usart.o
                0x0820742c                USART_Control
 .text.USART_GetStatus
                0x08207d14       0x42 ./wiseconnect3_sdk_3.3.1/components/device/silabs/si91x/mcu/drivers/peripheral_drivers/src/rsi_usart.o
                0x08207d14                USART_GetStatus
 *fill*         0x08207d56        0x2 
 .text.USART_SetModemControl
                0x08207d58       0x84 ./wiseconnect3_sdk_3.3.1/components/device/silabs/si91x/mcu/drivers/peripheral_drivers/src/rsi_usart.o
                0x08207d58                USART_SetModemControl
 .text.USART_GetModemStatus
                0x08207ddc       0x5c ./wiseconnect3_sdk_3.3.1/components/device/silabs/si91x/mcu/drivers/peripheral_drivers/src/rsi_usart.o
                0x08207ddc                USART_GetModemStatus
 .text.RSI_IPMU_UpdateIpmuCalibData_efuse
                0x08207e38      0x300 ./wiseconnect3_sdk_3.3.1/components/device/silabs/si91x/mcu/drivers/systemlevel/src/rsi_ipmu.o
                0x08207e38                RSI_IPMU_UpdateIpmuCalibData_efuse
 .text.RSI_Ipmu_Init
                0x08208138        0x4 ./wiseconnect3_sdk_3.3.1/components/device/silabs/si91x/mcu/drivers/systemlevel/src/rsi_ipmu.o
                0x08208138                RSI_Ipmu_Init
 .text.RSI_Configure_Ipmu_Mode
                0x0820813c        0x6 ./wiseconnect3_sdk_3.3.1/components/device/silabs/si91x/mcu/drivers/systemlevel/src/rsi_ipmu.o
                0x0820813c                RSI_Configure_Ipmu_Mode
 *fill*         0x08208142        0x2 
 .text.RSI_IPMU_ClockMuxSel
                0x08208144       0x40 ./wiseconnect3_sdk_3.3.1/components/device/silabs/si91x/mcu/drivers/systemlevel/src/rsi_ipmu.o
                0x08208144                RSI_IPMU_ClockMuxSel
 .text.RSI_IPMU_ProgramConfigData
                0x08208184       0xea ./wiseconnect3_sdk_3.3.1/components/device/silabs/si91x/mcu/drivers/systemlevel/src/rsi_ipmu.o
                0x08208184                RSI_IPMU_ProgramConfigData
 *fill*         0x0820826e        0x2 
 .text.RSI_IPMU_Retn_Voltage_Reduction
                0x08208270       0x14 ./wiseconnect3_sdk_3.3.1/components/device/silabs/si91x/mcu/drivers/systemlevel/src/rsi_ipmu.o
                0x08208270                RSI_IPMU_Retn_Voltage_Reduction
 .text.RSI_IPMU_Retn_Voltage_To_Default
                0x08208284       0x10 ./wiseconnect3_sdk_3.3.1/components/device/silabs/si91x/mcu/drivers/systemlevel/src/rsi_ipmu.o
                0x08208284                RSI_IPMU_Retn_Voltage_To_Default
 .text.RSI_IPMU_Set_Higher_Pwm_Ro_Frequency_Mode_to_PMU
                0x08208294       0x14 ./wiseconnect3_sdk_3.3.1/components/device/silabs/si91x/mcu/drivers/systemlevel/src/rsi_ipmu.o
                0x08208294                RSI_IPMU_Set_Higher_Pwm_Ro_Frequency_Mode_to_PMU
 .text.RSI_IPMU_M32rc_OscTrimEfuse
                0x082082a8       0x28 ./wiseconnect3_sdk_3.3.1/components/device/silabs/si91x/mcu/drivers/systemlevel/src/rsi_ipmu.o
                0x082082a8                RSI_IPMU_M32rc_OscTrimEfuse
 .text.RSI_IPMU_DBLR32M_TrimEfuse
                0x082082d0       0x18 ./wiseconnect3_sdk_3.3.1/components/device/silabs/si91x/mcu/drivers/systemlevel/src/rsi_ipmu.o
                0x082082d0                RSI_IPMU_DBLR32M_TrimEfuse
 .text.RSI_IPMU_M20roOsc_TrimEfuse
                0x082082e8       0x28 ./wiseconnect3_sdk_3.3.1/components/device/silabs/si91x/mcu/drivers/systemlevel/src/rsi_ipmu.o
                0x082082e8                RSI_IPMU_M20roOsc_TrimEfuse
 .text.RSI_IPMU_RO32khz_TrimEfuse
                0x08208310       0x18 ./wiseconnect3_sdk_3.3.1/components/device/silabs/si91x/mcu/drivers/systemlevel/src/rsi_ipmu.o
                0x08208310                RSI_IPMU_RO32khz_TrimEfuse
 .text.RSI_IPMU_RC32khz_TrimEfuse
                0x08208328       0x18 ./wiseconnect3_sdk_3.3.1/components/device/silabs/si91x/mcu/drivers/systemlevel/src/rsi_ipmu.o
                0x08208328                RSI_IPMU_RC32khz_TrimEfuse
 .text._usdelay
                0x08208340        0x6 ./wiseconnect3_sdk_3.3.1/components/device/silabs/si91x/mcu/drivers/systemlevel/src/rsi_pll.o
 *fill*         0x08208346        0x2 
 .text.ulpss_enable_ref_clks
                0x08208348       0xf8 ./wiseconnect3_sdk_3.3.1/components/device/silabs/si91x/mcu/drivers/systemlevel/src/rsi_pll.o
                0x08208348                ulpss_enable_ref_clks
 .text.clk_m4ss_ref_clk_config
                0x08208440       0xcc ./wiseconnect3_sdk_3.3.1/components/device/silabs/si91x/mcu/drivers/systemlevel/src/rsi_pll.o
                0x08208440                clk_m4ss_ref_clk_config
 .text.ulpss_ref_clk_config
                0x0820850c       0xbc ./wiseconnect3_sdk_3.3.1/components/device/silabs/si91x/mcu/drivers/systemlevel/src/rsi_ulpss_clk.o
                0x0820850c                ulpss_ref_clk_config
 .text.sli_si91x_platform_init
                0x082085c8       0x78 ./wiseconnect3_sdk_3.3.1/components/device/silabs/si91x/wireless/ahb_interface/src/sl_platform.o
                0x082085c8                sli_si91x_platform_init
 .text.si91x_bootup_firmware
                0x08208640       0x94 ./wiseconnect3_sdk_3.3.1/components/device/silabs/si91x/wireless/ahb_interface/src/sl_platform.o
                0x08208640                si91x_bootup_firmware
 .text.sli_si91x_configure_wireless_frontend_controls
                0x082086d4       0x44 ./wiseconnect3_sdk_3.3.1/components/device/silabs/si91x/wireless/ahb_interface/src/sl_platform_wireless.o
                0x082086d4                sli_si91x_configure_wireless_frontend_controls
 .text.rsi_waitfor_boardready
                0x08208718       0x44 ./wiseconnect3_sdk_3.3.1/components/device/silabs/si91x/wireless/ahb_interface/src/sli_siwx917_soc.o
                0x08208718                rsi_waitfor_boardready
 .text.rsi_select_option
                0x0820875c       0x80 ./wiseconnect3_sdk_3.3.1/components/device/silabs/si91x/wireless/ahb_interface/src/sli_siwx917_soc.o
                0x0820875c                rsi_select_option
 .text.unmask_ta_interrupt
                0x082087dc        0xc ./wiseconnect3_sdk_3.3.1/components/device/silabs/si91x/wireless/ahb_interface/src/sli_siwx917_soc.o
                0x082087dc                unmask_ta_interrupt
 .text.sli_m4_ta_interrupt_init
                0x082087e8       0x2c ./wiseconnect3_sdk_3.3.1/components/device/silabs/si91x/wireless/ahb_interface/src/sli_siwx917_soc.o
                0x082087e8                sli_m4_ta_interrupt_init
 .text.sl_si91x_errno
                0x08208814       0x1c ./wiseconnect3_sdk_3.3.1/components/device/silabs/si91x/wireless/errno/src/sl_si91x_errno.o
                0x08208814                sl_si91x_errno
 .text.sl_si91x_bus_rx_irq_handler
                0x08208830        0x4 ./wiseconnect3_sdk_3.3.1/components/device/silabs/si91x/wireless/host_mcu/si91x/siwx917_soc_ncp_host.o
                0x08208830                sl_si91x_bus_rx_irq_handler
 .text.sl_si91x_bus_rx_done_handler
                0x08208834        0x2 ./wiseconnect3_sdk_3.3.1/components/device/silabs/si91x/wireless/host_mcu/si91x/siwx917_soc_ncp_host.o
                0x08208834                sl_si91x_bus_rx_done_handler
 .text.sl_si91x_bus_init
                0x08208836        0x4 ./wiseconnect3_sdk_3.3.1/components/device/silabs/si91x/wireless/host_mcu/si91x/siwx917_soc_ncp_host.o
                0x08208836                sl_si91x_bus_init
 .text.sl_si91x_host_init
                0x0820883a        0xa ./wiseconnect3_sdk_3.3.1/components/device/silabs/si91x/wireless/host_mcu/si91x/siwx917_soc_ncp_host.o
                0x0820883a                sl_si91x_host_init
 .text.sl_si91x_host_deinit
                0x08208844        0x4 ./wiseconnect3_sdk_3.3.1/components/device/silabs/si91x/wireless/host_mcu/si91x/siwx917_soc_ncp_host.o
                0x08208844                sl_si91x_host_deinit
 .text.sl_si91x_host_hold_in_reset
                0x08208848        0x2 ./wiseconnect3_sdk_3.3.1/components/device/silabs/si91x/wireless/host_mcu/si91x/siwx917_soc_ncp_host.o
                0x08208848                sl_si91x_host_hold_in_reset
 .text.sl_si91x_host_release_from_reset
                0x0820884a        0x2 ./wiseconnect3_sdk_3.3.1/components/device/silabs/si91x/wireless/host_mcu/si91x/siwx917_soc_ncp_host.o
                0x0820884a                sl_si91x_host_release_from_reset
 .text.sl_si91x_host_enable_bus_interrupt
                0x0820884c        0x2 ./wiseconnect3_sdk_3.3.1/components/device/silabs/si91x/wireless/host_mcu/si91x/siwx917_soc_ncp_host.o
                0x0820884c                sl_si91x_host_enable_bus_interrupt
 .text.sl_si91x_host_disable_bus_interrupt
                0x0820884e        0x2 ./wiseconnect3_sdk_3.3.1/components/device/silabs/si91x/wireless/host_mcu/si91x/siwx917_soc_ncp_host.o
                0x0820884e                sl_si91x_host_disable_bus_interrupt
 .text.sl_si91x_host_is_in_irq_context
                0x08208850       0x14 ./wiseconnect3_sdk_3.3.1/components/device/silabs/si91x/wireless/host_mcu/si91x/siwx917_soc_ncp_host.o
                0x08208850                sl_si91x_host_is_in_irq_context
 .text.sl_si91x_send_ping
                0x08208864       0x88 ./wiseconnect3_sdk_3.3.1/components/device/silabs/si91x/wireless/icmp/sl_net_ping.o
                0x08208864                sl_si91x_send_ping
 .text.convert_si91x_dns_response
                0x082088ec       0x2a ./wiseconnect3_sdk_3.3.1/components/device/silabs/si91x/wireless/sl_net/src/sl_net_rsi_utility.o
                0x082088ec                convert_si91x_dns_response
 .text.convert_si91x_event_to_sl_net_event
                0x08208916       0x3c ./wiseconnect3_sdk_3.3.1/components/device/silabs/si91x/wireless/sl_net/src/sl_net_rsi_utility.o
                0x08208916                convert_si91x_event_to_sl_net_event
 .text.si91x_node_free_function
                0x08208952        0x4 ./wiseconnect3_sdk_3.3.1/components/device/silabs/si91x/wireless/sl_net/src/sl_net_si91x_integration_handler.o
 *fill*         0x08208956        0x2 
 .text.sl_net_si91x_event_dispatch_handler
                0x08208958       0xa4 ./wiseconnect3_sdk_3.3.1/components/device/silabs/si91x/wireless/sl_net/src/sl_net_si91x_integration_handler.o
                0x08208958                sl_net_si91x_event_dispatch_handler
 .text.sli_si91x_network_cleanup_handler
                0x082089fc        0x2 ./wiseconnect3_sdk_3.3.1/components/device/silabs/si91x/wireless/sl_net/src/sl_net_si91x_integration_handler.o
                0x082089fc                sli_si91x_network_cleanup_handler
 .text.convert_to_si91x_cert_type
                0x082089fe       0x86 ./wiseconnect3_sdk_3.3.1/components/device/silabs/si91x/wireless/sl_net/src/sl_si91x_net_credentials.o
 .text.sl_si91x_set_credential
                0x08208a84       0x40 ./wiseconnect3_sdk_3.3.1/components/device/silabs/si91x/wireless/sl_net/src/sl_si91x_net_credentials.o
                0x08208a84                sl_si91x_set_credential
 .text.sl_si91x_host_get_credentials
                0x08208ac4       0x4a ./wiseconnect3_sdk_3.3.1/components/device/silabs/si91x/wireless/sl_net/src/sl_si91x_net_credentials.o
                0x08208ac4                sl_si91x_host_get_credentials
 *fill*         0x08208b0e        0x2 
 .text.sl_si91x_configure_ip_address
                0x08208b10      0x1a8 ./wiseconnect3_sdk_3.3.1/components/device/silabs/si91x/wireless/sl_net/src/sl_si91x_net_internal_stack.o
                0x08208b10                sl_si91x_configure_ip_address
 .text.si91x_socket_node_free_function
                0x08208cb8        0x4 ./wiseconnect3_sdk_3.3.1/components/device/silabs/si91x/wireless/socket/src/sl_si91x_socket_utility.o
 .text.si91x_socket_identification_function
                0x08208cbc       0xac ./wiseconnect3_sdk_3.3.1/components/device/silabs/si91x/wireless/socket/src/sl_si91x_socket_utility.o
 .text.handle_accept_response
                0x08208d68       0x4c ./wiseconnect3_sdk_3.3.1/components/device/silabs/si91x/wireless/socket/src/sl_si91x_socket_utility.o
                0x08208d68                handle_accept_response
 .text.handle_select_response
                0x08208db4       0x70 ./wiseconnect3_sdk_3.3.1/components/device/silabs/si91x/wireless/socket/src/sl_si91x_socket_utility.o
                0x08208db4                handle_select_response
 .text.sli_si91x_set_accept_callback
                0x08208e24        0xa ./wiseconnect3_sdk_3.3.1/components/device/silabs/si91x/wireless/socket/src/sl_si91x_socket_utility.o
                0x08208e24                sli_si91x_set_accept_callback
 *fill*         0x08208e2e        0x2 
 .text.reset_socket_state
                0x08208e30       0x34 ./wiseconnect3_sdk_3.3.1/components/device/silabs/si91x/wireless/socket/src/sl_si91x_socket_utility.o
                0x08208e30                reset_socket_state
 .text.sl_si91x_vap_shutdown
                0x08208e64       0x38 ./wiseconnect3_sdk_3.3.1/components/device/silabs/si91x/wireless/socket/src/sl_si91x_socket_utility.o
                0x08208e64                sl_si91x_vap_shutdown
 .text.get_si91x_socket
                0x08208e9c        0xc ./wiseconnect3_sdk_3.3.1/components/device/silabs/si91x/wireless/socket/src/sl_si91x_socket_utility.o
                0x08208e9c                get_si91x_socket
 .text.get_free_socket
                0x08208ea8       0x68 ./wiseconnect3_sdk_3.3.1/components/device/silabs/si91x/wireless/socket/src/sl_si91x_socket_utility.o
                0x08208ea8                get_free_socket
 .text.is_port_available
                0x08208f10       0x24 ./wiseconnect3_sdk_3.3.1/components/device/silabs/si91x/wireless/socket/src/sl_si91x_socket_utility.o
                0x08208f10                is_port_available
 .text.create_and_send_socket_request
                0x08208f34      0x224 ./wiseconnect3_sdk_3.3.1/components/device/silabs/si91x/wireless/socket/src/sl_si91x_socket_utility.o
                0x08208f34                create_and_send_socket_request
 .text.sli_si91x_sync_accept_command
                0x08209158       0x3a ./wiseconnect3_sdk_3.3.1/components/device/silabs/si91x/wireless/socket/src/sl_si91x_socket_utility.o
                0x08209158                sli_si91x_sync_accept_command
 *fill*         0x08209192        0x2 
 .text.si91x_socket_event_handler
                0x08209194      0x198 ./wiseconnect3_sdk_3.3.1/components/device/silabs/si91x/wireless/socket/src/sl_si91x_socket_utility.o
                0x08209194                si91x_socket_event_handler
 .text.sl_si91x_socket_driver_send_command
                0x0820932c       0x58 ./wiseconnect3_sdk_3.3.1/components/device/silabs/si91x/wireless/socket/src/sl_si91x_socket_utility.o
                0x0820932c                sl_si91x_socket_driver_send_command
 .text.sli_si91x_shutdown
                0x08209384       0xf4 ./wiseconnect3_sdk_3.3.1/components/device/silabs/si91x/wireless/socket/src/sl_si91x_socket_utility.o
                0x08209384                sli_si91x_shutdown
 .text.sli_si91x_connect
                0x08209478       0xe4 ./wiseconnect3_sdk_3.3.1/components/device/silabs/si91x/wireless/socket/src/sl_si91x_socket_utility.o
                0x08209478                sli_si91x_connect
 .text.sli_si91x_bind
                0x0820955c       0xa4 ./wiseconnect3_sdk_3.3.1/components/device/silabs/si91x/wireless/socket/src/sl_si91x_socket_utility.o
                0x0820955c                sli_si91x_bind
 .text.sl_si91x_register_event_handler
                0x08209600        0xc ./wiseconnect3_sdk_3.3.1/components/device/silabs/si91x/wireless/src/sl_si91x_callback_framework.o
                0x08209600                sl_si91x_register_event_handler
 .text.sl_si91x_default_handler
                0x0820960c       0x94 ./wiseconnect3_sdk_3.3.1/components/device/silabs/si91x/wireless/src/sl_si91x_callback_framework.o
                0x0820960c                sl_si91x_default_handler
 .text.get_configured_join_request
                0x082096a0      0x118 ./wiseconnect3_sdk_3.3.1/components/protocol/wifi/si91x/sl_wifi.o
 .text.sl_wifi_init
                0x082097b8       0x2e ./wiseconnect3_sdk_3.3.1/components/protocol/wifi/si91x/sl_wifi.o
                0x082097b8                sl_wifi_init
 .text.sl_wifi_wait_for_scan_results
                0x082097e6        0x4 ./wiseconnect3_sdk_3.3.1/components/protocol/wifi/si91x/sl_wifi.o
                0x082097e6                sl_wifi_wait_for_scan_results
 .text.sl_wifi_set_mac_address
                0x082097ea       0x26 ./wiseconnect3_sdk_3.3.1/components/protocol/wifi/si91x/sl_wifi.o
                0x082097ea                sl_wifi_set_mac_address
 .text.sl_wifi_get_mac_address
                0x08209810       0x80 ./wiseconnect3_sdk_3.3.1/components/protocol/wifi/si91x/sl_wifi.o
                0x08209810                sl_wifi_get_mac_address
 .text.sl_wifi_start_ap
                0x08209890      0x1c0 ./wiseconnect3_sdk_3.3.1/components/protocol/wifi/si91x/sl_wifi.o
                0x08209890                sl_wifi_start_ap
 .text.sl_wifi_get_pairwise_master_key
                0x08209a50       0x94 ./wiseconnect3_sdk_3.3.1/components/protocol/wifi/si91x/sl_wifi.o
                0x08209a50                sl_wifi_get_pairwise_master_key
 .text.sl_wifi_get_ap_client_info
                0x08209ae4       0x9c ./wiseconnect3_sdk_3.3.1/components/protocol/wifi/si91x/sl_wifi.o
                0x08209ae4                sl_wifi_get_ap_client_info
 .text.sl_wifi_get_firmware_version
                0x08209b80        0x4 ./wiseconnect3_sdk_3.3.1/components/protocol/wifi/si91x/sl_wifi.o
                0x08209b80                sl_wifi_get_firmware_version
 .text.sl_wifi_set_performance_profile
                0x08209b84       0x8c ./wiseconnect3_sdk_3.3.1/components/protocol/wifi/si91x/sl_wifi.o
                0x08209b84                sl_wifi_set_performance_profile
 .text.sl_wifi_get_performance_profile
                0x08209c10       0x18 ./wiseconnect3_sdk_3.3.1/components/protocol/wifi/si91x/sl_wifi.o
                0x08209c10                sl_wifi_get_performance_profile
 .text.sl_wifi_get_default_interface
                0x08209c28        0xc ./wiseconnect3_sdk_3.3.1/components/protocol/wifi/si91x/sl_wifi.o
                0x08209c28                sl_wifi_get_default_interface
 .text.sl_wifi_set_default_interface
                0x08209c34        0xc ./wiseconnect3_sdk_3.3.1/components/protocol/wifi/si91x/sl_wifi.o
                0x08209c34                sl_wifi_set_default_interface
 .text.sl_wifi_deinit
                0x08209c40       0x38 ./wiseconnect3_sdk_3.3.1/components/protocol/wifi/si91x/sl_wifi.o
                0x08209c40                sl_wifi_deinit
 .text.sl_wifi_is_interface_up
                0x08209c78       0x78 ./wiseconnect3_sdk_3.3.1/components/protocol/wifi/si91x/sl_wifi.o
                0x08209c78                sl_wifi_is_interface_up
 .text.sl_wifi_set_antenna
                0x08209cf0       0x4c ./wiseconnect3_sdk_3.3.1/components/protocol/wifi/si91x/sl_wifi.o
                0x08209cf0                sl_wifi_set_antenna
 .text.sl_wifi_start_scan
                0x08209d3c      0x13c ./wiseconnect3_sdk_3.3.1/components/protocol/wifi/si91x/sl_wifi.o
                0x08209d3c                sl_wifi_start_scan
 .text.sl_wifi_connect
                0x08209e78      0x340 ./wiseconnect3_sdk_3.3.1/components/protocol/wifi/si91x/sl_wifi.o
                0x08209e78                sl_wifi_connect
 .text.sl_wifi_set_advanced_client_configuration
                0x0820a1b8       0xa0 ./wiseconnect3_sdk_3.3.1/components/protocol/wifi/si91x/sl_wifi.o
                0x0820a1b8                sl_wifi_set_advanced_client_configuration
 .text.sl_wifi_get_signal_strength
                0x0820a258       0x78 ./wiseconnect3_sdk_3.3.1/components/protocol/wifi/si91x/sl_wifi.o
                0x0820a258                sl_wifi_get_signal_strength
 .text.sl_wifi_set_channel
                0x0820a2d0       0x24 ./wiseconnect3_sdk_3.3.1/components/protocol/wifi/si91x/sl_wifi.o
                0x0820a2d0                sl_wifi_set_channel
 .text.sl_wifi_get_channel
                0x0820a2f4       0x8c ./wiseconnect3_sdk_3.3.1/components/protocol/wifi/si91x/sl_wifi.o
                0x0820a2f4                sl_wifi_get_channel
 .text.sl_wifi_set_max_tx_power
                0x0820a380       0x44 ./wiseconnect3_sdk_3.3.1/components/protocol/wifi/si91x/sl_wifi.o
                0x0820a380                sl_wifi_set_max_tx_power
 .text.sl_wifi_get_max_tx_power
                0x0820a3c4       0x38 ./wiseconnect3_sdk_3.3.1/components/protocol/wifi/si91x/sl_wifi.o
                0x0820a3c4                sl_wifi_get_max_tx_power
 .text.sl_wifi_disconnect_ap_client
                0x0820a3fc       0x54 ./wiseconnect3_sdk_3.3.1/components/protocol/wifi/si91x/sl_wifi.o
                0x0820a3fc                sl_wifi_disconnect_ap_client
 .text.sl_wifi_disconnect
                0x0820a450       0x70 ./wiseconnect3_sdk_3.3.1/components/protocol/wifi/si91x/sl_wifi.o
                0x0820a450                sl_wifi_disconnect
 .text.sl_wifi_stop_ap
                0x0820a4c0       0x88 ./wiseconnect3_sdk_3.3.1/components/protocol/wifi/si91x/sl_wifi.o
                0x0820a4c0                sl_wifi_stop_ap
 .text.sl_wifi_get_statistics
                0x0820a548       0x98 ./wiseconnect3_sdk_3.3.1/components/protocol/wifi/si91x/sl_wifi.o
                0x0820a548                sl_wifi_get_statistics
 .text.sl_wifi_start_statistic_report
                0x0820a5e0       0x48 ./wiseconnect3_sdk_3.3.1/components/protocol/wifi/si91x/sl_wifi.o
                0x0820a5e0                sl_wifi_start_statistic_report
 .text.sl_wifi_stop_statistic_report
                0x0820a628       0x40 ./wiseconnect3_sdk_3.3.1/components/protocol/wifi/si91x/sl_wifi.o
                0x0820a628                sl_wifi_stop_statistic_report
 .text.sl_wifi_set_transmit_rate
                0x0820a668       0x5c ./wiseconnect3_sdk_3.3.1/components/protocol/wifi/si91x/sl_wifi.o
                0x0820a668                sl_wifi_set_transmit_rate
 .text.sl_wifi_get_transmit_rate
                0x0820a6c4       0x40 ./wiseconnect3_sdk_3.3.1/components/protocol/wifi/si91x/sl_wifi.o
                0x0820a6c4                sl_wifi_get_transmit_rate
 .text.sl_wifi_get_ap_client_count
                0x0820a704       0x2c ./wiseconnect3_sdk_3.3.1/components/protocol/wifi/si91x/sl_wifi.o
                0x0820a704                sl_wifi_get_ap_client_count
 .text.sl_wifi_get_ap_client_list
                0x0820a730       0x52 ./wiseconnect3_sdk_3.3.1/components/protocol/wifi/si91x/sl_wifi.o
                0x0820a730                sl_wifi_get_ap_client_list
 *fill*         0x0820a782        0x2 
 .text.sl_wifi_generate_wps_pin
                0x0820a784       0x70 ./wiseconnect3_sdk_3.3.1/components/protocol/wifi/si91x/sl_wifi.o
                0x0820a784                sl_wifi_generate_wps_pin
 .text.sl_wifi_start_wps
                0x0820a7f4       0x70 ./wiseconnect3_sdk_3.3.1/components/protocol/wifi/si91x/sl_wifi.o
                0x0820a7f4                sl_wifi_start_wps
 .text.sl_wifi_set_roam_configuration
                0x0820a864       0x6c ./wiseconnect3_sdk_3.3.1/components/protocol/wifi/si91x/sl_wifi.o
                0x0820a864                sl_wifi_set_roam_configuration
 .text.sl_wifi_set_advanced_scan_configuration
                0x0820a8d0       0x3c ./wiseconnect3_sdk_3.3.1/components/protocol/wifi/si91x/sl_wifi.o
                0x0820a8d0                sl_wifi_set_advanced_scan_configuration
 .text.sl_wifi_get_advanced_scan_configuration
                0x0820a90c       0x38 ./wiseconnect3_sdk_3.3.1/components/protocol/wifi/si91x/sl_wifi.o
                0x0820a90c                sl_wifi_get_advanced_scan_configuration
 .text.sl_wifi_stop_scan
                0x0820a944       0x64 ./wiseconnect3_sdk_3.3.1/components/protocol/wifi/si91x/sl_wifi.o
                0x0820a944                sl_wifi_stop_scan
 .text.sl_wifi_set_ap_configuration
                0x0820a9a8       0x14 ./wiseconnect3_sdk_3.3.1/components/protocol/wifi/si91x/sl_wifi.o
                0x0820a9a8                sl_wifi_set_ap_configuration
 .text.sl_wifi_get_ap_configuration
                0x0820a9bc       0x54 ./wiseconnect3_sdk_3.3.1/components/protocol/wifi/si91x/sl_wifi.o
                0x0820a9bc                sl_wifi_get_ap_configuration
 .text.sl_wifi_test_client_configuration
                0x0820aa10       0x14 ./wiseconnect3_sdk_3.3.1/components/protocol/wifi/si91x/sl_wifi.o
                0x0820aa10                sl_wifi_test_client_configuration
 .text.sl_wifi_send_raw_data_frame
                0x0820aa24       0x3c ./wiseconnect3_sdk_3.3.1/components/protocol/wifi/si91x/sl_wifi.o
                0x0820aa24                sl_wifi_send_raw_data_frame
 .text.sl_wifi_enable_target_wake_time
                0x0820aa60       0xa0 ./wiseconnect3_sdk_3.3.1/components/protocol/wifi/si91x/sl_wifi.o
                0x0820aa60                sl_wifi_enable_target_wake_time
 .text.sl_wifi_disable_target_wake_time
                0x0820ab00       0x30 ./wiseconnect3_sdk_3.3.1/components/protocol/wifi/si91x/sl_wifi.o
                0x0820ab00                sl_wifi_disable_target_wake_time
 .text.sl_wifi_filter_broadcast
                0x0820ab30       0x2c ./wiseconnect3_sdk_3.3.1/components/protocol/wifi/si91x/sl_wifi.o
                0x0820ab30                sl_wifi_filter_broadcast
 .text.sl_wifi_update_gain_table
                0x0820ab5c       0x5c ./wiseconnect3_sdk_3.3.1/components/protocol/wifi/si91x/sl_wifi.o
                0x0820ab5c                sl_wifi_update_gain_table
 .text.sl_wifi_set_11ax_config
                0x0820abb8        0x4 ./wiseconnect3_sdk_3.3.1/components/protocol/wifi/si91x/sl_wifi.o
                0x0820abb8                sl_wifi_set_11ax_config
 .text.get_event_group_from_event
                0x0820abbc       0xbc ./wiseconnect3_sdk_3.3.1/components/protocol/wifi/src/sl_wifi_callback_framework.o
 .text.sl_wifi_set_callback
                0x0820ac78       0x28 ./wiseconnect3_sdk_3.3.1/components/protocol/wifi/src/sl_wifi_callback_framework.o
                0x0820ac78                sl_wifi_set_callback
 .text.sl_wifi_default_event_handler
                0x0820aca0      0x128 ./wiseconnect3_sdk_3.3.1/components/protocol/wifi/src/sl_wifi_callback_framework.o
                0x0820aca0                sl_wifi_default_event_handler
 .text.sli_si91x_get_sock_address
                0x0820adc8       0x78 ./wiseconnect3_sdk_3.3.1/components/service/bsd_socket/si91x_socket/sl_si91x_bsd_socket.o
 .text.__h_errno_location
                0x0820ae40        0x8 ./wiseconnect3_sdk_3.3.1/components/service/bsd_socket/si91x_socket/sl_si91x_bsd_socket.o
                0x0820ae40                __h_errno_location
 .text.sl_si91x_get_socket_mss
                0x0820ae48       0x56 ./wiseconnect3_sdk_3.3.1/components/service/bsd_socket/si91x_socket/sl_si91x_bsd_socket.o
                0x0820ae48                sl_si91x_get_socket_mss
 *fill*         0x0820ae9e        0x2 
 .text.socket   0x0820aea0       0x84 ./wiseconnect3_sdk_3.3.1/components/service/bsd_socket/si91x_socket/sl_si91x_bsd_socket.o
                0x0820aea0                socket
 .text.bind     0x0820af24        0x4 ./wiseconnect3_sdk_3.3.1/components/service/bsd_socket/si91x_socket/sl_si91x_bsd_socket.o
                0x0820af24                bind
 .text.listen   0x0820af28       0x5c ./wiseconnect3_sdk_3.3.1/components/service/bsd_socket/si91x_socket/sl_si91x_bsd_socket.o
                0x0820af28                listen
 .text.connect  0x0820af84        0x4 ./wiseconnect3_sdk_3.3.1/components/service/bsd_socket/si91x_socket/sl_si91x_bsd_socket.o
                0x0820af84                connect
 .text.sendto   0x0820af88      0x1e6 ./wiseconnect3_sdk_3.3.1/components/service/bsd_socket/si91x_socket/sl_si91x_bsd_socket.o
                0x0820af88                sendto
 .text.send     0x0820b16e       0x10 ./wiseconnect3_sdk_3.3.1/components/service/bsd_socket/si91x_socket/sl_si91x_bsd_socket.o
                0x0820b16e                send
 .text.recvfrom
                0x0820b17e      0x18e ./wiseconnect3_sdk_3.3.1/components/service/bsd_socket/si91x_socket/sl_si91x_bsd_socket.o
                0x0820b17e                recvfrom
 .text.recv     0x0820b30c       0x10 ./wiseconnect3_sdk_3.3.1/components/service/bsd_socket/si91x_socket/sl_si91x_bsd_socket.o
                0x0820b30c                recv
 .text.getsockname
                0x0820b31c        0x6 ./wiseconnect3_sdk_3.3.1/components/service/bsd_socket/si91x_socket/sl_si91x_bsd_socket.o
                0x0820b31c                getsockname
 .text.getpeername
                0x0820b322        0x6 ./wiseconnect3_sdk_3.3.1/components/service/bsd_socket/si91x_socket/sl_si91x_bsd_socket.o
                0x0820b322                getpeername
 .text.setsockopt
                0x0820b328      0x18c ./wiseconnect3_sdk_3.3.1/components/service/bsd_socket/si91x_socket/sl_si91x_bsd_socket.o
                0x0820b328                setsockopt
 .text.getsockopt
                0x0820b4b4      0x164 ./wiseconnect3_sdk_3.3.1/components/service/bsd_socket/si91x_socket/sl_si91x_bsd_socket.o
                0x0820b4b4                getsockopt
 .text.close    0x0820b618       0x16 ./wiseconnect3_sdk_3.3.1/components/service/bsd_socket/si91x_socket/sl_si91x_bsd_socket.o
                0x0820b618                close
 .text.accept   0x0820b62e       0xde ./wiseconnect3_sdk_3.3.1/components/service/bsd_socket/si91x_socket/sl_si91x_bsd_socket.o
                0x0820b62e                accept
 .text.gethostbyname
                0x0820b70c       0x54 ./wiseconnect3_sdk_3.3.1/components/service/bsd_socket/si91x_socket/sl_si91x_bsd_socket.o
                0x0820b70c                gethostbyname
 .text.gethostbyname2
                0x0820b760       0x70 ./wiseconnect3_sdk_3.3.1/components/service/bsd_socket/si91x_socket/sl_si91x_bsd_socket.o
                0x0820b760                gethostbyname2
 .text.select   0x0820b7d0      0x142 ./wiseconnect3_sdk_3.3.1/components/service/bsd_socket/si91x_socket/sl_si91x_bsd_socket.o
                0x0820b7d0                select
 *fill*         0x0820b912        0x2 
 .text.sli_si91x_send_multicast_request.constprop.0
                0x0820b914       0x74 ./wiseconnect3_sdk_3.3.1/components/service/network_manager/si91x/sl_net_si91x.o
 .text.sl_net_wifi_client_init
                0x0820b988       0x1c ./wiseconnect3_sdk_3.3.1/components/service/network_manager/si91x/sl_net_si91x.o
                0x0820b988                sl_net_wifi_client_init
 .text.sl_net_wifi_client_deinit
                0x0820b9a4        0x4 ./wiseconnect3_sdk_3.3.1/components/service/network_manager/si91x/sl_net_si91x.o
                0x0820b9a4                sl_net_wifi_client_deinit
 .text.sl_net_wifi_client_up
                0x0820b9a8       0x36 ./wiseconnect3_sdk_3.3.1/components/service/network_manager/si91x/sl_net_si91x.o
                0x0820b9a8                sl_net_wifi_client_up
 .text.sl_net_wifi_client_down
                0x0820b9de        0x6 ./wiseconnect3_sdk_3.3.1/components/service/network_manager/si91x/sl_net_si91x.o
                0x0820b9de                sl_net_wifi_client_down
 .text.sl_net_wifi_ap_init
                0x0820b9e4        0x4 ./wiseconnect3_sdk_3.3.1/components/service/network_manager/si91x/sl_net_si91x.o
                0x0820b9e4                sl_net_wifi_ap_init
 .text.sl_net_wifi_ap_deinit
                0x0820b9e8        0x4 ./wiseconnect3_sdk_3.3.1/components/service/network_manager/si91x/sl_net_si91x.o
                0x0820b9e8                sl_net_wifi_ap_deinit
 .text.sl_net_wifi_ap_up
                0x0820b9ec       0x3c ./wiseconnect3_sdk_3.3.1/components/service/network_manager/si91x/sl_net_si91x.o
                0x0820b9ec                sl_net_wifi_ap_up
 .text.sl_net_wifi_ap_down
                0x0820ba28        0x6 ./wiseconnect3_sdk_3.3.1/components/service/network_manager/si91x/sl_net_si91x.o
                0x0820ba28                sl_net_wifi_ap_down
 .text.sl_net_join_multicast_address
                0x0820ba2e        0x8 ./wiseconnect3_sdk_3.3.1/components/service/network_manager/si91x/sl_net_si91x.o
                0x0820ba2e                sl_net_join_multicast_address
 .text.sl_net_leave_multicast_address
                0x0820ba36        0x8 ./wiseconnect3_sdk_3.3.1/components/service/network_manager/si91x/sl_net_si91x.o
                0x0820ba36                sl_net_leave_multicast_address
 .text.sl_net_host_get_by_name
                0x0820ba3e       0x82 ./wiseconnect3_sdk_3.3.1/components/service/network_manager/si91x/sl_net_si91x.o
                0x0820ba3e                sl_net_host_get_by_name
 .text.sl_net_init
                0x0820bac0      0x130 ./wiseconnect3_sdk_3.3.1/components/service/network_manager/src/sl_net.o
                0x0820bac0                sl_net_init
 .text.sl_net_inet_addr
                0x0820bbf0       0x5e ./wiseconnect3_sdk_3.3.1/components/service/network_manager/src/sl_net.o
                0x0820bbf0                sl_net_inet_addr
 .text.sli_si91x_check_cred_type
                0x0820bc4e        0xc ./wiseconnect3_sdk_3.3.1/components/service/network_manager/src/sl_net_basic_credentials.o
 *fill*         0x0820bc5a        0x2 
 .text.sl_net_set_credential
                0x0820bc5c       0xdc ./wiseconnect3_sdk_3.3.1/components/service/network_manager/src/sl_net_basic_credentials.o
                0x0820bc5c                sl_net_set_credential
 .text.sl_net_get_credential
                0x0820bd38       0x80 ./wiseconnect3_sdk_3.3.1/components/service/network_manager/src/sl_net_basic_credentials.o
                0x0820bd38                sl_net_get_credential
 .text.sl_net_set_profile
                0x0820bdb8       0x3c ./wiseconnect3_sdk_3.3.1/components/service/network_manager/src/sl_net_basic_profiles.o
                0x0820bdb8                sl_net_set_profile
 .text.sl_net_get_profile
                0x0820bdf4       0x44 ./wiseconnect3_sdk_3.3.1/components/service/network_manager/src/sl_net_basic_profiles.o
                0x0820bdf4                sl_net_get_profile
 .text.sli_si91x_errno_to_rc
                0x0820be38       0x1c ./wiseconnect3_sdk_3.3.1/third_party/iot_socket/source/bsd_socket/iot_socket.o
 .text.sli_si91x_construct_remote_host_address
                0x0820be54       0x38 ./wiseconnect3_sdk_3.3.1/third_party/iot_socket/source/bsd_socket/iot_socket.o
 .text.iotSocketCreate
                0x0820be8c       0x52 ./wiseconnect3_sdk_3.3.1/third_party/iot_socket/source/bsd_socket/iot_socket.o
                0x0820be8c                iotSocketCreate
 .text.iotSocketClose
                0x0820bede       0x14 ./wiseconnect3_sdk_3.3.1/third_party/iot_socket/source/bsd_socket/iot_socket.o
                0x0820bede                iotSocketClose
 .text.iotSocketBind
                0x0820bef2       0x3e ./wiseconnect3_sdk_3.3.1/third_party/iot_socket/source/bsd_socket/iot_socket.o
                0x0820bef2                iotSocketBind
 .text.iotSocketListen
                0x0820bf30       0x14 ./wiseconnect3_sdk_3.3.1/third_party/iot_socket/source/bsd_socket/iot_socket.o
                0x0820bf30                iotSocketListen
 .text.iotSocketAccept
                0x0820bf44       0x6c ./wiseconnect3_sdk_3.3.1/third_party/iot_socket/source/bsd_socket/iot_socket.o
                0x0820bf44                iotSocketAccept
 .text.iotSocketConnect
                0x0820bfb0       0x48 ./wiseconnect3_sdk_3.3.1/third_party/iot_socket/source/bsd_socket/iot_socket.o
                0x0820bfb0                iotSocketConnect
 .text.iotSocketSend
                0x0820bff8       0x24 ./wiseconnect3_sdk_3.3.1/third_party/iot_socket/source/bsd_socket/iot_socket.o
                0x0820bff8                iotSocketSend
 .text.iotSocketSendTo
                0x0820c01c       0x56 ./wiseconnect3_sdk_3.3.1/third_party/iot_socket/source/bsd_socket/iot_socket.o
                0x0820c01c                iotSocketSendTo
 .text.iotSocketGetSockName
                0x0820c072       0x6e ./wiseconnect3_sdk_3.3.1/third_party/iot_socket/source/bsd_socket/iot_socket.o
                0x0820c072                iotSocketGetSockName
 .text.iotSocketGetPeerName
                0x0820c0e0       0x6e ./wiseconnect3_sdk_3.3.1/third_party/iot_socket/source/bsd_socket/iot_socket.o
                0x0820c0e0                iotSocketGetPeerName
 .text.iotSocketSetOpt
                0x0820c14e       0x38 ./wiseconnect3_sdk_3.3.1/third_party/iot_socket/source/bsd_socket/iot_socket.o
                0x0820c14e                iotSocketSetOpt
 .text.iotSocketGetOpt
                0x0820c186       0x66 ./wiseconnect3_sdk_3.3.1/third_party/iot_socket/source/bsd_socket/iot_socket.o
                0x0820c186                iotSocketGetOpt
 .text.iotSocketRecv
                0x0820c1ec       0x1e ./wiseconnect3_sdk_3.3.1/third_party/iot_socket/source/bsd_socket/iot_socket.o
                0x0820c1ec                iotSocketRecv
 .text.iotSocketRecvFrom