Archive member included to satisfy reference by file (symbol)

c:/siliconlabs/simplicitystudio/v5/developer/toolchains/gnu_arm/12.2.rel1_2023.7/bin/../lib/gcc/arm-none-eabi/12.2.1/thumb/v7e-m+fp/softfp\libgcc.a(_arm_muldf3.o)
                              ./ble_commands.o (__aeabi_dmul)
c:/siliconlabs/simplicitystudio/v5/developer/toolchains/gnu_arm/12.2.rel1_2023.7/bin/../lib/gcc/arm-none-eabi/12.2.1/thumb/v7e-m+fp/softfp\libgcc.a(_arm_addsubdf3.o)
                              ./wiseconnect3_sdk_3.3.3/components/device/silabs/si91x/mcu/drivers/peripheral_drivers/src/clock_update.o (__aeabi_dadd)
c:/siliconlabs/simplicitystudio/v5/developer/toolchains/gnu_arm/12.2.rel1_2023.7/bin/../lib/gcc/arm-none-eabi/12.2.1/thumb/v7e-m+fp/softfp\libgcc.a(_arm_muldivdf3.o)
                              ./ble_commands.o (__aeabi_ddiv)
c:/siliconlabs/simplicitystudio/v5/developer/toolchains/gnu_arm/12.2.rel1_2023.7/bin/../lib/gcc/arm-none-eabi/12.2.1/thumb/v7e-m+fp/softfp\libgcc.a(_arm_fixunsdfsi.o)
                              ./wiseconnect3_sdk_3.3.3/components/device/silabs/si91x/mcu/drivers/peripheral_drivers/src/clock_update.o (__aeabi_d2uiz)
c:/siliconlabs/simplicitystudio/v5/developer/toolchains/gnu_arm/12.2.rel1_2023.7/bin/../lib/gcc/arm-none-eabi/12.2.1/thumb/v7e-m+fp/softfp\libgcc.a(_arm_truncdfsf2.o)
                              ./ble_commands.o (__aeabi_d2f)
c:/siliconlabs/simplicitystudio/v5/developer/toolchains/gnu_arm/12.2.rel1_2023.7/bin/../lib/gcc/arm-none-eabi/12.2.1/thumb/v7e-m+fp/softfp\libc_nano.a(libc_a-assert.o)
                              ./wiseconnect3_sdk_3.3.3/components/device/silabs/si91x/wireless/src/sl_si91x_driver.o (__assert_func)
c:/siliconlabs/simplicitystudio/v5/developer/toolchains/gnu_arm/12.2.rel1_2023.7/bin/../lib/gcc/arm-none-eabi/12.2.1/thumb/v7e-m+fp/softfp\libc_nano.a(libc_a-exit.o)
                              c:/siliconlabs/simplicitystudio/v5/developer/toolchains/gnu_arm/12.2.rel1_2023.7/bin/../lib/gcc/arm-none-eabi/12.2.1/thumb/v7e-m+fp/softfp/crt0.o (exit)
c:/siliconlabs/simplicitystudio/v5/developer/toolchains/gnu_arm/12.2.rel1_2023.7/bin/../lib/gcc/arm-none-eabi/12.2.1/thumb/v7e-m+fp/softfp\libc_nano.a(libc_a-malloc.o)
                              ./demo.o (malloc)
c:/siliconlabs/simplicitystudio/v5/developer/toolchains/gnu_arm/12.2.rel1_2023.7/bin/../lib/gcc/arm-none-eabi/12.2.1/thumb/v7e-m+fp/softfp\libc_nano.a(libc_a-mallocr.o)
                              c:/siliconlabs/simplicitystudio/v5/developer/toolchains/gnu_arm/12.2.rel1_2023.7/bin/../lib/gcc/arm-none-eabi/12.2.1/thumb/v7e-m+fp/softfp\libc_nano.a(libc_a-malloc.o) (_malloc_r)
c:/siliconlabs/simplicitystudio/v5/developer/toolchains/gnu_arm/12.2.rel1_2023.7/bin/../lib/gcc/arm-none-eabi/12.2.1/thumb/v7e-m+fp/softfp\libc_nano.a(libc_a-mlock.o)
                              c:/siliconlabs/simplicitystudio/v5/developer/toolchains/gnu_arm/12.2.rel1_2023.7/bin/../lib/gcc/arm-none-eabi/12.2.1/thumb/v7e-m+fp/softfp\libc_nano.a(libc_a-mallocr.o) (__malloc_lock)
c:/siliconlabs/simplicitystudio/v5/developer/toolchains/gnu_arm/12.2.rel1_2023.7/bin/../lib/gcc/arm-none-eabi/12.2.1/thumb/v7e-m+fp/softfp\libc_nano.a(libc_a-strtoul.o)
                              ./wiseconnect3_sdk_3.3.3/components/common/src/sl_utility.o (strtoul)
c:/siliconlabs/simplicitystudio/v5/developer/toolchains/gnu_arm/12.2.rel1_2023.7/bin/../lib/gcc/arm-none-eabi/12.2.1/thumb/v7e-m+fp/softfp\libc_nano.a(libc_a-ctype_.o)
                              ./simplicity_sdk_2024.6.2/platform/common/src/sl_string.o (_ctype_)
c:/siliconlabs/simplicitystudio/v5/developer/toolchains/gnu_arm/12.2.rel1_2023.7/bin/../lib/gcc/arm-none-eabi/12.2.1/thumb/v7e-m+fp/softfp\libc_nano.a(libc_a-nano-vfprintf_float.o)
                              (_printf_float)
c:/siliconlabs/simplicitystudio/v5/developer/toolchains/gnu_arm/12.2.rel1_2023.7/bin/../lib/gcc/arm-none-eabi/12.2.1/thumb/v7e-m+fp/softfp\libc_nano.a(libc_a-nano-vfprintf_i.o)
                              c:/siliconlabs/simplicitystudio/v5/developer/toolchains/gnu_arm/12.2.rel1_2023.7/bin/../lib/gcc/arm-none-eabi/12.2.1/thumb/v7e-m+fp/softfp\libc_nano.a(libc_a-nano-vfprintf_float.o) (_printf_common)
c:/siliconlabs/simplicitystudio/v5/developer/toolchains/gnu_arm/12.2.rel1_2023.7/bin/../lib/gcc/arm-none-eabi/12.2.1/thumb/v7e-m+fp/softfp\libc_nano.a(libc_a-findfp.o)
                              c:/siliconlabs/simplicitystudio/v5/developer/toolchains/gnu_arm/12.2.rel1_2023.7/bin/../lib/gcc/arm-none-eabi/12.2.1/thumb/v7e-m+fp/softfp\libc_nano.a(libc_a-exit.o) (__stdio_exit_handler)
c:/siliconlabs/simplicitystudio/v5/developer/toolchains/gnu_arm/12.2.rel1_2023.7/bin/../lib/gcc/arm-none-eabi/12.2.1/thumb/v7e-m+fp/softfp\libc_nano.a(libc_a-fprintf.o)
                              c:/siliconlabs/simplicitystudio/v5/developer/toolchains/gnu_arm/12.2.rel1_2023.7/bin/../lib/gcc/arm-none-eabi/12.2.1/thumb/v7e-m+fp/softfp\libc_nano.a(libc_a-assert.o) (fiprintf)
[...]
Memory Configuration

Name             Origin             Length             Attributes
rom              0x08202000         0x001fe000         xr
ram              0x00000400         0x0002f800         xrw
udma0            0x0002fc00         0x00000400         xrw
udma1            0x24061c00         0x00000400         xrw
*default*        0x00000000         0xffffffff

Linker script and memory map

LOAD c:/siliconlabs/simplicitystudio/v5/developer/toolchains/gnu_arm/12.2.rel1_2023.7/bin/../lib/gcc/arm-none-eabi/12.2.1/thumb/v7e-m+fp/softfp/crti.o
LOAD c:/siliconlabs/simplicitystudio/v5/developer/toolchains/gnu_arm/12.2.rel1_2023.7/bin/../lib/gcc/arm-none-eabi/12.2.1/thumb/v7e-m+fp/softfp/crtbegin.o
LOAD c:/siliconlabs/simplicitystudio/v5/developer/toolchains/gnu_arm/12.2.rel1_2023.7/bin/../lib/gcc/arm-none-eabi/12.2.1/thumb/v7e-m+fp/softfp/crt0.o
START GROUP
LOAD ./autogen/sl_event_handler.o
LOAD ./ble_commands.o
LOAD ./bsd_socket_commands.o
LOAD ./demo.o
LOAD ./iot_socket_commands.o
LOAD ./main.o
LOAD ./network_commands.o
LOAD ./wifi_commands.o
LOAD ./wifi_per_normal_app.o
LOAD ./console_commands/src/console_argument_types.o
LOAD ./console_commands/src/console_command_database.o
LOAD ./console_commands/src/console_variable_database.o
LOAD ./simplicity_sdk_2024.6.2/platform/CMSIS/RTOS2/Source/os_systick.o
LOAD ./simplicity_sdk_2024.6.2/platform/common/src/sl_assert.o
LOAD ./simplicity_sdk_2024.6.2/platform/common/src/sl_core_cortexm.o
LOAD ./simplicity_sdk_2024.6.2/platform/common/src/sl_slist.o
LOAD ./simplicity_sdk_2024.6.2/platform/common/src/sl_string.o
LOAD ./simplicity_sdk_2024.6.2/platform/common/src/sli_cmsis_os2_ext_task_register.o
LOAD ./simplicity_sdk_2024.6.2/platform/emlib/src/em_core.o
LOAD ./simplicity_sdk_2024.6.2/platform/service/system/src/sl_system_init.o
LOAD ./simplicity_sdk_2024.6.2/platform/service/system/src/sl_system_kernel.o
LOAD ./simplicity_sdk_2024.6.2/util/third_party/freertos/cmsis/Source/cmsis_os2.o
LOAD ./simplicity_sdk_2024.6.2/util/third_party/freertos/kernel/croutine.o
LOAD ./simplicity_sdk_2024.6.2/util/third_party/freertos/kernel/event_groups.o
LOAD ./simplicity_sdk_2024.6.2/util/third_party/freertos/kernel/list.o
LOAD ./simplicity_sdk_2024.6.2/util/third_party/freertos/kernel/queue.o
LOAD ./simplicity_sdk_2024.6.2/util/third_party/freertos/kernel/stream_buffer.o
LOAD ./simplicity_sdk_2024.6.2/util/third_party/freertos/kernel/tasks.o
LOAD ./simplicity_sdk_2024.6.2/util/third_party/freertos/kernel/timers.o
LOAD ./simplicity_sdk_2024.6.2/util/third_party/freertos/kernel/portable/GCC/ARM_CM4F/port.o
LOAD ./simplicity_sdk_2024.6.2/util/third_party/freertos/kernel/portable/MemMang/heap_4.o
LOAD ./wiseconnect3_sdk_3.3.3/components/board/silabs/src/rsi_board.o
LOAD ./wiseconnect3_sdk_3.3.3/components/common/src/sl_utility.o
LOAD ./wiseconnect3_sdk_3.3.3/components/console/console.o
LOAD ./wiseconnect3_sdk_3.3.3/components/console/console_minimal_uart_plugin.o
LOAD ./wiseconnect3_sdk_3.3.3/components/console/variables/console_variables.o
LOAD ./wiseconnect3_sdk_3.3.3/components/device/silabs/si91x/mcu/core/chip/src/iPMU_prog/iPMU_dotc/ipmu_apis.o
LOAD ./wiseconnect3_sdk_3.3.3/components/device/silabs/si91x/mcu/core/chip/src/iPMU_prog/iPMU_dotc/rsi_system_config_917.o
LOAD ./wiseconnect3_sdk_3.3.3/components/device/silabs/si91x/mcu/core/chip/src/rsi_deepsleep_soc.o
LOAD ./wiseconnect3_sdk_3.3.3/components/device/silabs/si91x/mcu/core/chip/src/rsi_ps_ram_func.o
LOAD ./wiseconnect3_sdk_3.3.3/components/device/silabs/si91x/mcu/core/chip/src/startup_si91x.o
LOAD ./wiseconnect3_sdk_3.3.3/components/device/silabs/si91x/mcu/core/chip/src/system_si91x.o
LOAD ./wiseconnect3_sdk_3.3.3/components/device/silabs/si91x/mcu/core/common/src/rsi_debug.o
LOAD ./wiseconnect3_sdk_3.3.3/components/device/silabs/si91x/mcu/core/common/src/sl_si91x_stack_object_declare.o
LOAD ./wiseconnect3_sdk_3.3.3/components/device/silabs/si91x/mcu/core/common/src/syscalls.o
LOAD ./wiseconnect3_sdk_3.3.3/components/device/silabs/si91x/mcu/core/config/src/rsi_nvic_priorities_config.o
LOAD ./wiseconnect3_sdk_3.3.3/components/device/silabs/si91x/mcu/drivers/cmsis_driver/UDMA.o
LOAD ./wiseconnect3_sdk_3.3.3/components/device/silabs/si91x/mcu/drivers/cmsis_driver/USART.o
LOAD ./wiseconnect3_sdk_3.3.3/components/device/silabs/si91x/mcu/drivers/peripheral_drivers/src/clock_update.o
LOAD ./wiseconnect3_sdk_3.3.3/components/device/silabs/si91x/mcu/drivers/peripheral_drivers/src/rsi_crc.o
LOAD ./wiseconnect3_sdk_3.3.3/components/device/silabs/si91x/mcu/drivers/peripheral_drivers/src/rsi_egpio.o
LOAD ./wiseconnect3_sdk_3.3.3/components/device/silabs/si91x/mcu/drivers/peripheral_drivers/src/rsi_udma.o
LOAD ./wiseconnect3_sdk_3.3.3/components/device/silabs/si91x/mcu/drivers/peripheral_drivers/src/rsi_udma_wrapper.o
LOAD ./wiseconnect3_sdk_3.3.3/components/device/silabs/si91x/mcu/drivers/peripheral_drivers/src/rsi_usart.o
LOAD ./wiseconnect3_sdk_3.3.3/components/device/silabs/si91x/mcu/drivers/systemlevel/src/rsi_ipmu.o
LOAD ./wiseconnect3_sdk_3.3.3/components/device/silabs/si91x/mcu/drivers/systemlevel/src/rsi_pll.o
LOAD ./wiseconnect3_sdk_3.3.3/components/device/silabs/si91x/mcu/drivers/systemlevel/src/rsi_temp_sensor.o
LOAD ./wiseconnect3_sdk_3.3.3/components/device/silabs/si91x/mcu/drivers/systemlevel/src/rsi_ulpss_clk.o
LOAD ./wiseconnect3_sdk_3.3.3/components/device/silabs/si91x/wireless/ahb_interface/src/rsi_hal_mcu_m4_ram.o
LOAD ./wiseconnect3_sdk_3.3.3/components/device/silabs/si91x/wireless/ahb_interface/src/rsi_hal_mcu_m4_rom.o
LOAD ./wiseconnect3_sdk_3.3.3/components/device/silabs/si91x/wireless/ahb_interface/src/sl_platform.o
LOAD ./wiseconnect3_sdk_3.3.3/components/device/silabs/si91x/wireless/ahb_interface/src/sl_platform_wireless.o
LOAD ./wiseconnect3_sdk_3.3.3/components/device/silabs/si91x/wireless/ahb_interface/src/sl_si91x_bus.o
LOAD ./wiseconnect3_sdk_3.3.3/components/device/silabs/si91x/wireless/ahb_interface/src/sl_si91x_timer.o
LOAD ./wiseconnect3_sdk_3.3.3/components/device/silabs/si91x/wireless/ahb_interface/src/sli_siwx917_soc.o
LOAD ./wiseconnect3_sdk_3.3.3/components/device/silabs/si91x/wireless/asynchronous_socket/src/sl_si91x_socket.o
LOAD ./wiseconnect3_sdk_3.3.3/components/device/silabs/si91x/wireless/ble/src/rsi_ble_gap_apis.o
LOAD ./wiseconnect3_sdk_3.3.3/components/device/silabs/si91x/wireless/ble/src/rsi_ble_gatt_apis.o
LOAD ./wiseconnect3_sdk_3.3.3/components/device/silabs/si91x/wireless/ble/src/rsi_bt_ble.o
LOAD ./wiseconnect3_sdk_3.3.3/components/device/silabs/si91x/wireless/ble/src/rsi_bt_common_apis.o
LOAD ./wiseconnect3_sdk_3.3.3/components/device/silabs/si91x/wireless/ble/src/rsi_common_apis.o
LOAD ./wiseconnect3_sdk_3.3.3/components/device/silabs/si91x/wireless/ble/src/rsi_utils.o
LOAD ./wiseconnect3_sdk_3.3.3/components/device/silabs/si91x/wireless/ble/src/sl_si91x_ble.o
LOAD ./wiseconnect3_sdk_3.3.3/components/device/silabs/si91x/wireless/errno/src/sl_si91x_errno.o
LOAD ./wiseconnect3_sdk_3.3.3/components/device/silabs/si91x/wireless/firmware_upgrade/firmware_upgradation.o
LOAD ./wiseconnect3_sdk_3.3.3/components/device/silabs/si91x/wireless/host_mcu/si91x/siwx917_soc_ncp_host.o
LOAD ./wiseconnect3_sdk_3.3.3/components/device/silabs/si91x/wireless/icmp/sl_net_ping.o
LOAD ./wiseconnect3_sdk_3.3.3/components/device/silabs/si91x/wireless/memory/malloc_buffers.o
LOAD ./wiseconnect3_sdk_3.3.3/components/device/silabs/si91x/wireless/sl_net/src/sl_net_rsi_utility.o
LOAD ./wiseconnect3_sdk_3.3.3/components/device/silabs/si91x/wireless/sl_net/src/sl_net_si91x_integration_handler.o
LOAD ./wiseconnect3_sdk_3.3.3/components/device/silabs/si91x/wireless/sl_net/src/sl_si91x_net_credentials.o
LOAD ./wiseconnect3_sdk_3.3.3/components/device/silabs/si91x/wireless/sl_net/src/sl_si91x_net_internal_stack.o
LOAD ./wiseconnect3_sdk_3.3.3/components/device/silabs/si91x/wireless/socket/src/sl_si91x_socket_utility.o
LOAD ./wiseconnect3_sdk_3.3.3/components/device/silabs/si91x/wireless/src/sl_rsi_utility.o
LOAD ./wiseconnect3_sdk_3.3.3/components/device/silabs/si91x/wireless/src/sl_si91x_callback_framework.o
LOAD ./wiseconnect3_sdk_3.3.3/components/device/silabs/si91x/wireless/src/sl_si91x_driver.o
LOAD ./wiseconnect3_sdk_3.3.3/components/device/silabs/si91x/wireless/threading/sli_si91x_multithreaded.o
LOAD ./wiseconnect3_sdk_3.3.3/components/protocol/wifi/si91x/sl_wifi.o
LOAD ./wiseconnect3_sdk_3.3.3/components/protocol/wifi/src/sl_wifi_callback_framework.o
LOAD ./wiseconnect3_sdk_3.3.3/components/service/bsd_socket/si91x_socket/sl_si91x_bsd_socket.o
LOAD ./wiseconnect3_sdk_3.3.3/components/service/network_manager/si91x/sl_net_si91x.o
LOAD ./wiseconnect3_sdk_3.3.3/components/service/network_manager/src/sl_net.o
LOAD ./wiseconnect3_sdk_3.3.3/components/service/network_manager/src/sl_net_basic_certificate_store.o
LOAD ./wiseconnect3_sdk_3.3.3/components/service/network_manager/src/sl_net_basic_credentials.o
LOAD ./wiseconnect3_sdk_3.3.3/components/service/network_manager/src/sl_net_basic_profiles.o
LOAD ./wiseconnect3_sdk_3.3.3/third_party/iot_socket/source/bsd_socket/iot_socket.o
LOAD c:/siliconlabs/simplicitystudio/v5/developer/toolchains/gnu_arm/12.2.rel1_2023.7/bin/../lib/gcc/arm-none-eabi/12.2.1/thumb/v7e-m+fp/softfp\libgcc.a
LOAD c:/siliconlabs/simplicitystudio/v5/developer/toolchains/gnu_arm/12.2.rel1_2023.7/bin/../lib/gcc/arm-none-eabi/12.2.1/thumb/v7e-m+fp/softfp\libnosys.a
LOAD c:/siliconlabs/simplicitystudio/v5/developer/toolchains/gnu_arm/12.2.rel1_2023.7/bin/../lib/gcc/arm-none-eabi/12.2.1/thumb/v7e-m+fp/softfp\libc_nano.a
LOAD c:/siliconlabs/simplicitystudio/v5/developer/toolchains/gnu_arm/12.2.rel1_2023.7/bin/../lib/gcc/arm-none-eabi/12.2.1/thumb/v7e-m+fp/softfp\libm.a
END GROUP
START GROUP
LOAD c:/siliconlabs/simplicitystudio/v5/developer/toolchains/gnu_arm/12.2.rel1_2023.7/bin/../lib/gcc/arm-none-eabi/12.2.1/thumb/v7e-m+fp/softfp\libgcc.a
LOAD c:/siliconlabs/simplicitystudio/v5/developer/toolchains/gnu_arm/12.2.rel1_2023.7/bin/../lib/gcc/arm-none-eabi/12.2.1/thumb/v7e-m+fp/softfp\libc_nano.a
LOAD c:/siliconlabs/simplicitystudio/v5/developer/toolchains/gnu_arm/12.2.rel1_2023.7/bin/../lib/gcc/arm-none-eabi/12.2.1/thumb/v7e-m+fp/softfp\libnosys.a
END GROUP
START GROUP
LOAD c:/siliconlabs/simplicitystudio/v5/developer/toolchains/gnu_arm/12.2.rel1_2023.7/bin/../lib/gcc/arm-none-eabi/12.2.1/thumb/v7e-m+fp/softfp\libgcc.a
LOAD c:/siliconlabs/simplicitystudio/v5/developer/toolchains/gnu_arm/12.2.rel1_2023.7/bin/../lib/gcc/arm-none-eabi/12.2.1/thumb/v7e-m+fp/softfp\libg_nano.a
LOAD c:/siliconlabs/simplicitystudio/v5/developer/toolchains/gnu_arm/12.2.rel1_2023.7/bin/../lib/gcc/arm-none-eabi/12.2.1/thumb/v7e-m+fp/softfp\libc_nano.a
END GROUP
START GROUP
LOAD c:/siliconlabs/simplicitystudio/v5/developer/toolchains/gnu_arm/12.2.rel1_2023.7/bin/../lib/gcc/arm-none-eabi/12.2.1/thumb/v7e-m+fp/softfp\libgcc.a
LOAD c:/siliconlabs/simplicitystudio/v5/developer/toolchains/gnu_arm/12.2.rel1_2023.7/bin/../lib/gcc/arm-none-eabi/12.2.1/thumb/v7e-m+fp/softfp\libc_nano.a
END GROUP
LOAD c:/siliconlabs/simplicitystudio/v5/developer/toolchains/gnu_arm/12.2.rel1_2023.7/bin/../lib/gcc/arm-none-eabi/12.2.1/thumb/v7e-m+fp/softfp/crtend.o
LOAD c:/siliconlabs/simplicitystudio/v5/developer/toolchains/gnu_arm/12.2.rel1_2023.7/bin/../lib/gcc/arm-none-eabi/12.2.1/thumb/v7e-m+fp/softfp/crtn.o

.text           0x08202000    0x1b3c1
 *(.isr_vector)
 .isr_vector    0x08202000      0x16c ./wiseconnect3_sdk_3.3.3/components/device/silabs/si91x/mcu/core/chip/src/startup_si91x.o
                0x08202000                __Vectors
 *(.reset_handler)
 .reset_handler
                0x0820216c       0x30 ./wiseconnect3_sdk_3.3.3/components/device/silabs/si91x/mcu/core/chip/src/startup_si91x.o
                0x0820216c                RSI_Default_Reset_Handler
 *(EXCLUDE_FILE(*heap_*.o *port.o *sl_rsi_utility.o *malloc_buffers.o *freertos_umm_malloc_host.o *cmsis_os2.o *timers.o *tasks.o *stream_buffer.o *queue.o *list.o *event_groups.o *croutine.o *sl_si91x_low_power_tickless_mode.o *rsi_sysrtc.o *sl_sleeptimer_hal_si91x_sysrtc.o *sl_sleeptimer.o *UDMA.o *rsi_hal_mcu_m4_rom.o *rsi_hal_mcu_m4_ram.o *rsi_deepsleep_soc.o *sli_si91x_multithreaded.o *sl_si91x_driver.o *sl_si91x_bus.o) .text*)
 .text.deregister_tm_clones
                0x0820219c       0x1c c:/siliconlabs/simplicitystudio/v5/developer/toolchains/gnu_arm/12.2.rel1_2023.7/bin/../lib/gcc/arm-none-eabi/12.2.1/thumb/v7e-m+fp/softfp/crtbegin.o
 .text.register_tm_clones
                0x082021b8       0x24 c:/siliconlabs/simplicitystudio/v5/developer/toolchains/gnu_arm/12.2.rel1_2023.7/bin/../lib/gcc/arm-none-eabi/12.2.1/thumb/v7e-m+fp/softfp/crtbegin.o
 .text.__do_global_dtors_aux
                0x082021dc       0x28 c:/siliconlabs/simplicitystudio/v5/developer/toolchains/gnu_arm/12.2.rel1_2023.7/bin/../lib/gcc/arm-none-eabi/12.2.1/thumb/v7e-m+fp/softfp/crtbegin.o
 .text.frame_dummy
                0x08202204       0x24 c:/siliconlabs/simplicitystudio/v5/developer/toolchains/gnu_arm/12.2.rel1_2023.7/bin/../lib/gcc/arm-none-eabi/12.2.1/thumb/v7e-m+fp/softfp/crtbegin.o
 .text.sl_platform_init
                0x08202228       0x1e ./autogen/sl_event_handler.o
                0x08202228                sl_platform_init
 .text.sl_kernel_start
                0x08202246        0x4 ./autogen/sl_event_handler.o
                0x08202246                sl_kernel_start
 .text.sl_driver_init
                0x0820224a        0x2 ./autogen/sl_event_handler.o
                0x0820224a                sl_driver_init
 .text.sl_service_init
                0x0820224c        0x2 ./autogen/sl_event_handler.o
                0x0820224c                sl_service_init
 .text.sl_stack_init
                0x0820224e        0x2 ./autogen/sl_event_handler.o
                0x0820224e                sl_stack_init
 .text.sl_internal_app_init
                0x08202250        0x2 ./autogen/sl_event_handler.o
                0x08202250                sl_internal_app_init
 *fill*         0x08202252        0x2 
 .text.rsi_ble_per_receive_command_handler
                0x08202254       0x88 ./ble_commands.o
                0x08202254                rsi_ble_per_receive_command_handler
 .text.rsi_bt_per_stats_command_handler
                0x082022dc      0x1e0 ./ble_commands.o
                0x082022dc                rsi_bt_per_stats_command_handler
 .text.amk_ble_stats_print
                0x082024bc       0x34 ./ble_commands.o
                0x082024bc                amk_ble_stats_print
 .text.amk_bt_per_stats_periodic_new_thread
                0x082024f0       0x1c ./ble_commands.o
                0x082024f0                amk_bt_per_stats_periodic_new_thread
 .text.rsi_ble_per_transmit_command_handler
                0x0820250c       0xc4 ./ble_commands.o
                0x0820250c                rsi_ble_per_transmit_command_handler
 .text.rsi_bt_per_stats_periodic_command_handler
                0x082025d0        0xc ./ble_commands.o
                0x082025d0                rsi_bt_per_stats_periodic_command_handler
 .text.rsi_bt_set_local_name_command_handler
                0x082025dc        0xc ./ble_commands.o
                0x082025dc                rsi_bt_set_local_name_command_handler
 .text.rsi_bt_get_local_name_command_handler
                0x082025e8       0x24 ./ble_commands.o
                0x082025e8                rsi_bt_get_local_name_command_handler
 .text.rsi_bt_get_local_device_address_command_handler
                0x0820260c       0x2c ./ble_commands.o
                0x0820260c                rsi_bt_get_local_device_address_command_handler
 .text.rsi_ble_set_advertise_data_command_handler
                0x08202638       0x28 ./ble_commands.o
                0x08202638                rsi_ble_set_advertise_data_command_handler
 .text.rsi_ble_start_advertising_command_handler
                0x08202660        0x4 ./ble_commands.o
                0x08202660                rsi_ble_start_advertising_command_handler
 .text.rsi_ble_stop_advertising_command_handler
                0x08202664        0x4 ./ble_commands.o
                0x08202664                rsi_ble_stop_advertising_command_handler
 .text.print_errno
                0x08202668       0x18 ./bsd_socket_commands.o
 .text.wifi_bsd_socket_create_handler
                0x08202680       0x28 ./bsd_socket_commands.o
                0x08202680                wifi_bsd_socket_create_handler
 .text.wifi_bsd_socket_bind_handler
                0x082026a8       0x4a ./bsd_socket_commands.o
                0x082026a8                wifi_bsd_socket_bind_handler
 .text.wifi_bsd_socket_listen_handler
                0x082026f2       0x1a ./bsd_socket_commands.o
                0x082026f2                wifi_bsd_socket_listen_handler
 .text.wifi_bsd_socket_accept_handler
                0x0820270c       0x68 ./bsd_socket_commands.o
                0x0820270c                wifi_bsd_socket_accept_handler
 .text.wifi_bsd_socket_receive_from_handler
                0x08202774       0x6c ./bsd_socket_commands.o
                0x08202774                wifi_bsd_socket_receive_from_handler
 .text.wifi_bsd_socket_receive_handler
                0x082027e0       0x30 ./bsd_socket_commands.o
                0x082027e0                wifi_bsd_socket_receive_handler
 .text.wifi_bsd_socket_send_handler
                0x08202810       0x40 ./bsd_socket_commands.o
                0x08202810                wifi_bsd_socket_send_handler
 .text.wifi_bsd_socket_send_to_handler
                0x08202850       0x78 ./bsd_socket_commands.o
                0x08202850                wifi_bsd_socket_send_to_handler
 .text.wifi_bsd_socket_connect_handler
                0x082028c8       0x50 ./bsd_socket_commands.o
                0x082028c8                wifi_bsd_socket_connect_handler
 .text.wifi_bsd_socket_close_handler
                0x08202918       0x18 ./bsd_socket_commands.o
                0x08202918                wifi_bsd_socket_close_handler
 .text.wifi_bsd_get_host_by_name_handler
                0x08202930       0x38 ./bsd_socket_commands.o
                0x08202930                wifi_bsd_get_host_by_name_handler
 .text.wifi_bsd_get_sock_name
                0x08202968       0x68 ./bsd_socket_commands.o
                0x08202968                wifi_bsd_get_sock_name
 .text.wifi_bsd_select_handler
                0x082029d0       0xc8 ./bsd_socket_commands.o
                0x082029d0                wifi_bsd_select_handler
 .text.wifi_bsd_socket_get_opt_handler
                0x08202a98       0x3c ./bsd_socket_commands.o
                0x08202a98                wifi_bsd_socket_get_opt_handler
 .text.wifi_bsd_get_peer_name
                0x08202ad4       0x68 ./bsd_socket_commands.o
                0x08202ad4                wifi_bsd_get_peer_name
 .text.wifi_bsd_socket_set_opt_handler
                0x08202b3c       0x2c ./bsd_socket_commands.o
                0x08202b3c                wifi_bsd_socket_set_opt_handler
 .text.print_command_args
                0x08202b68       0xe8 ./demo.o
 .text.gpio_init
                0x08202c50      0x13c ./demo.o
                0x08202c50                gpio_init
 .text.app_init
                0x08202d8c       0x14 ./demo.o
                0x08202d8c                app_init
 .text.print_status
                0x08202da0       0x20 ./demo.o
                0x08202da0                print_status
 .text.application_start
                0x08202dc0       0xf0 ./demo.o
                0x08202dc0                application_start
 .text.help_command_handler
                0x08202eb0       0x78 ./demo.o
                0x08202eb0                help_command_handler
 .text.thread_command_handler
                0x08202f28       0x6c ./demo.o
                0x08202f28                thread_command_handler
 .text.rtt_command_handler
                0x08202f94        0x4 ./demo.o
                0x08202f94                rtt_command_handler
 .text.print_iot_status
                0x08202f98        0xc ./iot_socket_commands.o
 .text.wifi_iot_socket_create_handler
                0x08202fa4       0x30 ./iot_socket_commands.o
                0x08202fa4                wifi_iot_socket_create_handler
 .text.wifi_iot_socket_close_handler
                0x08202fd4       0x18 ./iot_socket_commands.o
                0x08202fd4                wifi_iot_socket_close_handler
 .text.wifi_iot_socket_bind_handler
                0x08202fec       0x28 ./iot_socket_commands.o
                0x08202fec                wifi_iot_socket_bind_handler
 .text.wifi_iot_socket_listen_handler
                0x08203014       0x1a ./iot_socket_commands.o
                0x08203014                wifi_iot_socket_listen_handler
 *fill*         0x0820302e        0x2 
 .text.wifi_iot_socket_accept_handler
                0x08203030       0x38 ./iot_socket_commands.o
                0x08203030                wifi_iot_socket_accept_handler
 .text.wifi_iot_socket_connect_handler
                0x08203068       0x28 ./iot_socket_commands.o
                0x08203068                wifi_iot_socket_connect_handler
 .text.wifi_iot_socket_send_handler
                0x08203090       0x30 ./iot_socket_commands.o
                0x08203090                wifi_iot_socket_send_handler
 .text.wifi_iot_socket_get_socket_name_handler
                0x082030c0       0x54 ./iot_socket_commands.o
                0x082030c0                wifi_iot_socket_get_socket_name_handler
 .text.wifi_iot_socket_get_peer_name_handler
                0x08203114       0x54 ./iot_socket_commands.o
                0x08203114                wifi_iot_socket_get_peer_name_handler
 .text.wifi_iot_socket_set_opt_handler
                0x08203168       0x28 ./iot_socket_commands.o
                0x08203168                wifi_iot_socket_set_opt_handler
 .text.wifi_iot_socket_get_opt_handler
                0x08203190       0x34 ./iot_socket_commands.o
                0x08203190                wifi_iot_socket_get_opt_handler
 .text.wifi_iot_socket_receive_handler
                0x082031c4       0x3c ./iot_socket_commands.o
                0x082031c4                wifi_iot_socket_receive_handler
 .text.wifi_iot_socket_receive_from_handler
                0x08203200       0x80 ./iot_socket_commands.o
                0x08203200                wifi_iot_socket_receive_from_handler
 .text.wifi_iot_get_host_by_name_handler
                0x08203280       0x40 ./iot_socket_commands.o
                0x08203280                wifi_iot_get_host_by_name_handler
 .text.wifi_iot_socket_send_to_handler
                0x082032c0       0x50 ./iot_socket_commands.o
                0x082032c0                wifi_iot_socket_send_to_handler
 .text.startup.main
                0x08203310       0x12 ./main.o
                0x08203310                main
 *fill*         0x08203322        0x2 
 .text.ping_response_callback_handler
                0x08203324       0x30 ./network_commands.o
                0x08203324                ping_response_callback_handler
 .text.net_init_command_handler
                0x08203354       0x44 ./network_commands.o
                0x08203354                net_init_command_handler
 .text.net_deinit_command_handler
                0x08203398       0x30 ./network_commands.o
                0x08203398                net_deinit_command_handler
 .text.net_up_command_handler
                0x082033c8       0x8c ./network_commands.o
                0x082033c8                net_up_command_handler
 .text.net_down_command_handler
                0x08203454       0x30 ./network_commands.o
                0x08203454                net_down_command_handler
 .text.set_nvm_profile_command_handler
                0x08203484      0x104 ./network_commands.o
                0x08203484                set_nvm_profile_command_handler
 .text.sl_dns_hostgetbyname_command_handler
                0x08203588       0x42 ./network_commands.o
                0x08203588                sl_dns_hostgetbyname_command_handler
 .text.sl_net_ping_command_handler
                0x082035ca       0x40 ./network_commands.o
                0x082035ca                sl_net_ping_command_handler
 *fill*         0x0820360a        0x2 
 .text.start_dhcp_command_handler
                0x0820360c       0xdc ./network_commands.o
                0x0820360c                start_dhcp_command_handler
 .text.net_join_multicast_address_command_handler
                0x082036e8       0x32 ./network_commands.o
                0x082036e8                net_join_multicast_address_command_handler
 .text.net_leave_multicast_address_command_handler
                0x0820371a       0x32 ./network_commands.o
                0x0820371a                net_leave_multicast_address_command_handler
 .text.show_scan_results
                0x0820374c       0xcc ./wifi_commands.o
 .text.scan_callback_handler
                0x08203818       0x34 ./wifi_commands.o
                0x08203818                scan_callback_handler
 .text.wifi_stats_receive_handler
                0x0820384c       0xd0 ./wifi_commands.o
                0x0820384c                wifi_stats_receive_handler
 .text.join_callback_handler
                0x0820391c       0x3c ./wifi_commands.o
                0x0820391c                join_callback_handler
 .text.twt_callback_handler
                0x08203958      0x210 ./wifi_commands.o
 .text.wifi_statistic_thread
                0x08203b68      0x124 ./wifi_commands.o
                0x08203b68                wifi_statistic_thread
 .text.wifi_init_command_handler
                0x08203c8c      0x1e8 ./wifi_commands.o
                0x08203c8c                wifi_init_command_handler
 .text.wifi_set_antenna_command_handler
                0x08203e74       0x18 ./wifi_commands.o
                0x08203e74                wifi_set_antenna_command_handler
 .text.wifi_get_signal_strength_command_handler
                0x08203e8c       0x2c ./wifi_commands.o
                0x08203e8c                wifi_get_signal_strength_command_handler
 .text.wifi_scan_command_handler
                0x08203eb8      0x158 ./wifi_commands.o
                0x08203eb8                wifi_scan_command_handler
 .text.wifi_set_tx_power_command_handler
                0x08204010       0x28 ./wifi_commands.o
                0x08204010                wifi_set_tx_power_command_handler
 .text.wifi_get_tx_power_command_handler
                0x08204038       0x38 ./wifi_commands.o
                0x08204038                wifi_get_tx_power_command_handler
 .text.wifi_connect_command_handler
                0x08204070      0x218 ./wifi_commands.o
                0x08204070                wifi_connect_command_handler
 .text.wifi_disconnect_command_handler
                0x08204288        0xe ./wifi_commands.o
                0x08204288                wifi_disconnect_command_handler
 .text.wifi_get_firmware_version_command_handler
                0x08204296       0x22 ./wifi_commands.o
                0x08204296                wifi_get_firmware_version_command_handler
 .text.wifi_get_statistics_command_handler
                0x082042b8       0x74 ./wifi_commands.o
                0x082042b8                wifi_get_statistics_command_handler
 .text.wifi_start_statistic_report_command_handler
                0x0820432c       0x28 ./wifi_commands.o
                0x0820432c                wifi_start_statistic_report_command_handler
 .text.wifi_stop_statistic_report_command_handler
                0x08204354       0xd0 ./wifi_commands.o
                0x08204354                wifi_stop_statistic_report_command_handler
 .text.wifi_get_mac_address_command_handler
                0x08204424       0x58 ./wifi_commands.o
                0x08204424                wifi_get_mac_address_command_handler
 .text.wifi_set_channel_command_handler
                0x0820447c       0x2c ./wifi_commands.o
                0x0820447c                wifi_set_channel_command_handler
 .text.wifi_get_channel_command_handler
                0x082044a8       0x48 ./wifi_commands.o
                0x082044a8                wifi_get_channel_command_handler
 .text.wifi_disconnect_ap_client_command_handler
                0x082044f0       0x12 ./wifi_commands.o
                0x082044f0                wifi_disconnect_ap_client_command_handler
 *fill*         0x08204502        0x2 
 .text.wifi_get_ap_client_info_command_handler
                0x08204504       0x84 ./wifi_commands.o
                0x08204504                wifi_get_ap_client_info_command_handler
 .text.wifi_set_performance_profile_command_handler
                0x08204588       0x1e ./wifi_commands.o
                0x08204588                wifi_set_performance_profile_command_handler
 *fill*         0x082045a6        0x2 
 .text.wifi_get_performance_profile_command_handler
                0x082045a8       0x38 ./wifi_commands.o
                0x082045a8                wifi_get_performance_profile_command_handler
 .text.wifi_deinit_command_handler
                0x082045e0        0x4 ./wifi_commands.o
                0x082045e0                wifi_deinit_command_handler
 .text.wifi_start_ap_command_handler
                0x082045e4      0x114 ./wifi_commands.o
                0x082045e4                wifi_start_ap_command_handler
 .text.wifi_load_certificate_handler
                0x082046f8       0xbc ./wifi_commands.o
                0x082046f8                wifi_load_certificate_handler
 .text.wifi_is_interface_up_command_handler
                0x082047b4       0x28 ./wifi_commands.o
                0x082047b4                wifi_is_interface_up_command_handler
 .text.wifi_get_default_interface_command_handler
                0x082047dc       0x34 ./wifi_commands.o
                0x082047dc                wifi_get_default_interface_command_handler
 .text.wifi_set_default_interface_command_handler
                0x08204810        0xc ./wifi_commands.o
                0x08204810                wifi_set_default_interface_command_handler
 .text.wifi_set_transmit_rate_command_handler
                0x0820481c       0x30 ./wifi_commands.o
                0x0820481c                wifi_set_transmit_rate_command_handler
 .text.wifi_set_roam_configuration_command_handler
                0x0820484c       0x24 ./wifi_commands.o
                0x0820484c                wifi_set_roam_configuration_command_handler
 .text.wifi_get_transmit_rate_command_handler
                0x08204870       0x74 ./wifi_commands.o
                0x08204870                wifi_get_transmit_rate_command_handler
 .text.wifi_get_ap_client_list_command_handler
                0x082048e4       0x74 ./wifi_commands.o
                0x082048e4                wifi_get_ap_client_list_command_handler
 .text.wifi_get_ap_client_count_command_handler
                0x08204958       0x28 ./wifi_commands.o
                0x08204958                wifi_get_ap_client_count_command_handler
 .text.wifi_generate_wps_pin_command_handler
                0x08204980       0x20 ./wifi_commands.o
                0x08204980                wifi_generate_wps_pin_command_handler
 .text.wifi_start_wps
                0x082049a0       0x3c ./wifi_commands.o
                0x082049a0                wifi_start_wps
 .text.sl_wifi_set_advanced_scan_configuration_command_handler
                0x082049dc       0x4e ./wifi_commands.o
                0x082049dc                sl_wifi_set_advanced_scan_configuration_command_handler
 *fill*         0x08204a2a        0x2 
 .text.sl_wifi_get_advanced_scan_configuration_command_handler
                0x08204a2c       0x3c ./wifi_commands.o
                0x08204a2c                sl_wifi_get_advanced_scan_configuration_command_handler
 .text.wifi_stop_scan_command_handler
                0x08204a68        0xe ./wifi_commands.o
                0x08204a68                wifi_stop_scan_command_handler
 *fill*         0x08204a76        0x2 
 .text.wifi_get_ap_configuration_command_handler
                0x08204a78       0x58 ./wifi_commands.o
                0x08204a78                wifi_get_ap_configuration_command_handler
 .text.wifi_set_ap_configuration_command_handler
                0x08204ad0       0xb4 ./wifi_commands.o
                0x08204ad0                wifi_set_ap_configuration_command_handler
 .text.wifi_test_client_configuration_command_handler
                0x08204b84      0x104 ./wifi_commands.o
                0x08204b84                wifi_test_client_configuration_command_handler
 .text.sl_wifi_send_raw_data_command_handler
                0x08204c88       0xb4 ./wifi_commands.o
                0x08204c88                sl_wifi_send_raw_data_command_handler
 .text.sl_wifi_enable_twt
                0x08204d3c       0x58 ./wifi_commands.o
                0x08204d3c                sl_wifi_enable_twt
 .text.sl_wifi_disable_twt
                0x08204d94       0x58 ./wifi_commands.o
                0x08204d94                sl_wifi_disable_twt
 .text.sl_wifi_filter_broadcast_command_handler
                0x08204dec        0xc ./wifi_commands.o
                0x08204dec                sl_wifi_filter_broadcast_command_handler
 .text.sl_wifi_assert_command_handler
                0x08204df8        0x4 ./wifi_commands.o
                0x08204df8                sl_wifi_assert_command_handler
 .text.sl_wifi_update_gain_table_command_handler
                0x08204dfc       0x28 ./wifi_commands.o
                0x08204dfc                sl_wifi_update_gain_table_command_handler
 .text.sl_wifi_set_11ax_config_command_handler
                0x08204e24        0x6 ./wifi_commands.o
                0x08204e24                sl_wifi_set_11ax_config_command_handler
 .text.sl_si91x_get_ram_log_command_handler
                0x08204e2a        0xe ./wifi_commands.o
                0x08204e2a                sl_si91x_get_ram_log_command_handler
 .text.sl_wifi_transmit_test_start_command_handler
                0x08204e38       0x20 ./wifi_commands.o
                0x08204e38                sl_wifi_transmit_test_start_command_handler
 .text.sl_wifi_ax_transmit_test_start_command_handler
                0x08204e58       0x9c ./wifi_commands.o
                0x08204e58                sl_wifi_ax_transmit_test_start_command_handler
 .text.sl_wifi_transmit_test_stop_command_handler
                0x08204ef4        0x4 ./wifi_commands.o
                0x08204ef4                sl_wifi_transmit_test_stop_command_handler
 .text.wifi_set_advanced_client_config_command_handler
                0x08204ef8       0x3a ./wifi_commands.o
                0x08204ef8                wifi_set_advanced_client_config_command_handler
 .text.wifi_get_pairwise_master_key_command_handler
                0x08204f32       0x4e ./wifi_commands.o
                0x08204f32                wifi_get_pairwise_master_key_command_handler
 .text.print_throughput_periodic
                0x08204f80      0x160 ./wifi_per_normal_app.o
 .text.measure_and_print_throughput
                0x082050e0       0x88 ./wifi_per_normal_app.o
 .text.ap_disconnected_event_handler
                0x08205168       0x28 ./wifi_per_normal_app.o
 .text.ap_connected_event_handler
                0x08205190       0x28 ./wifi_per_normal_app.o
 .text.wifi_per_normal_stop_command_handler
                0x082051b8       0x1c ./wifi_per_normal_app.o
                0x082051b8                wifi_per_normal_stop_command_handler
 .text.switch_m4_frequency
                0x082051d4       0x78 ./wifi_per_normal_app.o
                0x082051d4                switch_m4_frequency
 .text.rx_int64_calc_int32overflow
                0x0820524c       0x40 ./wifi_per_normal_app.o
                0x0820524c                rx_int64_calc_int32overflow
 .text.data_callback
                0x0820528c       0xc4 ./wifi_per_normal_app.o
                0x0820528c                data_callback
 .text.tx_int64_calc_int32overflow
                0x08205350       0x40 ./wifi_per_normal_app.o
                0x08205350                tx_int64_calc_int32overflow
 .text.send_data_to_udp_server
                0x08205390      0x27c ./wifi_per_normal_app.o
                0x08205390                send_data_to_udp_server
 .text.receive_data_from_udp_client
                0x0820560c      0x1ec ./wifi_per_normal_app.o
                0x0820560c                receive_data_from_udp_client
 .text.send_data_to_tcp_server
                0x082057f8      0x1b8 ./wifi_per_normal_app.o
                0x082057f8                send_data_to_tcp_server
 .text.receive_data_from_tcp_client
                0x082059b0      0x1c4 ./wifi_per_normal_app.o
                0x082059b0                receive_data_from_tcp_client
 .text.receive_data_from_tls_server
                0x08205b74      0x18c ./wifi_per_normal_app.o
                0x08205b74                receive_data_from_tls_server
 .text.send_data_to_tls_server
                0x08205d00      0x1d4 ./wifi_per_normal_app.o
                0x08205d00                send_data_to_tls_server
 .text.application_start
                0x08205ed4      0x3f8 ./wifi_per_normal_app.o
 .text.print_region_set
                0x082062cc       0x6c ./wifi_per_normal_app.o
                0x082062cc                print_region_set
 .text.print_wifi_mode
                0x08206338       0x28 ./wifi_per_normal_app.o
                0x08206338                print_wifi_mode
 .text.print_throughput_type
                0x08206360       0x50 ./wifi_per_normal_app.o
                0x08206360                print_throughput_type
 .text.wifi_per_normal_start
                0x082063b0       0x90 ./wifi_per_normal_app.o
                0x082063b0                wifi_per_normal_start
 .text.wifi_per_normal_command_handler
                0x08206440       0x60 ./wifi_per_normal_app.o
                0x08206440                wifi_per_normal_command_handler
 .text.sl_strnlen
                0x082064a0       0x16 ./simplicity_sdk_2024.6.2/platform/common/src/sl_string.o
                0x082064a0                sl_strnlen
 .text.sli_osTaskRegisterSetValue
                0x082064b6        0xa ./simplicity_sdk_2024.6.2/platform/common/src/sli_cmsis_os2_ext_task_register.o
                0x082064b6                sli_osTaskRegisterSetValue
 .text.sl_system_init
                0x082064c0       0x1a ./simplicity_sdk_2024.6.2/platform/service/system/src/sl_system_init.o
                0x082064c0                sl_system_init
 .text.sl_system_kernel_start
                0x082064da        0x4 ./simplicity_sdk_2024.6.2/platform/service/system/src/sl_system_kernel.o
                0x082064da                sl_system_kernel_start
 *fill*         0x082064de        0x2 
 .text.RSI_Board_Init
                0x082064e0       0x5c ./wiseconnect3_sdk_3.3.3/components/board/silabs/src/rsi_board.o
                0x082064e0                RSI_Board_Init
 .text.convert_string_to_sl_ipv4_address
                0x0820653c       0x48 ./wiseconnect3_sdk_3.3.3/components/common/src/sl_utility.o
                0x0820653c                convert_string_to_sl_ipv4_address
 .text.print_sl_ipv4_address
                0x08206584       0x1c ./wiseconnect3_sdk_3.3.3/components/common/src/sl_utility.o
                0x08206584                print_sl_ipv4_address
 .text.print_mac_address
                0x082065a0       0x28 ./wiseconnect3_sdk_3.3.3/components/common/src/sl_utility.o
                0x082065a0                print_mac_address
 .text.little_to_big_endian
                0x082065c8       0x2e ./wiseconnect3_sdk_3.3.3/components/common/src/sl_utility.o
                0x082065c8                little_to_big_endian
 *fill*         0x082065f6        0x2 
 .text.sl_inet_ntop6
                0x082065f8      0x144 ./wiseconnect3_sdk_3.3.3/components/common/src/sl_utility.o
                0x082065f8                sl_inet_ntop6
 .text.print_sl_ipv6_address
                0x0820673c       0x2c ./wiseconnect3_sdk_3.3.3/components/common/src/sl_utility.o
                0x0820673c                print_sl_ipv6_address
 .text.print_sl_ip_address
                0x08206768       0x16 ./wiseconnect3_sdk_3.3.3/components/common/src/sl_utility.o
                0x08206768                print_sl_ip_address
 .text.convert_string_to_mac_address
                0x0820677e       0x8e ./wiseconnect3_sdk_3.3.3/components/common/src/sl_utility.o
                0x0820677e                convert_string_to_mac_address
 .text.print_firmware_version
                0x0820680c       0x2c ./wiseconnect3_sdk_3.3.3/components/common/src/sl_utility.o
                0x0820680c                print_firmware_version
 .text.sl_redirect_log
                0x08206838        0x6 ./wiseconnect3_sdk_3.3.3/components/common/src/sl_utility.o
                0x08206838                sl_redirect_log
 .text.escape   0x0820683e       0x20 ./wiseconnect3_sdk_3.3.3/components/console/console.o
 *fill*         0x0820685e        0x2 
 .text.console_parse_arg
                0x08206860       0xac ./wiseconnect3_sdk_3.3.3/components/console/console.o
                0x08206860                console_parse_arg
 .text.console_tokenize
                0x0820690c       0xce ./wiseconnect3_sdk_3.3.3/components/console/console.o
                0x0820690c                console_tokenize
 .text.console_find_command
                0x082069da       0xb8 ./wiseconnect3_sdk_3.3.3/components/console/console.o
                0x082069da                console_find_command
 .text.console_parse_command
                0x08206a92      0x14a ./wiseconnect3_sdk_3.3.3/components/console/console.o
                0x08206a92                console_parse_command
 .text.console_process_buffer
                0x08206bdc       0x2c ./wiseconnect3_sdk_3.3.3/components/console/console_minimal_uart_plugin.o
                0x08206bdc                console_process_buffer
 .text.cache_uart_rx_data
                0x08206c08       0x18 ./wiseconnect3_sdk_3.3.3/components/console/console_minimal_uart_plugin.o
                0x08206c08                cache_uart_rx_data
 .text.console_process_uart_data
                0x08206c20      0x13c ./wiseconnect3_sdk_3.3.3/components/console/console_minimal_uart_plugin.o
                0x08206c20                console_process_uart_data
 .text.find_variable_node
                0x08206d5c       0x8c ./wiseconnect3_sdk_3.3.3/components/console/variables/console_variables.o
 .text.print_variable.isra.0
                0x08206de8       0xac ./wiseconnect3_sdk_3.3.3/components/console/variables/console_variables.o
 .text.find_structure_entry
                0x08206e94       0x28 ./wiseconnect3_sdk_3.3.3/components/console/variables/console_variables.o
                0x08206e94                find_structure_entry
 .text.console_variable_get
                0x08206ebc       0x46 ./wiseconnect3_sdk_3.3.3/components/console/variables/console_variables.o
                0x08206ebc                console_variable_get
 .text.console_variable_set
                0x08206f02       0x7c ./wiseconnect3_sdk_3.3.3/components/console/variables/console_variables.o
                0x08206f02                console_variable_set
 *fill*         0x08206f7e        0x2 
 .text.console_variable_list
                0x08206f80      0x138 ./wiseconnect3_sdk_3.3.3/components/console/variables/console_variables.o
                0x08206f80                console_variable_list
 .text.init_ipmu_calib_data
                0x082070b8       0x54 ./wiseconnect3_sdk_3.3.3/components/device/silabs/si91x/mcu/core/chip/src/iPMU_prog/iPMU_dotc/ipmu_apis.o
                0x082070b8                init_ipmu_calib_data
 .text.program_ipmu_data
                0x0820710c       0x54 ./wiseconnect3_sdk_3.3.3/components/device/silabs/si91x/mcu/core/chip/src/iPMU_prog/iPMU_dotc/ipmu_apis.o
                0x0820710c                program_ipmu_data
 .text.ipmu_init_mcu
                0x08207160       0x94 ./wiseconnect3_sdk_3.3.3/components/device/silabs/si91x/mcu/core/chip/src/iPMU_prog/iPMU_dotc/ipmu_apis.o
                0x08207160                ipmu_init_mcu
 .text.ipmu_init
                0x082071f4       0xa8 ./wiseconnect3_sdk_3.3.3/components/device/silabs/si91x/mcu/core/chip/src/iPMU_prog/iPMU_dotc/ipmu_apis.o
                0x082071f4                ipmu_init
 .text.configure_ipmu_mode
                0x0820729c       0x38 ./wiseconnect3_sdk_3.3.3/components/device/silabs/si91x/mcu/core/chip/src/iPMU_prog/iPMU_dotc/ipmu_apis.o
                0x0820729c                configure_ipmu_mode
 .text.Default_Handler
                0x082072d4        0x2 ./wiseconnect3_sdk_3.3.3/components/device/silabs/si91x/mcu/core/chip/src/startup_si91x.o
                0x082072d4                DebugMon_Handler
                0x082072d4                IRQ031_Handler
                0x082072d4                HardFault_Handler
                0x082072d4                IRQ058_Handler
                0x082072d4                IRQ095_Handler
                0x082072d4                IRQ065_Handler
                0x082072d4                IRQ019_Handler
                0x082072d4                IRQ056_Handler
                0x082072d4                IRQ093_Handler
                0x082072d4                NMI_Handler
                0x082072d4                IRQ011_Handler
                0x082072d4                IRQ014_Handler
                0x082072d4                IRQ051_Handler
                0x082072d4                IRQ027_Handler
                0x082072d4                IRQ062_Handler
                0x082072d4                IRQ097_Handler
                0x082072d4                IRQ088_Handler
                0x082072d4                IRQ034_Handler
                0x082072d4                IRQ071_Handler
                0x082072d4                IRQ067_Handler
                0x082072d4                IRQ070_Handler
                0x082072d4                IRQ077_Handler
                0x082072d4                IRQ028_Handler
                0x082072d4                IRQ063_Handler
                0x082072d4                IRQ076_Handler
                0x082072d4                UsageFault_Handler
                0x082072d4                IRQ023_Handler
                0x082072d4                IRQ009_Handler
                0x082072d4                IRQ048_Handler
                0x082072d4                IRQ083_Handler
                0x082072d4                IRQ089_Handler
                0x082072d4                HIF1_IRQHandler
                0x082072d4                IRQ037_Handler
                0x082072d4                IRQ072_Handler
                0x082072d4                IRQ021_Handler
                0x082072d4                IRQ008_Handler
                0x082072d4                IRQ047_Handler
                0x082072d4                IRQ082_Handler
                0x082072d4                IRQ022_Handler
                0x082072d4                IRQ007_Handler
                0x082072d4                IRQ046_Handler
                0x082072d4                IRQ081_Handler
                0x082072d4                IRQ004_Handler
                0x082072d4                IRQ043_Handler
                0x082072d4                IRQ002_Handler
                0x082072d4                IRQ041_Handler
                0x082072d4                IRQ098_Handler
                0x082072d4                IRQ000_Handler
                0x082072d4                IRQ005_Handler
                0x082072d4                IRQ044_Handler
                0x082072d4                IRQ049_Handler
                0x082072d4                IRQ084_Handler
                0x082072d4                IRQ006_Handler
                0x082072d4                IRQ045_Handler
                0x082072d4                IRQ080_Handler
                0x082072d4                IRQ015_Handler
                0x082072d4                IRQ052_Handler
                0x082072d4                MemManage_Handler
                0x082072d4                HIF2_IRQHandler
                0x082072d4                IRQ001_Handler
                0x082072d4                IRQ040_Handler
                0x082072d4                IRQ068_Handler
                0x082072d4                IRQ059_Handler
                0x082072d4                IRQ096_Handler
                0x082072d4                IRQ003_Handler
                0x082072d4                IRQ042_Handler
                0x082072d4                IRQ024_Handler
                0x082072d4                IRQ016_Handler
                0x082072d4                IRQ053_Handler
                0x082072d4                IRQ090_Handler
                0x082072d4                IRQ078_Handler
                0x082072d4                IRQ032_Handler
                0x082072d4                IRQ020_Handler
                0x082072d4                IRQ073_Handler
                0x082072d4                IRQ018_Handler
                0x082072d4                IRQ055_Handler
                0x082072d4                IRQ092_Handler
                0x082072d4                IRQ087_Handler
                0x082072d4                IRQ026_Handler
                0x082072d4                IRQ061_Handler
                0x082072d4                IRQ025_Handler
                0x082072d4                IRQ060_Handler
                0x082072d4                IRQ085_Handler
                0x082072d4                IRQ013_Handler
                0x082072d4                IRQ050_Handler
                0x082072d4                IRQ030_Handler
                0x082072d4                IRQ029_Handler
                0x082072d4                IRQ064_Handler
                0x082072d4                IRQ066_Handler
                0x082072d4                IRQ017_Handler
                0x082072d4                IRQ054_Handler
                0x082072d4                IRQ091_Handler
                0x082072d4                BusFault_Handler
                0x082072d4                IRQ069_Handler
                0x082072d4                IRQ075_Handler
                0x082072d4                IRQ086_Handler
                0x082072d4                IRQ057_Handler
                0x082072d4                IRQ094_Handler
                0x082072d4                IRQ079_Handler
 .text.Default_Reset_Handler
                0x082072d6        0x2 ./wiseconnect3_sdk_3.3.3/components/device/silabs/si91x/mcu/core/chip/src/startup_si91x.o
                0x082072d6                Default_Reset_Handler
                0x082072d6                Reset_Handler
 .text.Copy_Table
                0x082072d8       0x24 ./wiseconnect3_sdk_3.3.3/components/device/silabs/si91x/mcu/core/chip/src/startup_si91x.o
                0x082072d8                Copy_Table
 .text.Zero_Table
                0x082072fc       0x24 ./wiseconnect3_sdk_3.3.3/components/device/silabs/si91x/mcu/core/chip/src/startup_si91x.o
                0x082072fc                Zero_Table
 .text.SystemCoreClockUpdate
                0x08207320      0x128 ./wiseconnect3_sdk_3.3.3/components/device/silabs/si91x/mcu/core/chip/src/system_si91x.o
                0x08207320                SystemCoreClockUpdate
 .text.fpuInit  0x08207448       0x44 ./wiseconnect3_sdk_3.3.3/components/device/silabs/si91x/mcu/core/chip/src/system_si91x.o
                0x08207448                fpuInit
 .text.SystemInit
                0x0820748c       0xe4 ./wiseconnect3_sdk_3.3.3/components/device/silabs/si91x/mcu/core/chip/src/system_si91x.o
                0x0820748c                SystemInit
 .text.ARM_UART_SignalEvent
                0x08207570       0x40 ./wiseconnect3_sdk_3.3.3/components/device/silabs/si91x/mcu/core/common/src/rsi_debug.o
                0x08207570                ARM_UART_SignalEvent
 .text.Board_Debug_Init
                0x082075b0       0x58 ./wiseconnect3_sdk_3.3.3/components/device/silabs/si91x/mcu/core/common/src/rsi_debug.o
                0x082075b0                Board_Debug_Init
 .text.Board_UARTGetChar
                0x08207608       0x30 ./wiseconnect3_sdk_3.3.3/components/device/silabs/si91x/mcu/core/common/src/rsi_debug.o
                0x08207608                Board_UARTGetChar
 .text.Board_UARTPutChar
                0x08207638       0x30 ./wiseconnect3_sdk_3.3.3/components/device/silabs/si91x/mcu/core/common/src/rsi_debug.o
                0x08207638                Board_UARTPutChar
 .text.read_exclude_space
                0x08207668       0x20 ./wiseconnect3_sdk_3.3.3/components/device/silabs/si91x/mcu/core/common/src/syscalls.o
 .text._getpid  0x08207688        0x4 ./wiseconnect3_sdk_3.3.3/components/device/silabs/si91x/mcu/core/common/src/syscalls.o
                0x08207688                _getpid
 .text._kill    0x0820768c       0x10 ./wiseconnect3_sdk_3.3.3/components/device/silabs/si91x/mcu/core/common/src/syscalls.o
                0x0820768c                _kill
 .text._exit    0x0820769c        0xc ./wiseconnect3_sdk_3.3.3/components/device/silabs/si91x/mcu/core/common/src/syscalls.o
                0x0820769c                _exit
 .text._write   0x082076a8       0x44 ./wiseconnect3_sdk_3.3.3/components/device/silabs/si91x/mcu/core/common/src/syscalls.o
                0x082076a8                _write
 .text._close   0x082076ec        0x6 ./wiseconnect3_sdk_3.3.3/components/device/silabs/si91x/mcu/core/common/src/syscalls.o
                0x082076ec                _close
 .text._fstat   0x082076f2        0xa ./wiseconnect3_sdk_3.3.3/components/device/silabs/si91x/mcu/core/common/src/syscalls.o
                0x082076f2                _fstat
 .text._isatty  0x082076fc        0x4 ./wiseconnect3_sdk_3.3.3/components/device/silabs/si91x/mcu/core/common/src/syscalls.o
                0x082076fc                _isatty
 .text._lseek   0x08207700        0x4 ./wiseconnect3_sdk_3.3.3/components/device/silabs/si91x/mcu/core/common/src/syscalls.o
                0x08207700                _lseek
 .text._read    0x08207704      0x30c ./wiseconnect3_sdk_3.3.3/components/device/silabs/si91x/mcu/core/common/src/syscalls.o
                0x08207704                _read
 .text.sl_si91x_device_init_nvic
                0x08207a10       0x18 ./wiseconnect3_sdk_3.3.3/components/device/silabs/si91x/mcu/core/config/src/rsi_nvic_priorities_config.o
                0x08207a10                sl_si91x_device_init_nvic
 .text.ARM_USARTx_GetVersion
                0x08207a28       0x20 ./wiseconnect3_sdk_3.3.3/components/device/silabs/si91x/mcu/drivers/cmsis_driver/USART.o
                0x08207a28                ARM_USARTx_GetVersion
 .text.ARM_ULP_UART_GetCapabilities
                0x08207a48        0xc ./wiseconnect3_sdk_3.3.3/components/device/silabs/si91x/mcu/drivers/cmsis_driver/USART.o
 .text.ARM_ULP_UART_GetModemStatus
                0x08207a54        0xc ./wiseconnect3_sdk_3.3.3/components/device/silabs/si91x/mcu/drivers/cmsis_driver/USART.o
 .text.ARM_ULP_UART_SetModemControl
                0x08207a60        0xc ./wiseconnect3_sdk_3.3.3/components/device/silabs/si91x/mcu/drivers/cmsis_driver/USART.o
 .text.ARM_ULP_UART_GetStatus
                0x08207a6c        0xc ./wiseconnect3_sdk_3.3.3/components/device/silabs/si91x/mcu/drivers/cmsis_driver/USART.o
 .text.ARM_ULP_UART_Control
                0x08207a78       0x34 ./wiseconnect3_sdk_3.3.3/components/device/silabs/si91x/mcu/drivers/cmsis_driver/USART.o
 .text.ARM_ULP_UART_GetRxCount
                0x08207aac        0xc ./wiseconnect3_sdk_3.3.3/components/device/silabs/si91x/mcu/drivers/cmsis_driver/USART.o
 .text.ARM_ULP_UART_GetTxCount
                0x08207ab8        0xc ./wiseconnect3_sdk_3.3.3/components/device/silabs/si91x/mcu/drivers/cmsis_driver/USART.o
 .text.ARM_ULP_UART_Transfer
                0x08207ac4       0x54 ./wiseconnect3_sdk_3.3.3/components/device/silabs/si91x/mcu/drivers/cmsis_driver/USART.o
 .text.ARM_ULP_UART_Receive
                0x08207b18       0x48 ./wiseconnect3_sdk_3.3.3/components/device/silabs/si91x/mcu/drivers/cmsis_driver/USART.o
 .text.ARM_ULP_UART_Send
                0x08207b60       0x48 ./wiseconnect3_sdk_3.3.3/components/device/silabs/si91x/mcu/drivers/cmsis_driver/USART.o
 .text.ARM_ULP_UART_PowerControl
                0x08207ba8       0x18 ./wiseconnect3_sdk_3.3.3/components/device/silabs/si91x/mcu/drivers/cmsis_driver/USART.o
 .text.ARM_ULP_UART_Uninitialize
                0x08207bc0       0x1c ./wiseconnect3_sdk_3.3.3/components/device/silabs/si91x/mcu/drivers/cmsis_driver/USART.o
 .text.ARM_ULP_UART_Initialize
                0x08207bdc       0x30 ./wiseconnect3_sdk_3.3.3/components/device/silabs/si91x/mcu/drivers/cmsis_driver/USART.o
 .text.IRQ038_Handler
                0x08207c0c        0xc ./wiseconnect3_sdk_3.3.3/components/device/silabs/si91x/mcu/drivers/cmsis_driver/USART.o
                0x08207c0c                IRQ038_Handler
 .text.IRQ039_Handler
                0x08207c18        0xc ./wiseconnect3_sdk_3.3.3/components/device/silabs/si91x/mcu/drivers/cmsis_driver/USART.o
                0x08207c18                IRQ039_Handler
 .text.IRQ012_Handler
                0x08207c24        0xc ./wiseconnect3_sdk_3.3.3/components/device/silabs/si91x/mcu/drivers/cmsis_driver/USART.o
                0x08207c24                IRQ012_Handler
 .text.RSI_ULPUartHandler
                0x08207c30        0x4 ./wiseconnect3_sdk_3.3.3/components/device/silabs/si91x/mcu/drivers/cmsis_driver/USART.o
                0x08207c30                RSI_ULPUartHandler
 .text.RSI_CLK_GetBaseClock
                0x08207c34      0x50c ./wiseconnect3_sdk_3.3.3/components/device/silabs/si91x/mcu/drivers/peripheral_drivers/src/clock_update.o
                0x08207c34                RSI_CLK_GetBaseClock
 .text.udma_init
                0x08208140       0x34 ./wiseconnect3_sdk_3.3.3/components/device/silabs/si91x/mcu/drivers/peripheral_drivers/src/rsi_udma.o
                0x08208140                udma_init
 .text.udma_setup_channel_transfer
                0x08208174      0x168 ./wiseconnect3_sdk_3.3.3/components/device/silabs/si91x/mcu/drivers/peripheral_drivers/src/rsi_udma.o
                0x08208174                udma_setup_channel_transfer
 .text.udma_interrupt_enable
                0x082082dc       0x48 ./wiseconnect3_sdk_3.3.3/components/device/silabs/si91x/mcu/drivers/peripheral_drivers/src/rsi_udma.o
                0x082082dc                udma_interrupt_enable
 .text.RSI_UDMA_AckEnable
                0x08208324       0x60 ./wiseconnect3_sdk_3.3.3/components/device/silabs/si91x/mcu/drivers/peripheral_drivers/src/rsi_udma.o
                0x08208324                RSI_UDMA_AckEnable
 .text.udma_setup_channel
                0x08208384       0x74 ./wiseconnect3_sdk_3.3.3/components/device/silabs/si91x/mcu/drivers/peripheral_drivers/src/rsi_udma.o
                0x08208384                udma_setup_channel
 .text.uDMAx_Initialize
                0x082083f8       0xf0 ./wiseconnect3_sdk_3.3.3/components/device/silabs/si91x/mcu/drivers/peripheral_drivers/src/rsi_udma_wrapper.o
                0x082083f8                uDMAx_Initialize
 .text.uDMAx_Uninitialize
                0x082084e8       0x94 ./wiseconnect3_sdk_3.3.3/components/device/silabs/si91x/mcu/drivers/peripheral_drivers/src/rsi_udma_wrapper.o
                0x082084e8                uDMAx_Uninitialize
 .text.uDMAx_ChannelConfigure
                0x0820857c       0xd4 ./wiseconnect3_sdk_3.3.3/components/device/silabs/si91x/mcu/drivers/peripheral_drivers/src/rsi_udma_wrapper.o
                0x0820857c                uDMAx_ChannelConfigure
 .text.uDMAx_ChannelEnable
                0x08208650       0x10 ./wiseconnect3_sdk_3.3.3/components/device/silabs/si91x/mcu/drivers/peripheral_drivers/src/rsi_udma_wrapper.o
                0x08208650                uDMAx_ChannelEnable
 .text.uDMAx_DMAEnable
                0x08208660        0xe ./wiseconnect3_sdk_3.3.3/components/device/silabs/si91x/mcu/drivers/peripheral_drivers/src/rsi_udma_wrapper.o
                0x08208660                uDMAx_DMAEnable
 .text.uDMAx_ChannelDisable
                0x0820866e       0x10 ./wiseconnect3_sdk_3.3.3/components/device/silabs/si91x/mcu/drivers/peripheral_drivers/src/rsi_udma_wrapper.o
                0x0820866e                uDMAx_ChannelDisable
 *fill*         0x0820867e        0x2 
 .text.RSI_EGPIO_SetPinMux
                0x08208680       0x14 ./wiseconnect3_sdk_3.3.3/components/device/silabs/si91x/mcu/drivers/peripheral_drivers/src/rsi_usart.o
 .text.RSI_EGPIO_HostPadsGpioModeEnable
                0x08208694       0x10 ./wiseconnect3_sdk_3.3.3/components/device/silabs/si91x/mcu/drivers/peripheral_drivers/src/rsi_usart.o
 .text.RSI_EGPIO_PadSelectionEnable
                0x082086a4       0x10 ./wiseconnect3_sdk_3.3.3/components/device/silabs/si91x/mcu/drivers/peripheral_drivers/src/rsi_usart.o
 .text.RSI_EGPIO_PadReceiverEnable
                0x082086b4       0x10 ./wiseconnect3_sdk_3.3.3/components/device/silabs/si91x/mcu/drivers/peripheral_drivers/src/rsi_usart.o
 .text.RSI_EGPIO_UlpPadReceiverEnable
                0x082086c4       0x10 ./wiseconnect3_sdk_3.3.3/components/device/silabs/si91x/mcu/drivers/peripheral_drivers/src/rsi_usart.o
 .text.UartIrqHandler
                0x082086d4      0x1f0 ./wiseconnect3_sdk_3.3.3/components/device/silabs/si91x/mcu/drivers/peripheral_drivers/src/rsi_usart.o
                0x082086d4                UartIrqHandler
 .text.USART_SetBaudrate
                0x082088c4       0x50 ./wiseconnect3_sdk_3.3.3/components/device/silabs/si91x/mcu/drivers/peripheral_drivers/src/rsi_usart.o
                0x082088c4                USART_SetBaudrate
 .text.USART_Initialize
                0x08208914      0x11c ./wiseconnect3_sdk_3.3.3/components/device/silabs/si91x/mcu/drivers/peripheral_drivers/src/rsi_usart.o
                0x08208914                USART_Initialize
 .text.USART_Uninitialize
                0x08208a30       0x9c ./wiseconnect3_sdk_3.3.3/components/device/silabs/si91x/mcu/drivers/peripheral_drivers/src/rsi_usart.o
                0x08208a30                USART_Uninitialize
 .text.USART_PowerControl
                0x08208acc      0x150 ./wiseconnect3_sdk_3.3.3/components/device/silabs/si91x/mcu/drivers/peripheral_drivers/src/rsi_usart.o
                0x08208acc                USART_PowerControl
 .text.USART_Send_Data
                0x08208c1c      0x148 ./wiseconnect3_sdk_3.3.3/components/device/silabs/si91x/mcu/drivers/peripheral_drivers/src/rsi_usart.o
                0x08208c1c                USART_Send_Data
 .text.USART_Receive_Data
                0x08208d64      0x12c ./wiseconnect3_sdk_3.3.3/components/device/silabs/si91x/mcu/drivers/peripheral_drivers/src/rsi_usart.o
                0x08208d64                USART_Receive_Data
 .text.USART_Transfer
                0x08208e90       0x72 ./wiseconnect3_sdk_3.3.3/components/device/silabs/si91x/mcu/drivers/peripheral_drivers/src/rsi_usart.o
                0x08208e90                USART_Transfer
 .text.USART_GetTxCount
                0x08208f02        0x6 ./wiseconnect3_sdk_3.3.3/components/device/silabs/si91x/mcu/drivers/peripheral_drivers/src/rsi_usart.o
                0x08208f02                USART_GetTxCount
 .text.USART_GetRxCount
                0x08208f08        0x6 ./wiseconnect3_sdk_3.3.3/components/device/silabs/si91x/mcu/drivers/peripheral_drivers/src/rsi_usart.o
                0x08208f08                USART_GetRxCount
 *fill*         0x08208f0e        0x2 
 .text.USART_Control
                0x08208f10      0x8e8 ./wiseconnect3_sdk_3.3.3/components/device/silabs/si91x/mcu/drivers/peripheral_drivers/src/rsi_usart.o
                0x08208f10                USART_Control
 .text.USART_GetStatus
                0x082097f8       0x42 ./wiseconnect3_sdk_3.3.3/components/device/silabs/si91x/mcu/drivers/peripheral_drivers/src/rsi_usart.o
                0x082097f8                USART_GetStatus
 *fill*         0x0820983a        0x2 
 .text.USART_SetModemControl
                0x0820983c       0x84 ./wiseconnect3_sdk_3.3.3/components/device/silabs/si91x/mcu/drivers/peripheral_drivers/src/rsi_usart.o
                0x0820983c                USART_SetModemControl
 .text.USART_GetModemStatus
                0x082098c0       0x5c ./wiseconnect3_sdk_3.3.3/components/device/silabs/si91x/mcu/drivers/peripheral_drivers/src/rsi_usart.o
                0x082098c0                USART_GetModemStatus
 .text.RSI_IPMU_UpdateIpmuCalibData_efuse
                0x0820991c      0x300 ./wiseconnect3_sdk_3.3.3/components/device/silabs/si91x/mcu/drivers/systemlevel/src/rsi_ipmu.o
                0x0820991c                RSI_IPMU_UpdateIpmuCalibData_efuse
 .text.RSI_Ipmu_Init
                0x08209c1c        0x4 ./wiseconnect3_sdk_3.3.3/components/device/silabs/si91x/mcu/drivers/systemlevel/src/rsi_ipmu.o
                0x08209c1c                RSI_Ipmu_Init
 .text.RSI_Configure_Ipmu_Mode
                0x08209c20        0x6 ./wiseconnect3_sdk_3.3.3/components/device/silabs/si91x/mcu/drivers/systemlevel/src/rsi_ipmu.o
                0x08209c20                RSI_Configure_Ipmu_Mode
 *fill*         0x08209c26        0x2 
 .text.RSI_IPMU_ClockMuxSel
                0x08209c28       0x40 ./wiseconnect3_sdk_3.3.3/components/device/silabs/si91x/mcu/drivers/systemlevel/src/rsi_ipmu.o
                0x08209c28                RSI_IPMU_ClockMuxSel
 .text.RSI_IPMU_ProgramConfigData
                0x08209c68       0xea ./wiseconnect3_sdk_3.3.3/components/device/silabs/si91x/mcu/drivers/systemlevel/src/rsi_ipmu.o
                0x08209c68                RSI_IPMU_ProgramConfigData
 *fill*         0x08209d52        0x2 
 .text.RSI_IPMU_Retn_Voltage_Reduction
                0x08209d54       0x14 ./wiseconnect3_sdk_3.3.3/components/device/silabs/si91x/mcu/drivers/systemlevel/src/rsi_ipmu.o
                0x08209d54                RSI_IPMU_Retn_Voltage_Reduction
 .text.RSI_IPMU_Retn_Voltage_To_Default
                0x08209d68       0x10 ./wiseconnect3_sdk_3.3.3/components/device/silabs/si91x/mcu/drivers/systemlevel/src/rsi_ipmu.o
                0x08209d68                RSI_IPMU_Retn_Voltage_To_Default
 .text.RSI_IPMU_Set_Higher_Pwm_Ro_Frequency_Mode_to_PMU
                0x08209d78       0x14 ./wiseconnect3_sdk_3.3.3/components/device/silabs/si91x/mcu/drivers/systemlevel/src/rsi_ipmu.o
                0x08209d78                RSI_IPMU_Set_Higher_Pwm_Ro_Frequency_Mode_to_PMU
 .text.RSI_IPMU_M32rc_OscTrimEfuse
                0x08209d8c       0x28 ./wiseconnect3_sdk_3.3.3/components/device/silabs/si91x/mcu/drivers/systemlevel/src/rsi_ipmu.o
                0x08209d8c                RSI_IPMU_M32rc_OscTrimEfuse
 .text.RSI_IPMU_DBLR32M_TrimEfuse
                0x08209db4       0x18 ./wiseconnect3_sdk_3.3.3/components/device/silabs/si91x/mcu/drivers/systemlevel/src/rsi_ipmu.o
                0x08209db4                RSI_IPMU_DBLR32M_TrimEfuse
 .text.RSI_IPMU_M20roOsc_TrimEfuse
                0x08209dcc       0x28 ./wiseconnect3_sdk_3.3.3/components/device/silabs/si91x/mcu/drivers/systemlevel/src/rsi_ipmu.o
                0x08209dcc                RSI_IPMU_M20roOsc_TrimEfuse
 .text.RSI_IPMU_RO32khz_TrimEfuse
                0x08209df4       0x18 ./wiseconnect3_sdk_3.3.3/components/device/silabs/si91x/mcu/drivers/systemlevel/src/rsi_ipmu.o
                0x08209df4                RSI_IPMU_RO32khz_TrimEfuse
 .text.RSI_IPMU_RC32khz_TrimEfuse
                0x08209e0c       0x18 ./wiseconnect3_sdk_3.3.3/components/device/silabs/si91x/mcu/drivers/systemlevel/src/rsi_ipmu.o
                0x08209e0c                RSI_IPMU_RC32khz_TrimEfuse
 .text._usdelay
                0x08209e24        0x6 ./wiseconnect3_sdk_3.3.3/components/device/silabs/si91x/mcu/drivers/systemlevel/src/rsi_pll.o
 *fill*         0x08209e2a        0x2 
 .text.clk_m4_soc_clk_config
                0x08209e2c       0xc8 ./wiseconnect3_sdk_3.3.3/components/device/silabs/si91x/mcu/drivers/systemlevel/src/rsi_pll.o
                0x08209e2c                clk_m4_soc_clk_config
 .text.ulpss_enable_ref_clks
                0x08209ef4       0xf8 ./wiseconnect3_sdk_3.3.3/components/device/silabs/si91x/mcu/drivers/systemlevel/src/rsi_pll.o
                0x08209ef4                ulpss_enable_ref_clks
 .text.clk_m4ss_ref_clk_config
                0x08209fec       0xcc ./wiseconnect3_sdk_3.3.3/components/device/silabs/si91x/mcu/drivers/systemlevel/src/rsi_pll.o
                0x08209fec                clk_m4ss_ref_clk_config
 .text.ulpss_ref_clk_config
                0x0820a0b8       0xbc ./wiseconnect3_sdk_3.3.3/components/device/silabs/si91x/mcu/drivers/systemlevel/src/rsi_ulpss_clk.o
                0x0820a0b8                ulpss_ref_clk_config
 .text.sli_si91x_platform_init
                0x0820a174       0x78 ./wiseconnect3_sdk_3.3.3/components/device/silabs/si91x/wireless/ahb_interface/src/sl_platform.o
                0x0820a174                sli_si91x_platform_init
 .text.si91x_bootup_firmware
                0x0820a1ec       0x94 ./wiseconnect3_sdk_3.3.3/components/device/silabs/si91x/wireless/ahb_interface/src/sl_platform.o
                0x0820a1ec                si91x_bootup_firmware
 .text.sli_si91x_configure_wireless_frontend_controls
                0x0820a280       0x44 ./wiseconnect3_sdk_3.3.3/components/device/silabs/si91x/wireless/ahb_interface/src/sl_platform_wireless.o
                0x0820a280                sli_si91x_configure_wireless_frontend_controls
 .text.rsi_waitfor_boardready
                0x0820a2c4       0x44 ./wiseconnect3_sdk_3.3.3/components/device/silabs/si91x/wireless/ahb_interface/src/sli_siwx917_soc.o
                0x0820a2c4                rsi_waitfor_boardready
 .text.rsi_select_option
                0x0820a308       0x80 ./wiseconnect3_sdk_3.3.3/components/device/silabs/si91x/wireless/ahb_interface/src/sli_siwx917_soc.o
                0x0820a308                rsi_select_option
 .text.unmask_ta_interrupt
                0x0820a388        0xc ./wiseconnect3_sdk_3.3.3/components/device/silabs/si91x/wireless/ahb_interface/src/sli_siwx917_soc.o
                0x0820a388                unmask_ta_interrupt
 .text.sli_m4_ta_interrupt_init
                0x0820a394       0x2c ./wiseconnect3_sdk_3.3.3/components/device/silabs/si91x/wireless/ahb_interface/src/sli_siwx917_soc.o
                0x0820a394                sli_m4_ta_interrupt_init
 .text.sli_si91x_socket
                0x0820a3c0       0x88 ./wiseconnect3_sdk_3.3.3/components/device/silabs/si91x/wireless/asynchronous_socket/src/sl_si91x_socket.o
 .text.sli_si91x_accept_async.constprop.0
                0x0820a448       0xc0 ./wiseconnect3_sdk_3.3.3/components/device/silabs/si91x/wireless/asynchronous_socket/src/sl_si91x_socket.o
 .text.sl_si91x_socket_async
                0x0820a508       0x1a ./wiseconnect3_sdk_3.3.3/components/device/silabs/si91x/wireless/asynchronous_socket/src/sl_si91x_socket.o
                0x0820a508                sl_si91x_socket_async
 .text.sl_si91x_bind
                0x0820a522        0x4 ./wiseconnect3_sdk_3.3.3/components/device/silabs/si91x/wireless/asynchronous_socket/src/sl_si91x_socket.o
                0x0820a522                sl_si91x_bind
 .text.sl_si91x_listen
                0x0820a526       0x52 ./wiseconnect3_sdk_3.3.3/components/device/silabs/si91x/wireless/asynchronous_socket/src/sl_si91x_socket.o
                0x0820a526                sl_si91x_listen
 .text.sl_si91x_accept
                0x0820a578        0x6 ./wiseconnect3_sdk_3.3.3/components/device/silabs/si91x/wireless/asynchronous_socket/src/sl_si91x_socket.o
                0x0820a578                sl_si91x_accept
 *fill*         0x0820a57e        0x2 
 .text.sl_si91x_setsockopt_async
                0x0820a580      0x19c ./wiseconnect3_sdk_3.3.3/components/device/silabs/si91x/wireless/asynchronous_socket/src/sl_si91x_socket.o
                0x0820a580                sl_si91x_setsockopt_async
 .text.rsi_ble_start_advertising
                0x0820a71c       0x5c ./wiseconnect3_sdk_3.3.3/components/device/silabs/si91x/wireless/ble/src/rsi_ble_gap_apis.o
                0x0820a71c                rsi_ble_start_advertising
 .text.rsi_ble_stop_advertising
                0x0820a778       0x1c ./wiseconnect3_sdk_3.3.3/components/device/silabs/si91x/wireless/ble/src/rsi_ble_gap_apis.o
                0x0820a778                rsi_ble_stop_advertising
 .text.rsi_ble_set_advertise_data
                0x0820a794       0x38 ./wiseconnect3_sdk_3.3.3/components/device/silabs/si91x/wireless/ble/src/rsi_ble_gap_apis.o
                0x0820a794                rsi_ble_set_advertise_data
 .text.rsi_ble_per_transmit
                0x0820a7cc        0xa ./wiseconnect3_sdk_3.3.3/components/device/silabs/si91x/wireless/ble/src/rsi_ble_gap_apis.o
                0x0820a7cc                rsi_ble_per_transmit
 .text.rsi_ble_per_receive
                0x0820a7d6        0x4 ./wiseconnect3_sdk_3.3.3/components/device/silabs/si91x/wireless/ble/src/rsi_ble_gap_apis.o
                0x0820a7d6                rsi_ble_per_receive
 *fill*         0x0820a7da        0x2 
 .text.rsi_bt_get_proto_type
                0x0820a7dc      0x10c ./wiseconnect3_sdk_3.3.3/components/device/silabs/si91x/wireless/ble/src/rsi_bt_ble.o
                0x0820a7dc                rsi_bt_get_proto_type
 .text.rsi_bt_get_timeout
                0x0820a8e8       0x88 ./wiseconnect3_sdk_3.3.3/components/device/silabs/si91x/wireless/ble/src/rsi_bt_ble.o
                0x0820a8e8                rsi_bt_get_timeout
 .text.rsi_bt_common_tx_done
                0x0820a970       0x32 ./wiseconnect3_sdk_3.3.3/components/device/silabs/si91x/wireless/ble/src/rsi_bt_ble.o
                0x0820a970                rsi_bt_common_tx_done
 *fill*         0x0820a9a2        0x2 
 .text.rsi_ble_update_le_dev_buf
                0x0820a9a4       0x5c ./wiseconnect3_sdk_3.3.3/components/device/silabs/si91x/wireless/ble/src/rsi_bt_ble.o
                0x0820a9a4                rsi_ble_update_le_dev_buf
 .text.rsi_add_remote_ble_dev_info
                0x0820aa00       0x54 ./wiseconnect3_sdk_3.3.3/components/device/silabs/si91x/wireless/ble/src/rsi_bt_ble.o
                0x0820aa00                rsi_add_remote_ble_dev_info
 .text.rsi_remove_remote_ble_dev_info
                0x0820aa54       0x50 ./wiseconnect3_sdk_3.3.3/components/device/silabs/si91x/wireless/ble/src/rsi_bt_ble.o
                0x0820aa54                rsi_remove_remote_ble_dev_info
 .text.rsi_ble_callbacks_handler
                0x0820aaa4      0x3e0 ./wiseconnect3_sdk_3.3.3/components/device/silabs/si91x/wireless/ble/src/rsi_bt_ble.o
                0x0820aaa4                rsi_ble_callbacks_handler
 .text.rsi_driver_process_bt_resp
                0x0820ae84       0xd8 ./wiseconnect3_sdk_3.3.3/components/device/silabs/si91x/wireless/ble/src/rsi_bt_ble.o
                0x0820ae84                rsi_driver_process_bt_resp
 .text.rsi_driver_process_bt_resp_handler
                0x0820af5c       0x58 ./wiseconnect3_sdk_3.3.3/components/device/silabs/si91x/wireless/ble/src/rsi_bt_ble.o
                0x0820af5c                rsi_driver_process_bt_resp_handler
 .text.rsi_bt_cb_init
                0x0820afb4       0x4c ./wiseconnect3_sdk_3.3.3/components/device/silabs/si91x/wireless/ble/src/rsi_bt_ble.o
                0x0820afb4                rsi_bt_cb_init
 .text.rsi_bt_global_cb_init
                0x0820b000        0xc ./wiseconnect3_sdk_3.3.3/components/device/silabs/si91x/wireless/ble/src/rsi_bt_ble.o
                0x0820b000                rsi_bt_global_cb_init
 .text.rsi_bt_common_init
                0x0820b00c       0x24 ./wiseconnect3_sdk_3.3.3/components/device/silabs/si91x/wireless/ble/src/rsi_bt_ble.o
                0x0820b00c                rsi_bt_common_init
 .text.rsi_bt_prepare_common_pkt
                0x0820b030      0x14c ./wiseconnect3_sdk_3.3.3/components/device/silabs/si91x/wireless/ble/src/rsi_bt_ble.o
                0x0820b030                rsi_bt_prepare_common_pkt
 .text.rsi_bt_prepare_le_pkt
                0x0820b17c      0x760 ./wiseconnect3_sdk_3.3.3/components/device/silabs/si91x/wireless/ble/src/rsi_bt_ble.o
                0x0820b17c                rsi_bt_prepare_le_pkt
 .text.rsi_bt_driver_send_cmd
                0x0820b8dc      0x1bc ./wiseconnect3_sdk_3.3.3/components/device/silabs/si91x/wireless/ble/src/rsi_bt_ble.o
                0x0820b8dc                rsi_bt_driver_send_cmd
 .text.rsi_bt_set_local_name
                0x0820ba98       0x48 ./wiseconnect3_sdk_3.3.3/components/device/silabs/si91x/wireless/ble/src/rsi_bt_common_apis.o
                0x0820ba98                rsi_bt_set_local_name
 .text.rsi_bt_get_local_name
                0x0820bae0        0xa ./wiseconnect3_sdk_3.3.3/components/device/silabs/si91x/wireless/ble/src/rsi_bt_common_apis.o
                0x0820bae0                rsi_bt_get_local_name
 .text.rsi_bt_get_local_device_address
                0x0820baea        0xa ./wiseconnect3_sdk_3.3.3/components/device/silabs/si91x/wireless/ble/src/rsi_bt_common_apis.o
                0x0820baea                rsi_bt_get_local_device_address
 .text.rsi_bt_per_stats
                0x0820baf4       0x18 ./wiseconnect3_sdk_3.3.3/components/device/silabs/si91x/wireless/ble/src/rsi_bt_common_apis.o
                0x0820baf4                rsi_bt_per_stats
 .text.rsi_ble_driver_init
                0x0820bb0c       0xa0 ./wiseconnect3_sdk_3.3.3/components/device/silabs/si91x/wireless/ble/src/rsi_common_apis.o
                0x0820bb0c                rsi_ble_driver_init
 .text.rsi_ble_driver_deinit
                0x0820bbac       0x64 ./wiseconnect3_sdk_3.3.3/components/device/silabs/si91x/wireless/ble/src/rsi_common_apis.o
                0x0820bbac                rsi_ble_driver_deinit
 .text.rsi_uint16_to_2bytes
                0x0820bc10       0x1c ./wiseconnect3_sdk_3.3.3/components/device/silabs/si91x/wireless/ble/src/rsi_utils.o
                0x0820bc10                rsi_uint16_to_2bytes
 .text.rsi_bytes2R_to_uint16
                0x0820bc2c       0x14 ./wiseconnect3_sdk_3.3.3/components/device/silabs/si91x/wireless/ble/src/rsi_utils.o
                0x0820bc2c                rsi_bytes2R_to_uint16
 .text.rsi_ascii_hex2num
                0x0820bc40       0x2e ./wiseconnect3_sdk_3.3.3/components/device/silabs/si91x/wireless/ble/src/rsi_utils.o
                0x0820bc40                rsi_ascii_hex2num
 .text.rsi_char_hex2dec
                0x0820bc6e       0x2a ./wiseconnect3_sdk_3.3.3/components/device/silabs/si91x/wireless/ble/src/rsi_utils.o
                0x0820bc6e                rsi_char_hex2dec
 .text.rsi_ascii_dev_address_to_6bytes_rev
                0x0820bc98       0x78 ./wiseconnect3_sdk_3.3.3/components/device/silabs/si91x/wireless/ble/src/rsi_utils.o
                0x0820bc98                rsi_ascii_dev_address_to_6bytes_rev
 .text.hex_to_ascii
                0x0820bd10       0x12 ./wiseconnect3_sdk_3.3.3/components/device/silabs/si91x/wireless/ble/src/rsi_utils.o
                0x0820bd10                hex_to_ascii
 .text.rsi_6byte_dev_address_to_ascii
                0x0820bd22       0x36 ./wiseconnect3_sdk_3.3.3/components/device/silabs/si91x/wireless/ble/src/rsi_utils.o
                0x0820bd22                rsi_6byte_dev_address_to_ascii
 .text.sl_si91x_errno
                0x0820bd58       0x1c ./wiseconnect3_sdk_3.3.3/components/device/silabs/si91x/wireless/errno/src/sl_si91x_errno.o
                0x0820bd58                sl_si91x_errno
 .text.sl_si91x_bus_rx_irq_handler
                0x0820bd74        0x4 ./wiseconnect3_sdk_3.3.3/components/device/silabs/si91x/wireless/host_mcu/si91x/siwx917_soc_ncp_host.o
                0x0820bd74                sl_si91x_bus_rx_irq_handler
 .text.sl_si91x_bus_rx_done_handler
                0x0820bd78        0x2 ./wiseconnect3_sdk_3.3.3/components/device/silabs/si91x/wireless/host_mcu/si91x/siwx917_soc_ncp_host.o
                0x0820bd78                sl_si91x_bus_rx_done_handler
 .text.sl_si91x_bus_init
                0x0820bd7a        0x4 ./wiseconnect3_sdk_3.3.3/components/device/silabs/si91x/wireless/host_mcu/si91x/siwx917_soc_ncp_host.o
                0x0820bd7a                sl_si91x_bus_init
 .text.sl_si91x_host_init
                0x0820bd7e        0xa ./wiseconnect3_sdk_3.3.3/components/device/silabs/si91x/wireless/host_mcu/si91x/siwx917_soc_ncp_host.o
                0x0820bd7e                sl_si91x_host_init
 .text.sl_si91x_host_deinit
                0x0820bd88        0x4 ./wiseconnect3_sdk_3.3.3/components/device/silabs/si91x/wireless/host_mcu/si91x/siwx917_soc_ncp_host.o
                0x0820bd88                sl_si91x_host_deinit
 .text.sl_si91x_host_hold_in_reset
                0x0820bd8c        0x2 ./wiseconnect3_sdk_3.3.3/components/device/silabs/si91x/wireless/host_mcu/si91x/siwx917_soc_ncp_host.o
                0x0820bd8c                sl_si91x_host_hold_in_reset
 .text.sl_si91x_host_release_from_reset
                0x0820bd8e        0x2 ./wiseconnect3_sdk_3.3.3/components/device/silabs/si91x/wireless/host_mcu/si91x/siwx917_soc_ncp_host.o
                0x0820bd8e                sl_si91x_host_release_from_reset
 .text.sl_si91x_host_enable_bus_interrupt
                0x0820bd90        0x2 ./wiseconnect3_sdk_3.3.3/components/device/silabs/si91x/wireless/host_mcu/si91x/siwx917_soc_ncp_host.o
                0x0820bd90                sl_si91x_host_enable_bus_interrupt
 .text.sl_si91x_host_disable_bus_interrupt
                0x0820bd92        0x2 ./wiseconnect3_sdk_3.3.3/components/device/silabs/si91x/wireless/host_mcu/si91x/siwx917_soc_ncp_host.o
                0x0820bd92                sl_si91x_host_disable_bus_interrupt
 .text.sl_si91x_host_is_in_irq_context
                0x0820bd94       0x14 ./wiseconnect3_sdk_3.3.3/components/device/silabs/si91x/wireless/host_mcu/si91x/siwx917_soc_ncp_host.o
                0x0820bd94                sl_si91x_host_is_in_irq_context
 .text.sl_si91x_send_ping
                0x0820bda8       0x88 ./wiseconnect3_sdk_3.3.3/components/device/silabs/si91x/wireless/icmp/sl_net_ping.o
                0x0820bda8                sl_si91x_send_ping
 .text.convert_si91x_dns_response
                0x0820be30       0x2a ./wiseconnect3_sdk_3.3.3/components/device/silabs/si91x/wireless/sl_net/src/sl_net_rsi_utility.o
                0x0820be30                convert_si91x_dns_response
 .text.convert_si91x_event_to_sl_net_event
                0x0820be5a       0x3c ./wiseconnect3_sdk_3.3.3/components/device/silabs/si91x/wireless/sl_net/src/sl_net_rsi_utility.o
                0x0820be5a                convert_si91x_event_to_sl_net_event
 .text.si91x_node_free_function
                0x0820be96        0x4 ./wiseconnect3_sdk_3.3.3/components/device/silabs/si91x/wireless/sl_net/src/sl_net_si91x_integration_handler.o
 *fill*         0x0820be9a        0x2 
 .text.sl_net_si91x_event_dispatch_handler
                0x0820be9c       0xe8 ./wiseconnect3_sdk_3.3.3/components/device/silabs/si91x/wireless/sl_net/src/sl_net_si91x_integration_handler.o
                0x0820be9c                sl_net_si91x_event_dispatch_handler
 .text.sli_si91x_network_cleanup_handler
                0x0820bf84        0x2 ./wiseconnect3_sdk_3.3.3/components/device/silabs/si91x/wireless/sl_net/src/sl_net_si91x_integration_handler.o
                0x0820bf84                sli_si91x_network_cleanup_handler
 .text.convert_to_si91x_cert_type
                0x0820bf86       0x86 ./wiseconnect3_sdk_3.3.3/components/device/silabs/si91x/wireless/sl_net/src/sl_si91x_net_credentials.o
 .text.sl_si91x_set_credential
                0x0820c00c       0x40 ./wiseconnect3_sdk_3.3.3/components/device/silabs/si91x/wireless/sl_net/src/sl_si91x_net_credentials.o
                0x0820c00c                sl_si91x_set_credential
 .text.sl_si91x_host_get_credentials
                0x0820c04c       0x4a ./wiseconnect3_sdk_3.3.3/components/device/silabs/si91x/wireless/sl_net/src/sl_si91x_net_credentials.o
                0x0820c04c                sl_si91x_host_get_credentials
 *fill*         0x0820c096        0x2 
 .text.sl_si91x_configure_ip_address
                0x0820c098      0x1a8 ./wiseconnect3_sdk_3.3.3/components/device/silabs/si91x/wireless/sl_net/src/sl_si91x_net_internal_stack.o
                0x0820c098                sl_si91x_configure_ip_address
 .text.si91x_socket_identification_function
                0x0820c240       0xac ./wiseconnect3_sdk_3.3.3/components/device/silabs/si91x/wireless/socket/src/sl_si91x_socket_utility.o
 .text.si91x_socket_node_free_function
                0x0820c2ec        0x4 ./wiseconnect3_sdk_3.3.3/components/device/silabs/si91x/wireless/socket/src/sl_si91x_socket_utility.o
 .text.handle_accept_response
                0x0820c2f0       0x4c ./wiseconnect3_sdk_3.3.3/components/device/silabs/si91x/wireless/socket/src/sl_si91x_socket_utility.o
                0x0820c2f0                handle_accept_response
 .text.handle_select_response
                0x0820c33c       0x70 ./wiseconnect3_sdk_3.3.3/components/device/silabs/si91x/wireless/socket/src/sl_si91x_socket_utility.o
                0x0820c33c                handle_select_response
 .text.sli_si91x_set_accept_callback
                0x0820c3ac        0xa ./wiseconnect3_sdk_3.3.3/components/device/silabs/si91x/wireless/socket/src/sl_si91x_socket_utility.o
                0x0820c3ac                sli_si91x_set_accept_callback
 .text.sl_si91x_config_socket
                0x0820c3b6       0x26 ./wiseconnect3_sdk_3.3.3/components/device/silabs/si91x/wireless/socket/src/sl_si91x_socket_utility.o
                0x0820c3b6                sl_si91x_config_socket
 .text.reset_socket_state
                0x0820c3dc       0x34 ./wiseconnect3_sdk_3.3.3/components/device/silabs/si91x/wireless/socket/src/sl_si91x_socket_utility.o
                0x0820c3dc                reset_socket_state
 .text.sl_si91x_vap_shutdown
                0x0820c410       0x38 ./wiseconnect3_sdk_3.3.3/components/device/silabs/si91x/wireless/socket/src/sl_si91x_socket_utility.o
                0x0820c410                sl_si91x_vap_shutdown
 .text.get_si91x_socket
                0x0820c448        0xc ./wiseconnect3_sdk_3.3.3/components/device/silabs/si91x/wireless/socket/src/sl_si91x_socket_utility.o
                0x0820c448                get_si91x_socket
 .text.get_free_socket
                0x0820c454       0x68 ./wiseconnect3_sdk_3.3.3/components/device/silabs/si91x/wireless/socket/src/sl_si91x_socket_utility.o
                0x0820c454                get_free_socket
 .text.is_port_available
                0x0820c4bc       0x24 ./wiseconnect3_sdk_3.3.3/components/device/silabs/si91x/wireless/socket/src/sl_si91x_socket_utility.o
                0x0820c4bc                is_port_available
 .text.sli_si91x_add_tls_extension
                0x0820c4e0       0x40 ./wiseconnect3_sdk_3.3.3/components/device/silabs/si91x/wireless/socket/src/sl_si91x_socket_utility.o
                0x0820c4e0                sli_si91x_add_tls_extension
 .text.sli_si91x_socket_identification_function_based_on_socketid
                0x0820c520       0xac ./wiseconnect3_sdk_3.3.3/components/device/silabs/si91x/wireless/socket/src/sl_si91x_socket_utility.o
                0x0820c520                sli_si91x_socket_identification_function_based_on_socketid
 .text.create_and_send_socket_request
                0x0820c5cc      0x224 ./wiseconnect3_sdk_3.3.3/components/device/silabs/si91x/wireless/socket/src/sl_si91x_socket_utility.o
                0x0820c5cc                create_and_send_socket_request
 .text.sli_si91x_sync_accept_command
                0x0820c7f0       0x3a ./wiseconnect3_sdk_3.3.3/components/device/silabs/si91x/wireless/socket/src/sl_si91x_socket_utility.o
                0x0820c7f0                sli_si91x_sync_accept_command
 *fill*         0x0820c82a        0x2 
 .text.si91x_socket_event_handler
                0x0820c82c      0x198 ./wiseconnect3_sdk_3.3.3/components/device/silabs/si91x/wireless/socket/src/sl_si91x_socket_utility.o
                0x0820c82c                si91x_socket_event_handler
 .text.sl_si91x_socket_driver_send_command
                0x0820c9c4       0x58 ./wiseconnect3_sdk_3.3.3/components/device/silabs/si91x/wireless/socket/src/sl_si91x_socket_utility.o
                0x0820c9c4                sl_si91x_socket_driver_send_command
 .text.sli_si91x_shutdown
                0x0820ca1c       0xf4 ./wiseconnect3_sdk_3.3.3/components/device/silabs/si91x/wireless/socket/src/sl_si91x_socket_utility.o
                0x0820ca1c                sli_si91x_shutdown
 .text.sli_si91x_connect
                0x0820cb10       0xe4 ./wiseconnect3_sdk_3.3.3/components/device/silabs/si91x/wireless/socket/src/sl_si91x_socket_utility.o
                0x0820cb10                sli_si91x_connect
 .text.sli_si91x_bind
                0x0820cbf4       0xa4 ./wiseconnect3_sdk_3.3.3/components/device/silabs/si91x/wireless/socket/src/sl_si91x_socket_utility.o
                0x0820cbf4                sli_si91x_bind
 .text.sl_si91x_register_event_handler
                0x0820cc98        0xc ./wiseconnect3_sdk_3.3.3/components/device/silabs/si91x/wireless/src/sl_si91x_callback_framework.o
                0x0820cc98                sl_si91x_register_event_handler
 .text.sl_si91x_default_handler
                0x0820cca4       0x94 ./wiseconnect3_sdk_3.3.3/components/device/silabs/si91x/wireless/src/sl_si91x_callback_framework.o
                0x0820cca4                sl_si91x_default_handler
 .text.get_configured_join_request
                0x0820cd38      0x118 ./wiseconnect3_sdk_3.3.3/components/protocol/wifi/si91x/sl_wifi.o
 .text.sl_wifi_init
                0x0820ce50       0x2e ./wiseconnect3_sdk_3.3.3/components/protocol/wifi/si91x/sl_wifi.o
                0x0820ce50                sl_wifi_init
 .text.sl_wifi_wait_for_scan_results
                0x0820ce7e        0x4 ./wiseconnect3_sdk_3.3.3/components/protocol/wifi/si91x/sl_wifi.o
                0x0820ce7e                sl_wifi_wait_for_scan_results
 .text.sl_wifi_set_mac_address
                0x0820ce82       0x26 ./wiseconnect3_sdk_3.3.3/components/protocol/wifi/si91x/sl_wifi.o
                0x0820ce82                sl_wifi_set_mac_address
 .text.sl_wifi_get_mac_address
                0x0820cea8       0x80 ./wiseconnect3_sdk_3.3.3/components/protocol/wifi/si91x/sl_wifi.o
                0x0820cea8                sl_wifi_get_mac_address
 .text.sl_wifi_start_ap
                0x0820cf28      0x1c0 ./wiseconnect3_sdk_3.3.3/components/protocol/wifi/si91x/sl_wifi.o
                0x0820cf28                sl_wifi_start_ap
 .text.sl_wifi_get_pairwise_master_key
                0x0820d0e8       0x94 ./wiseconnect3_sdk_3.3.3/components/protocol/wifi/si91x/sl_wifi.o
                0x0820d0e8                sl_wifi_get_pairwise_master_key
 .text.sl_wifi_get_ap_client_info
                0x0820d17c       0x9c ./wiseconnect3_sdk_3.3.3/components/protocol/wifi/si91x/sl_wifi.o
                0x0820d17c                sl_wifi_get_ap_client_info
 .text.sl_wifi_get_firmware_version
                0x0820d218        0x4 ./wiseconnect3_sdk_3.3.3/components/protocol/wifi/si91x/sl_wifi.o
                0x0820d218                sl_wifi_get_firmware_version
 .text.sl_wifi_set_performance_profile
                0x0820d21c       0x8c ./wiseconnect3_sdk_3.3.3/components/protocol/wifi/si91x/sl_wifi.o
                0x0820d21c                sl_wifi_set_performance_profile
 .text.sl_wifi_get_performance_profile
                0x0820d2a8       0x18 ./wiseconnect3_sdk_3.3.3/components/protocol/wifi/si91x/sl_wifi.o
                0x0820d2a8                sl_wifi_get_performance_profile
 .text.sl_wifi_get_default_interface
                0x0820d2c0        0xc ./wiseconnect3_sdk_3.3.3/components/protocol/wifi/si91x/sl_wifi.o
                0x0820d2c0                sl_wifi_get_default_interface
 .text.sl_wifi_set_default_interface
                0x0820d2cc        0xc ./wiseconnect3_sdk_3.3.3/components/protocol/wifi/si91x/sl_wifi.o
                0x0820d2cc                sl_wifi_set_default_interface
 .text.sl_wifi_deinit
                0x0820d2d8       0x3c ./wiseconnect3_sdk_3.3.3/components/protocol/wifi/si91x/sl_wifi.o
                0x0820d2d8                sl_wifi_deinit
 .text.sl_wifi_is_interface_up
                0x0820d314       0x78 ./wiseconnect3_sdk_3.3.3/components/protocol/wifi/si91x/sl_wifi.o
                0x0820d314                sl_wifi_is_interface_up
 .text.sl_wifi_set_antenna
                0x0820d38c       0x4c ./wiseconnect3_sdk_3.3.3/components/protocol/wifi/si91x/sl_wifi.o
                0x0820d38c                sl_wifi_set_antenna
 .text.sl_wifi_start_scan
                0x0820d3d8      0x154 ./wiseconnect3_sdk_3.3.3/components/protocol/wifi/si91x/sl_wifi.o
                0x0820d3d8                sl_wifi_start_scan
 .text.sl_wifi_connect
                0x0820d52c      0x340 ./wiseconnect3_sdk_3.3.3/components/protocol/wifi/si91x/sl_wifi.o
                0x0820d52c                sl_wifi_connect
 .text.sl_wifi_set_advanced_client_configuration
                0x0820d86c       0xa0 ./wiseconnect3_sdk_3.3.3/components/protocol/wifi/si91x/sl_wifi.o
                0x0820d86c                sl_wifi_set_advanced_client_configuration
 .text.sl_wifi_get_signal_strength
                0x0820d90c       0x78 ./wiseconnect3_sdk_3.3.3/components/protocol/wifi/si91x/sl_wifi.o
                0x0820d90c                sl_wifi_get_signal_strength
 .text.sl_wifi_set_channel
                0x0820d984       0x24 ./wiseconnect3_sdk_3.3.3/components/protocol/wifi/si91x/sl_wifi.o
                0x0820d984                sl_wifi_set_channel
 .text.sl_wifi_get_channel
                0x0820d9a8       0x8c ./wiseconnect3_sdk_3.3.3/components/protocol/wifi/si91x/sl_wifi.o
                0x0820d9a8                sl_wifi_get_channel
 .text.sl_wifi_set_max_tx_power
                0x0820da34       0x44 ./wiseconnect3_sdk_3.3.3/components/protocol/wifi/si91x/sl_wifi.o
                0x0820da34                sl_wifi_set_max_tx_power
 .text.sl_wifi_get_max_tx_power
                0x0820da78       0x38 ./wiseconnect3_sdk_3.3.3/components/protocol/wifi/si91x/sl_wifi.o
                0x0820da78                sl_wifi_get_max_tx_power
 .text.sl_wifi_disconnect_ap_client
                0x0820dab0       0x54 ./wiseconnect3_sdk_3.3.3/components/protocol/wifi/si91x/sl_wifi.o
                0x0820dab0                sl_wifi_disconnect_ap_client
 .text.sl_wifi_disconnect
                0x0820db04       0x70 ./wiseconnect3_sdk_3.3.3/components/protocol/wifi/si91x/sl_wifi.o
                0x0820db04                sl_wifi_disconnect
 .text.sl_wifi_stop_ap